Wildfire-RL — Reproducibility Certification (LOCAL)
===================================================
timestamp : 20260703_164252
git_sha   : a764ede
scope     : LOCAL certification (artifact integrity + gates + provenance + tests).
            External clean-clone-from-remote + HF fetch is PENDING owner push/upload (see below).

ARTIFACT INTEGRITY (sha256 vs manifest)
  results/models_manifest.json ... 162/162 verified, 0 changed, 0 missing
  results/data_manifest.json ..... 40/40   verified, 0 changed, 0 missing
  data_manifest.json   sha256 bcfaa5df4236ecd5...
  models_manifest.json sha256 9f8970c0195dab1a...
  ppo_saudi_32_seed_0.zip       4a2e7237b3d0aca0...  (13,537,151 B)
  ppo_california_32_seed_0.zip  3a576f47627ca5e2...  (13,537,156 B)
  saudi   state_tensor.npy      57ee7d48e52f6275...
  california state_tensor.npy   f7e2d933c359bbdf...

GATES
  validate_tensors.py ......... exit 0  (all state tensors + criticality in [0,1], shape (7,H,W))
  check_seed_integrity.py ..... exit 0  (34 distinct checkpoints; California collapse = honest WARN)
  validate_learning_gate.py ... exit 0  (effective-method gate PASS)
      saudi:      nearest_fire 2.10 << noop 33.34 ; PPO 32.58 -> negative result
      california: nearest_fire 0.00 << noop 182.82; PPO 184.77 -> negative result

PROVENANCE
  report tables regenerate byte-identically (build_report_tables.py idempotent)
  report §16 tables carry source: CSV + sha256 comments
  run manifests ... 10 (train_{saudi,california}_seed_0..4/manifest.json)
  training curves . 10 (curve.csv per run)
  figures ......... 25 PNG regenerated from CSVs

TESTS
  pytest ... 72 passed
  lint ..... black --check clean + ruff clean (76 files)
  CI ....... validate job blocking (determinism, tensors, seed-integrity, gate, report-consistency)

NOT RUN (by design)
  make reproduce (full retrain): NOT executed locally — it retrains all models from scratch and on
  CPU would (a) take ~10h undertrained and (b) OVERWRITE the authoritative Colab-T4 checkpoints.
  The authoritative models are the Colab-trained artifacts; downstream eval->figures->tables->gates
  reproduce deterministically FROM them (verified above).

PENDING for EXTERNAL (third-party) certification — requires owner action:
  1. git commit + push this remediated tree (no commits were made by the assistant).
  2. Upload models/*.zip to the HF Hub repo referenced by scripts/fetch_models.py.
  3. On a clean clone: pip install -r requirements.lock.txt; fetch_models.py --verify
     results/models_manifest.json; validate_tensors.py; check_seed_integrity.py;
     validate_learning_gate.py; pytest -q.
