Phase-3 MULTI-SEED | regions=['saudi', 'california'] methods=['hiercomm'] train_seeds=[42, 1042, 2042, 3042, 4042] eval_seeds=[42, 1042, 2042, 3042, 4042] parallel=3 steps=100000
[LAUNCH] hiercomm/saudi/s42 pid=725 (active 1/3)
[LAUNCH] hiercomm/saudi/s1042 pid=726 (active 2/3)
[LAUNCH] hiercomm/saudi/s2042 pid=727 (active 3/3)
[LAUNCH] hiercomm/saudi/s3042 pid=22765 (active 3/3)
[LAUNCH] hiercomm/saudi/s4042 pid=22787 (active 3/3)
[LAUNCH] hiercomm/california/s42 pid=23370 (active 3/3)
[LAUNCH] hiercomm/california/s1042 pid=41895 (active 3/3)
[LAUNCH] hiercomm/california/s2042 pid=42393 (active 3/3)
[LAUNCH] hiercomm/california/s3042 pid=43072 (active 3/3)
[LAUNCH] hiercomm/california/s4042 pid=58204 (active 3/3)
[PARALLEL] 10 jobs finished, 0 failed
[EVAL] hiercomm/saudi: WEL per-seed=[4.95, 4.67, 9.61, 5.2, 5.65]
[EVAL] hiercomm/california: WEL per-seed=[7.25, 5.83, 8.83, 9.71, 9.37]

========= MULTI-SEED SUMMARY (mean +/- std over training seeds) =========

SAUDI
  HierComm (ours)        WEL   6.02 +/- 2.04  ISR 0.823  (n=5)

CALIFORNIA
  HierComm (ours)        WEL   8.20 +/- 1.63  ISR 0.759  (n=5)

Artifacts -> wildfire_phase3_hiercomm_learned/ (phase3_raw.csv, phase3_summary.json, phase3_main_table.tex)
