/home/ali_akarma/venvs/wildfire-marl/lib/python3.12/site-packages/torch/cuda/__init__.py:187: UserWarning: CUDA initialization: The NVIDIA driver on your system is too old (found version 12090). Please update your GPU driver by downloading and installing a new version from the URL: http://www.nvidia.com/Download/index.aspx Alternatively, go to: https://pytorch.org to install a PyTorch version that has been compiled with your version of the CUDA driver. (Triggered internally at /pytorch/c10/cuda/CUDAFunctions.cpp:119.)
  return torch._C._cuda_getDeviceCount() > 0

[TRAIN] hiercomm / saudi / seed 2042 (100000 steps)...
Generating demonstrations for behavior cloning (40 episodes)...
Collected 600 transitions. Training BC for 100 epochs...
BC Epoch 0/100 | Loss: 12.8877
BC Epoch 20/100 | Loss: 2.0606
BC Epoch 40/100 | Loss: 1.0590
BC Epoch 60/100 | Loss: 0.7291
BC Epoch 80/100 | Loss: 0.5117
[BC] Collecting tactical demonstrations (30 episodes)...
[BC] Training tactical actor for 60 epochs on 3589 timesteps...
[BC] epoch 0/60 loss 22.820
[BC] epoch 15/60 loss 14.795
[BC] epoch 30/60 loss 10.894
[BC] epoch 45/60 loss 9.039
Steps 1627/100000 | ep_return(10) -28.84 | last WEL 13.0 ISR 0.571
Steps 3127/100000 | ep_return(10) -32.92 | last WEL 9.0 ISR 0.714
Steps 4627/100000 | ep_return(10) -33.26 | last WEL 13.0 ISR 0.571
Steps 6174/100000 | ep_return(10) -34.95 | last WEL 13.0 ISR 0.714
Steps 7786/100000 | ep_return(10) -34.19 | last WEL 9.0 ISR 0.714
Steps 9400/100000 | ep_return(10) -35.07 | last WEL 23.0 ISR 0.429
Steps 10964/100000 | ep_return(10) -33.38 | last WEL 17.0 ISR 0.429
Steps 12464/100000 | ep_return(10) -35.21 | last WEL 23.0 ISR 0.429
Steps 14020/100000 | ep_return(10) -35.84 | last WEL 19.0 ISR 0.571
Steps 15643/100000 | ep_return(10) -28.90 | last WEL 9.0 ISR 0.714
Steps 17193/100000 | ep_return(10) -26.75 | last WEL 9.0 ISR 0.714
Steps 18693/100000 | ep_return(10) -31.06 | last WEL 14.0 ISR 0.714
Steps 20272/100000 | ep_return(10) -23.87 | last WEL 4.0 ISR 0.857
Steps 21797/100000 | ep_return(10) -38.56 | last WEL 4.0 ISR 0.857
Steps 23347/100000 | ep_return(10) -31.35 | last WEL 4.0 ISR 0.857
Steps 24906/100000 | ep_return(10) -32.23 | last WEL 3.0 ISR 0.857
Steps 26477/100000 | ep_return(10) -32.60 | last WEL 9.0 ISR 0.714
Steps 28014/100000 | ep_return(10) -27.69 | last WEL 13.0 ISR 0.571
Steps 29553/100000 | ep_return(10) -27.29 | last WEL 4.0 ISR 0.857
Steps 31169/100000 | ep_return(10) -31.57 | last WEL 9.0 ISR 0.714
Steps 32800/100000 | ep_return(10) -27.79 | last WEL 13.0 ISR 0.571
Steps 34336/100000 | ep_return(10) -26.63 | last WEL 16.0 ISR 0.714
Steps 35891/100000 | ep_return(10) -31.02 | last WEL 19.0 ISR 0.571
Steps 37526/100000 | ep_return(10) -27.76 | last WEL 19.0 ISR 0.571
Steps 39026/100000 | ep_return(10) -24.42 | last WEL 10.0 ISR 0.857
Steps 40646/100000 | ep_return(10) -24.47 | last WEL 17.0 ISR 0.429
Steps 42234/100000 | ep_return(10) -32.55 | last WEL 13.0 ISR 0.571
Steps 43734/100000 | ep_return(10) -33.47 | last WEL 4.0 ISR 0.857
Steps 45310/100000 | ep_return(10) -32.26 | last WEL 19.0 ISR 0.571
Steps 46907/100000 | ep_return(10) -27.44 | last WEL 13.0 ISR 0.571
Steps 48476/100000 | ep_return(10) -25.87 | last WEL 14.0 ISR 0.714
Steps 50115/100000 | ep_return(10) -34.88 | last WEL 23.0 ISR 0.429
Steps 51705/100000 | ep_return(10) -26.66 | last WEL 13.0 ISR 0.571
Steps 53345/100000 | ep_return(10) -24.56 | last WEL 13.0 ISR 0.571
Steps 54916/100000 | ep_return(10) -29.03 | last WEL 19.0 ISR 0.571
Steps 56416/100000 | ep_return(10) -31.45 | last WEL 9.0 ISR 0.714
Steps 57916/100000 | ep_return(10) -32.29 | last WEL 23.0 ISR 0.429
Steps 59416/100000 | ep_return(10) -31.23 | last WEL 4.0 ISR 0.857
Steps 60916/100000 | ep_return(10) -36.17 | last WEL 23.0 ISR 0.429
Steps 62554/100000 | ep_return(10) -25.72 | last WEL 19.0 ISR 0.571
Steps 64144/100000 | ep_return(10) -33.35 | last WEL 27.0 ISR 0.286
Steps 65691/100000 | ep_return(10) -23.61 | last WEL 3.0 ISR 0.857
Steps 67290/100000 | ep_return(10) -25.32 | last WEL 9.0 ISR 0.714
Steps 68790/100000 | ep_return(10) -18.35 | last WEL 4.0 ISR 0.857
Steps 70390/100000 | ep_return(10) -20.45 | last WEL 4.0 ISR 0.857
Steps 71890/100000 | ep_return(10) -23.38 | last WEL 8.0 ISR 0.714
Steps 73512/100000 | ep_return(10) -28.48 | last WEL 4.0 ISR 0.857
Steps 75012/100000 | ep_return(10) -23.75 | last WEL 23.0 ISR 0.429
Steps 76648/100000 | ep_return(10) -20.82 | last WEL 4.0 ISR 0.857
Steps 78148/100000 | ep_return(10) -23.75 | last WEL 9.0 ISR 0.714
Steps 79687/100000 | ep_return(10) -26.24 | last WEL 8.0 ISR 0.714
Steps 81220/100000 | ep_return(10) -22.15 | last WEL 10.0 ISR 0.857
Steps 82844/100000 | ep_return(10) -23.90 | last WEL 4.0 ISR 0.857
Steps 84423/100000 | ep_return(10) -24.64 | last WEL 0.0 ISR 1.000
Steps 86072/100000 | ep_return(10) -24.01 | last WEL 19.0 ISR 0.571
Steps 87709/100000 | ep_return(10) -22.13 | last WEL 19.0 ISR 0.571
Steps 89244/100000 | ep_return(10) -21.22 | last WEL 14.0 ISR 0.714
Steps 90880/100000 | ep_return(10) -21.66 | last WEL 0.0 ISR 1.000
Steps 92425/100000 | ep_return(10) -26.06 | last WEL 4.0 ISR 0.857
Steps 93935/100000 | ep_return(10) -27.37 | last WEL 23.0 ISR 0.429
Steps 95530/100000 | ep_return(10) -31.48 | last WEL 23.0 ISR 0.429
Steps 97140/100000 | ep_return(10) -33.81 | last WEL 23.0 ISR 0.429
Steps 98744/100000 | ep_return(10) -29.70 | last WEL 23.0 ISR 0.429
Steps 100328/100000 | ep_return(10) -23.59 | last WEL 0.0 ISR 1.000
[TRAIN] hiercomm/saudi/s2042 done in 30.3 min -> wildfire_phase3_hiercomm_learned/checkpoint_hiercomm_saudi_s2042.pt
