/home/ali_akarma/venvs/wildfire-marl/lib/python3.12/site-packages/torch/cuda/__init__.py:187: UserWarning: CUDA initialization: The NVIDIA driver on your system is too old (found version 12090). Please update your GPU driver by downloading and installing a new version from the URL: http://www.nvidia.com/Download/index.aspx Alternatively, go to: https://pytorch.org to install a PyTorch version that has been compiled with your version of the CUDA driver. (Triggered internally at /pytorch/c10/cuda/CUDAFunctions.cpp:119.)
  return torch._C._cuda_getDeviceCount() > 0

[TRAIN] hiercomm / california / seed 3042 (100000 steps)...
Generating demonstrations for behavior cloning (40 episodes)...
Collected 549 transitions. Training BC for 100 epochs...
BC Epoch 0/100 | Loss: 17.8960
BC Epoch 20/100 | Loss: 3.9215
BC Epoch 40/100 | Loss: 1.9920
BC Epoch 60/100 | Loss: 1.4801
BC Epoch 80/100 | Loss: 1.1705
[BC] Collecting tactical demonstrations (30 episodes)...
[BC] Training tactical actor for 60 epochs on 2739 timesteps...
[BC] epoch 0/60 loss 17.068
[BC] epoch 15/60 loss 10.303
[BC] epoch 30/60 loss 7.667
[BC] epoch 45/60 loss 5.833
Steps 1538/100000 | ep_return(10) -38.01 | last WEL 0.0 ISR 1.000
Steps 3042/100000 | ep_return(10) -54.00 | last WEL 28.0 ISR 0.167
Steps 4667/100000 | ep_return(10) -45.83 | last WEL 18.0 ISR 0.333
Steps 6273/100000 | ep_return(10) -54.83 | last WEL 22.0 ISR 0.333
Steps 7818/100000 | ep_return(10) -50.58 | last WEL 6.0 ISR 0.833
Steps 9362/100000 | ep_return(10) -57.25 | last WEL 19.0 ISR 0.500
Steps 10880/100000 | ep_return(10) -49.61 | last WEL 15.0 ISR 0.500
Steps 12426/100000 | ep_return(10) -52.34 | last WEL 16.0 ISR 0.500
Steps 13927/100000 | ep_return(10) -56.25 | last WEL 28.0 ISR 0.167
Steps 15468/100000 | ep_return(10) -53.28 | last WEL 28.0 ISR 0.167
Steps 17116/100000 | ep_return(10) -39.99 | last WEL 28.0 ISR 0.167
Steps 18729/100000 | ep_return(10) -47.16 | last WEL 18.0 ISR 0.333
Steps 20269/100000 | ep_return(10) -42.37 | last WEL 22.0 ISR 0.333
Steps 21782/100000 | ep_return(10) -46.19 | last WEL 9.0 ISR 0.667
Steps 23309/100000 | ep_return(10) -50.02 | last WEL 28.0 ISR 0.167
Steps 24946/100000 | ep_return(10) -49.82 | last WEL 28.0 ISR 0.167
Steps 26460/100000 | ep_return(10) -55.48 | last WEL 6.0 ISR 0.833
Steps 28094/100000 | ep_return(10) -17.04 | last WEL 22.0 ISR 0.333
Steps 29621/100000 | ep_return(10) -40.61 | last WEL 28.0 ISR 0.167
Steps 31233/100000 | ep_return(10) -43.15 | last WEL 22.0 ISR 0.333
Steps 32827/100000 | ep_return(10) -28.83 | last WEL 18.0 ISR 0.333
Steps 34366/100000 | ep_return(10) -19.60 | last WEL 6.0 ISR 0.833
Steps 35970/100000 | ep_return(10) -24.83 | last WEL 19.0 ISR 0.500
Steps 37500/100000 | ep_return(10) -27.88 | last WEL 6.0 ISR 0.833
Steps 39021/100000 | ep_return(10) -15.09 | last WEL 6.0 ISR 0.833
Steps 40537/100000 | ep_return(10) -19.70 | last WEL 16.0 ISR 0.667
Steps 42084/100000 | ep_return(10) -26.71 | last WEL 6.0 ISR 0.833
Steps 43701/100000 | ep_return(10) -28.37 | last WEL 19.0 ISR 0.500
Steps 45266/100000 | ep_return(10) -31.86 | last WEL 16.0 ISR 0.667
Steps 46766/100000 | ep_return(10) -24.05 | last WEL 22.0 ISR 0.333
Steps 48307/100000 | ep_return(10) -15.11 | last WEL 3.0 ISR 0.833
Steps 49925/100000 | ep_return(10) -29.41 | last WEL 12.0 ISR 0.667
Steps 51472/100000 | ep_return(10) -21.82 | last WEL 6.0 ISR 0.833
Steps 52988/100000 | ep_return(10) -24.51 | last WEL 9.0 ISR 0.667
Steps 54489/100000 | ep_return(10) -27.39 | last WEL 6.0 ISR 0.833
Steps 56013/100000 | ep_return(10) -42.86 | last WEL 22.0 ISR 0.333
Steps 57590/100000 | ep_return(10) -17.75 | last WEL 6.0 ISR 0.833
Steps 59209/100000 | ep_return(10) -27.01 | last WEL 16.0 ISR 0.667
Steps 60710/100000 | ep_return(10) -24.33 | last WEL 0.0 ISR 1.000
Steps 62231/100000 | ep_return(10) -14.28 | last WEL 6.0 ISR 0.833
Steps 63876/100000 | ep_return(10) -27.19 | last WEL 9.0 ISR 0.667
Steps 65496/100000 | ep_return(10) -32.81 | last WEL 6.0 ISR 0.833
Steps 67025/100000 | ep_return(10) -29.12 | last WEL 6.0 ISR 0.833
Steps 68534/100000 | ep_return(10) -22.78 | last WEL 3.0 ISR 0.833
Steps 70159/100000 | ep_return(10) -24.09 | last WEL 0.0 ISR 1.000
Steps 71741/100000 | ep_return(10) -25.64 | last WEL 6.0 ISR 0.667
Steps 73370/100000 | ep_return(10) -14.64 | last WEL 16.0 ISR 0.667
Steps 74935/100000 | ep_return(10) -17.78 | last WEL 6.0 ISR 0.833
Steps 76438/100000 | ep_return(10) -18.11 | last WEL 6.0 ISR 0.833
Steps 77964/100000 | ep_return(10) -15.78 | last WEL 6.0 ISR 0.833
Steps 79573/100000 | ep_return(10) -27.29 | last WEL 12.0 ISR 0.500
Steps 81080/100000 | ep_return(10) -21.59 | last WEL 0.0 ISR 1.000
Steps 82600/100000 | ep_return(10) -20.41 | last WEL 6.0 ISR 0.833
Steps 84245/100000 | ep_return(10) -20.57 | last WEL 15.0 ISR 0.500
Steps 85786/100000 | ep_return(10) -21.61 | last WEL 6.0 ISR 0.833
Steps 87286/100000 | ep_return(10) -17.62 | last WEL 6.0 ISR 0.833
Steps 88933/100000 | ep_return(10) -25.80 | last WEL 16.0 ISR 0.667
Steps 90511/100000 | ep_return(10) -27.03 | last WEL 22.0 ISR 0.333
Steps 92091/100000 | ep_return(10) -14.51 | last WEL 9.0 ISR 0.667
Steps 93676/100000 | ep_return(10) -24.51 | last WEL 15.0 ISR 0.500
Steps 95301/100000 | ep_return(10) -22.91 | last WEL 19.0 ISR 0.500
Steps 96831/100000 | ep_return(10) -28.39 | last WEL 22.0 ISR 0.500
Steps 98425/100000 | ep_return(10) -26.52 | last WEL 9.0 ISR 0.667
Steps 100030/100000 | ep_return(10) -29.06 | last WEL 6.0 ISR 0.833
[TRAIN] hiercomm/california/s3042 done in 25.4 min -> wildfire_phase3_hiercomm_learned/checkpoint_hiercomm_california_s3042.pt
