/home/ali_akarma/venvs/wildfire-marl/lib/python3.12/site-packages/torch/cuda/__init__.py:187: UserWarning: CUDA initialization: The NVIDIA driver on your system is too old (found version 12090). Please update your GPU driver by downloading and installing a new version from the URL: http://www.nvidia.com/Download/index.aspx Alternatively, go to: https://pytorch.org to install a PyTorch version that has been compiled with your version of the CUDA driver. (Triggered internally at /pytorch/c10/cuda/CUDAFunctions.cpp:119.)
  return torch._C._cuda_getDeviceCount() > 0

[TRAIN] hiercomm / california / seed 4042 (100000 steps)...
Generating demonstrations for behavior cloning (40 episodes)...
Collected 549 transitions. Training BC for 100 epochs...
BC Epoch 0/100 | Loss: 16.4586
BC Epoch 20/100 | Loss: 3.4597
BC Epoch 40/100 | Loss: 1.9334
BC Epoch 60/100 | Loss: 1.4452
BC Epoch 80/100 | Loss: 1.1355
[BC] Collecting tactical demonstrations (30 episodes)...
[BC] Training tactical actor for 60 epochs on 2739 timesteps...
[BC] epoch 0/60 loss 16.944
[BC] epoch 15/60 loss 10.468
[BC] epoch 30/60 loss 7.964
[BC] epoch 45/60 loss 5.963
Steps 1546/100000 | ep_return(10) -35.58 | last WEL 25.0 ISR 0.333
Steps 3116/100000 | ep_return(10) -24.18 | last WEL 6.0 ISR 0.833
Steps 4636/100000 | ep_return(10) -36.67 | last WEL 6.0 ISR 0.833
Steps 6189/100000 | ep_return(10) -33.09 | last WEL 16.0 ISR 0.667
Steps 7743/100000 | ep_return(10) -38.52 | last WEL 16.0 ISR 0.500
Steps 9385/100000 | ep_return(10) -47.37 | last WEL 34.0 ISR 0.000
Steps 10927/100000 | ep_return(10) -32.99 | last WEL 6.0 ISR 0.833
Steps 12459/100000 | ep_return(10) -41.11 | last WEL 12.0 ISR 0.500
Steps 14052/100000 | ep_return(10) -39.13 | last WEL 16.0 ISR 0.667
Steps 15589/100000 | ep_return(10) -21.09 | last WEL 6.0 ISR 0.833
Steps 17130/100000 | ep_return(10) -23.18 | last WEL 6.0 ISR 0.833
Steps 18725/100000 | ep_return(10) -33.38 | last WEL 12.0 ISR 0.500
Steps 20236/100000 | ep_return(10) -21.92 | last WEL 12.0 ISR 0.667
Steps 21746/100000 | ep_return(10) -32.70 | last WEL 6.0 ISR 0.833
Steps 23386/100000 | ep_return(10) -29.97 | last WEL 22.0 ISR 0.333
Steps 24905/100000 | ep_return(10) -32.12 | last WEL 12.0 ISR 0.500
Steps 26551/100000 | ep_return(10) -33.35 | last WEL 9.0 ISR 0.667
Steps 28051/100000 | ep_return(10) -20.37 | last WEL 6.0 ISR 0.833
Steps 29617/100000 | ep_return(10) -20.92 | last WEL 12.0 ISR 0.667
Steps 31201/100000 | ep_return(10) -22.83 | last WEL 9.0 ISR 0.667
Steps 32784/100000 | ep_return(10) -25.16 | last WEL 6.0 ISR 0.833
Steps 34375/100000 | ep_return(10) -30.23 | last WEL 16.0 ISR 0.500
Steps 35924/100000 | ep_return(10) -23.25 | last WEL 6.0 ISR 0.833
Steps 37563/100000 | ep_return(10) -31.14 | last WEL 6.0 ISR 0.833
Steps 39160/100000 | ep_return(10) -34.44 | last WEL 6.0 ISR 0.833
Steps 40786/100000 | ep_return(10) -28.06 | last WEL 13.0 ISR 0.667
Steps 42320/100000 | ep_return(10) -21.46 | last WEL 6.0 ISR 0.833
Steps 43872/100000 | ep_return(10) -30.45 | last WEL 19.0 ISR 0.500
Steps 45386/100000 | ep_return(10) -21.15 | last WEL 6.0 ISR 0.833
Steps 46888/100000 | ep_return(10) -21.46 | last WEL 19.0 ISR 0.500
Steps 48418/100000 | ep_return(10) -21.06 | last WEL 6.0 ISR 0.833
Steps 49946/100000 | ep_return(10) -23.77 | last WEL 6.0 ISR 0.833
Steps 51448/100000 | ep_return(10) -14.40 | last WEL 6.0 ISR 0.833
Steps 53012/100000 | ep_return(10) -16.48 | last WEL 6.0 ISR 0.833
Steps 54548/100000 | ep_return(10) -18.09 | last WEL 9.0 ISR 0.667
Steps 56156/100000 | ep_return(10) -21.60 | last WEL 15.0 ISR 0.500
Steps 57694/100000 | ep_return(10) -18.36 | last WEL 6.0 ISR 0.833
Steps 59305/100000 | ep_return(10) -19.93 | last WEL 6.0 ISR 0.833
Steps 60869/100000 | ep_return(10) -19.38 | last WEL 6.0 ISR 0.833
Steps 62372/100000 | ep_return(10) -18.68 | last WEL 6.0 ISR 0.833
Steps 63911/100000 | ep_return(10) -17.87 | last WEL 6.0 ISR 0.833
Steps 65415/100000 | ep_return(10) -16.70 | last WEL 6.0 ISR 0.833
Steps 67006/100000 | ep_return(10) -25.69 | last WEL 12.0 ISR 0.667
Steps 68638/100000 | ep_return(10) -22.83 | last WEL 19.0 ISR 0.500
Steps 70182/100000 | ep_return(10) -17.45 | last WEL 9.0 ISR 0.667
Steps 71749/100000 | ep_return(10) -21.35 | last WEL 16.0 ISR 0.667
Steps 73308/100000 | ep_return(10) -43.09 | last WEL 6.0 ISR 0.833
Steps 74817/100000 | ep_return(10) -22.14 | last WEL 6.0 ISR 0.833
Steps 76404/100000 | ep_return(10) -29.33 | last WEL 19.0 ISR 0.500
Steps 77991/100000 | ep_return(10) -32.87 | last WEL 19.0 ISR 0.500
Steps 79538/100000 | ep_return(10) -42.17 | last WEL 28.0 ISR 0.167
Steps 81106/100000 | ep_return(10) -36.87 | last WEL 22.0 ISR 0.333
Steps 82614/100000 | ep_return(10) -26.05 | last WEL 6.0 ISR 0.833
Steps 84221/100000 | ep_return(10) -34.42 | last WEL 19.0 ISR 0.500
Steps 85856/100000 | ep_return(10) -43.13 | last WEL 13.0 ISR 0.667
Steps 87499/100000 | ep_return(10) -25.55 | last WEL 6.0 ISR 0.833
Steps 89006/100000 | ep_return(10) -27.39 | last WEL 16.0 ISR 0.667
Steps 90527/100000 | ep_return(10) -13.69 | last WEL 0.0 ISR 1.000
Steps 92095/100000 | ep_return(10) -21.41 | last WEL 9.0 ISR 0.667
Steps 93624/100000 | ep_return(10) -30.39 | last WEL 6.0 ISR 0.833
Steps 95210/100000 | ep_return(10) -29.79 | last WEL 9.0 ISR 0.667
Steps 96797/100000 | ep_return(10) -21.41 | last WEL 6.0 ISR 0.833
Steps 98301/100000 | ep_return(10) -34.67 | last WEL 6.0 ISR 0.833
Steps 99943/100000 | ep_return(10) -32.26 | last WEL 10.0 ISR 0.833
Steps 101487/100000 | ep_return(10) -24.60 | last WEL 6.0 ISR 0.833
[TRAIN] hiercomm/california/s4042 done in 22.1 min -> wildfire_phase3_hiercomm_learned/checkpoint_hiercomm_california_s4042.pt
