/home/ali_akarma/venvs/wildfire-marl/lib/python3.12/site-packages/torch/cuda/__init__.py:187: UserWarning: CUDA initialization: The NVIDIA driver on your system is too old (found version 12090). Please update your GPU driver by downloading and installing a new version from the URL: http://www.nvidia.com/Download/index.aspx Alternatively, go to: https://pytorch.org to install a PyTorch version that has been compiled with your version of the CUDA driver. (Triggered internally at /pytorch/c10/cuda/CUDAFunctions.cpp:119.)
  return torch._C._cuda_getDeviceCount() > 0

[TRAIN] hiercomm / california / seed 2042 (100000 steps)...
Generating demonstrations for behavior cloning (40 episodes)...
Collected 549 transitions. Training BC for 100 epochs...
BC Epoch 0/100 | Loss: 10.5820
BC Epoch 20/100 | Loss: 3.1628
BC Epoch 40/100 | Loss: 1.9246
BC Epoch 60/100 | Loss: 1.4658
BC Epoch 80/100 | Loss: 1.1883
[BC] Collecting tactical demonstrations (30 episodes)...
[BC] Training tactical actor for 60 epochs on 2739 timesteps...
[BC] epoch 0/60 loss 17.068
[BC] epoch 15/60 loss 10.018
[BC] epoch 30/60 loss 7.133
[BC] epoch 45/60 loss 4.873
Steps 1621/100000 | ep_return(10) -36.85 | last WEL 12.0 ISR 0.500
Steps 3244/100000 | ep_return(10) -44.53 | last WEL 19.0 ISR 0.500
Steps 4799/100000 | ep_return(10) -22.26 | last WEL 12.0 ISR 0.500
Steps 6437/100000 | ep_return(10) -40.50 | last WEL 16.0 ISR 0.500
Steps 7999/100000 | ep_return(10) -34.56 | last WEL 16.0 ISR 0.667
Steps 9523/100000 | ep_return(10) -37.69 | last WEL 6.0 ISR 0.667
Steps 11129/100000 | ep_return(10) -48.28 | last WEL 22.0 ISR 0.333
Steps 12715/100000 | ep_return(10) -44.43 | last WEL 28.0 ISR 0.167
Steps 14362/100000 | ep_return(10) -38.22 | last WEL 28.0 ISR 0.167
Steps 15915/100000 | ep_return(10) -35.75 | last WEL 12.0 ISR 0.500
Steps 17438/100000 | ep_return(10) -27.25 | last WEL 6.0 ISR 0.833
Steps 19024/100000 | ep_return(10) -41.50 | last WEL 22.0 ISR 0.333
Steps 20671/100000 | ep_return(10) -19.23 | last WEL 6.0 ISR 0.833
Steps 22219/100000 | ep_return(10) -39.17 | last WEL 13.0 ISR 0.667
Steps 23739/100000 | ep_return(10) -26.33 | last WEL 12.0 ISR 0.500
Steps 25313/100000 | ep_return(10) -34.85 | last WEL 22.0 ISR 0.333
Steps 26892/100000 | ep_return(10) -37.31 | last WEL 28.0 ISR 0.167
Steps 28443/100000 | ep_return(10) -30.94 | last WEL 9.0 ISR 0.667
Steps 30052/100000 | ep_return(10) -17.54 | last WEL 3.0 ISR 0.833
Steps 31637/100000 | ep_return(10) -26.52 | last WEL 12.0 ISR 0.500
Steps 33266/100000 | ep_return(10) -23.23 | last WEL 10.0 ISR 0.833
Steps 34894/100000 | ep_return(10) -37.18 | last WEL 28.0 ISR 0.167
Steps 36490/100000 | ep_return(10) -26.28 | last WEL 9.0 ISR 0.667
Steps 38100/100000 | ep_return(10) -20.44 | last WEL 6.0 ISR 0.833
Steps 39686/100000 | ep_return(10) -41.47 | last WEL 16.0 ISR 0.667
Steps 41234/100000 | ep_return(10) -31.63 | last WEL 12.0 ISR 0.667
Steps 42823/100000 | ep_return(10) -40.67 | last WEL 19.0 ISR 0.500
Steps 44402/100000 | ep_return(10) -40.04 | last WEL 9.0 ISR 0.667
Steps 45917/100000 | ep_return(10) -33.56 | last WEL 12.0 ISR 0.667
Steps 47516/100000 | ep_return(10) -22.52 | last WEL 12.0 ISR 0.500
Steps 49090/100000 | ep_return(10) -36.60 | last WEL 16.0 ISR 0.667
Steps 50618/100000 | ep_return(10) -36.62 | last WEL 16.0 ISR 0.667
Steps 52241/100000 | ep_return(10) -29.97 | last WEL 6.0 ISR 0.833
Steps 53760/100000 | ep_return(10) -26.45 | last WEL 25.0 ISR 0.333
Steps 55362/100000 | ep_return(10) -47.34 | last WEL 22.0 ISR 0.333
Steps 56937/100000 | ep_return(10) -39.57 | last WEL 19.0 ISR 0.500
Steps 58567/100000 | ep_return(10) -35.71 | last WEL 6.0 ISR 0.833
Steps 60172/100000 | ep_return(10) -27.68 | last WEL 16.0 ISR 0.667
Steps 61751/100000 | ep_return(10) -32.79 | last WEL 19.0 ISR 0.500
Steps 63350/100000 | ep_return(10) -35.24 | last WEL 0.0 ISR 1.000
Steps 64923/100000 | ep_return(10) -42.87 | last WEL 15.0 ISR 0.500
Steps 66438/100000 | ep_return(10) -38.95 | last WEL 6.0 ISR 0.833
Steps 68025/100000 | ep_return(10) -22.08 | last WEL 6.0 ISR 0.833
Steps 69603/100000 | ep_return(10) -50.33 | last WEL 22.0 ISR 0.333
Steps 71167/100000 | ep_return(10) -38.29 | last WEL 6.0 ISR 0.833
Steps 72766/100000 | ep_return(10) -33.30 | last WEL 22.0 ISR 0.333
Steps 74318/100000 | ep_return(10) -34.68 | last WEL 0.0 ISR 1.000
Steps 75839/100000 | ep_return(10) -34.85 | last WEL 6.0 ISR 0.833
Steps 77353/100000 | ep_return(10) -33.54 | last WEL 12.0 ISR 0.667
Steps 78900/100000 | ep_return(10) -42.56 | last WEL 22.0 ISR 0.333
Steps 80406/100000 | ep_return(10) -41.26 | last WEL 22.0 ISR 0.333
Steps 81964/100000 | ep_return(10) -45.87 | last WEL 28.0 ISR 0.167
Steps 83464/100000 | ep_return(10) -36.12 | last WEL 9.0 ISR 0.667
Steps 85000/100000 | ep_return(10) -26.24 | last WEL 12.0 ISR 0.667
Steps 86614/100000 | ep_return(10) -29.36 | last WEL 12.0 ISR 0.667
Steps 88134/100000 | ep_return(10) -44.02 | last WEL 0.0 ISR 1.000
Steps 89669/100000 | ep_return(10) -28.64 | last WEL 16.0 ISR 0.667
Steps 91208/100000 | ep_return(10) -47.55 | last WEL 28.0 ISR 0.167
Steps 92817/100000 | ep_return(10) -48.81 | last WEL 22.0 ISR 0.333
Steps 94353/100000 | ep_return(10) -20.05 | last WEL 6.0 ISR 0.833
Steps 95997/100000 | ep_return(10) -35.12 | last WEL 6.0 ISR 0.667
Steps 97597/100000 | ep_return(10) -30.01 | last WEL 10.0 ISR 0.833
Steps 99136/100000 | ep_return(10) -39.66 | last WEL 28.0 ISR 0.167
Steps 100703/100000 | ep_return(10) -30.66 | last WEL 6.0 ISR 0.833
[TRAIN] hiercomm/california/s2042 done in 25.9 min -> wildfire_phase3_hiercomm_learned/checkpoint_hiercomm_california_s2042.pt
