
[TRAIN] hiercomm_heur / california / seed 2042 (100000 steps)...
[BC] Collecting tactical demonstrations (30 episodes)...
[BC] Training tactical actor for 60 epochs on 2740 timesteps...
[BC] epoch 0/60 loss 17.067
[BC] epoch 15/60 loss 10.188
[BC] epoch 30/60 loss 7.558
[BC] epoch 45/60 loss 5.590
Steps 1551/100000 | ep_return(10) -44.84 | last WEL 9.0 ISR 0.667
Steps 3066/100000 | ep_return(10) -24.83 | last WEL 6.0 ISR 0.833
Steps 4681/100000 | ep_return(10) -30.40 | last WEL 0.0 ISR 1.000
Steps 6184/100000 | ep_return(10) -22.10 | last WEL 12.0 ISR 0.667
Steps 7761/100000 | ep_return(10) -32.32 | last WEL 6.0 ISR 0.833
Steps 9288/100000 | ep_return(10) -34.76 | last WEL 9.0 ISR 0.667
Steps 10835/100000 | ep_return(10) -43.25 | last WEL 6.0 ISR 0.833
Steps 12477/100000 | ep_return(10) -35.50 | last WEL 22.0 ISR 0.333
Steps 14126/100000 | ep_return(10) -32.97 | last WEL 6.0 ISR 0.833
Steps 15696/100000 | ep_return(10) -19.32 | last WEL 13.0 ISR 0.667
Steps 17324/100000 | ep_return(10) -40.41 | last WEL 25.0 ISR 0.333
Steps 18873/100000 | ep_return(10) -27.19 | last WEL 6.0 ISR 0.833
Steps 20396/100000 | ep_return(10) -27.17 | last WEL 0.0 ISR 1.000
Steps 22003/100000 | ep_return(10) -18.85 | last WEL 12.0 ISR 0.667
Steps 23612/100000 | ep_return(10) -35.55 | last WEL 19.0 ISR 0.500
Steps 25145/100000 | ep_return(10) -21.71 | last WEL 6.0 ISR 0.833
Steps 26669/100000 | ep_return(10) -27.46 | last WEL 3.0 ISR 0.833
Steps 28194/100000 | ep_return(10) -14.38 | last WEL 6.0 ISR 0.833
Steps 29801/100000 | ep_return(10) -15.82 | last WEL 0.0 ISR 1.000
Steps 31440/100000 | ep_return(10) -20.79 | last WEL 15.0 ISR 0.500
Steps 32945/100000 | ep_return(10) -24.27 | last WEL 3.0 ISR 0.833
Steps 34472/100000 | ep_return(10) -19.83 | last WEL 6.0 ISR 0.833
Steps 36006/100000 | ep_return(10) -38.47 | last WEL 0.0 ISR 1.000
Steps 37566/100000 | ep_return(10) -31.10 | last WEL 22.0 ISR 0.500
Steps 39164/100000 | ep_return(10) -22.77 | last WEL 6.0 ISR 0.667
Steps 40769/100000 | ep_return(10) -19.63 | last WEL 16.0 ISR 0.667
Steps 42281/100000 | ep_return(10) -18.36 | last WEL 6.0 ISR 0.833
Steps 43794/100000 | ep_return(10) -16.39 | last WEL 6.0 ISR 0.833
Steps 45424/100000 | ep_return(10) -18.08 | last WEL 16.0 ISR 0.667
Steps 46936/100000 | ep_return(10) -14.90 | last WEL 6.0 ISR 0.833
Steps 48436/100000 | ep_return(10) -11.21 | last WEL 6.0 ISR 0.833
Steps 50018/100000 | ep_return(10) -17.22 | last WEL 0.0 ISR 1.000
Steps 51609/100000 | ep_return(10) -22.29 | last WEL 6.0 ISR 0.833
Steps 53132/100000 | ep_return(10) -21.37 | last WEL 6.0 ISR 0.833
Steps 54677/100000 | ep_return(10) -28.57 | last WEL 0.0 ISR 1.000
Steps 56248/100000 | ep_return(10) -32.30 | last WEL 3.0 ISR 0.833
Steps 57786/100000 | ep_return(10) -24.77 | last WEL 6.0 ISR 0.833
Steps 59409/100000 | ep_return(10) -27.98 | last WEL 16.0 ISR 0.667
Steps 60937/100000 | ep_return(10) -25.91 | last WEL 6.0 ISR 0.833
Steps 62477/100000 | ep_return(10) -16.60 | last WEL 12.0 ISR 0.500
Steps 64014/100000 | ep_return(10) -26.93 | last WEL 6.0 ISR 0.833
Steps 65543/100000 | ep_return(10) -35.62 | last WEL 6.0 ISR 0.833
Steps 67170/100000 | ep_return(10) -23.97 | last WEL 15.0 ISR 0.500
Steps 68693/100000 | ep_return(10) -29.38 | last WEL 15.0 ISR 0.500
Steps 70291/100000 | ep_return(10) -26.14 | last WEL 9.0 ISR 0.667
Steps 71856/100000 | ep_return(10) -18.05 | last WEL 6.0 ISR 0.833
Steps 73448/100000 | ep_return(10) -20.44 | last WEL 6.0 ISR 0.833
Steps 75006/100000 | ep_return(10) -26.44 | last WEL 0.0 ISR 1.000
Steps 76528/100000 | ep_return(10) -21.79 | last WEL 6.0 ISR 0.833
Steps 78095/100000 | ep_return(10) -17.60 | last WEL 18.0 ISR 0.333
Steps 79685/100000 | ep_return(10) -23.69 | last WEL 6.0 ISR 0.833
Steps 81238/100000 | ep_return(10) -29.49 | last WEL 18.0 ISR 0.333
Steps 82798/100000 | ep_return(10) -17.61 | last WEL 6.0 ISR 0.833
Steps 84423/100000 | ep_return(10) -14.22 | last WEL 9.0 ISR 0.667
Steps 85999/100000 | ep_return(10) -22.05 | last WEL 9.0 ISR 0.667
Steps 87610/100000 | ep_return(10) -21.26 | last WEL 22.0 ISR 0.333
Steps 89245/100000 | ep_return(10) -17.15 | last WEL 6.0 ISR 0.833
Steps 90751/100000 | ep_return(10) -19.22 | last WEL 12.0 ISR 0.667
Steps 92323/100000 | ep_return(10) -22.62 | last WEL 19.0 ISR 0.500
Steps 93861/100000 | ep_return(10) -14.67 | last WEL 0.0 ISR 1.000
Steps 95367/100000 | ep_return(10) -19.06 | last WEL 12.0 ISR 0.667
Steps 96992/100000 | ep_return(10) -22.90 | last WEL 0.0 ISR 1.000
Steps 98572/100000 | ep_return(10) -25.97 | last WEL 0.0 ISR 1.000
Steps 100143/100000 | ep_return(10) -17.22 | last WEL 0.0 ISR 1.000
[TRAIN] hiercomm_heur/california/s2042 done in 35.9 min -> /content/drive/MyDrive/wildfire_phase3_multiseed/checkpoint_hiercomm_heur_california_s2042.pt
