
[TRAIN] hiercomm_heur / saudi / seed 1042 (100000 steps)...
[BC] Collecting tactical demonstrations (30 episodes)...
[BC] Training tactical actor for 60 epochs on 3473 timesteps...
[BC] epoch 0/60 loss 21.240
[BC] epoch 15/60 loss 11.144
[BC] epoch 30/60 loss 6.555
[BC] epoch 45/60 loss 3.208
Steps 1500/100000 | ep_return(10) -31.45 | last WEL 11.0 ISR 0.571
Steps 3000/100000 | ep_return(10) -39.07 | last WEL 8.0 ISR 0.714
Steps 4500/100000 | ep_return(10) -46.02 | last WEL 27.0 ISR 0.286
Steps 6000/100000 | ep_return(10) -48.58 | last WEL 17.0 ISR 0.571
Steps 7593/100000 | ep_return(10) -45.09 | last WEL 8.0 ISR 0.714
Steps 9093/100000 | ep_return(10) -42.69 | last WEL 3.0 ISR 0.857
Steps 10642/100000 | ep_return(10) -47.70 | last WEL 27.0 ISR 0.286
Steps 12262/100000 | ep_return(10) -39.95 | last WEL 27.0 ISR 0.286
Steps 13855/100000 | ep_return(10) -44.83 | last WEL 21.0 ISR 0.429
Steps 15416/100000 | ep_return(10) -43.09 | last WEL 23.0 ISR 0.429
Steps 17001/100000 | ep_return(10) -45.79 | last WEL 27.0 ISR 0.286
Steps 18604/100000 | ep_return(10) -39.89 | last WEL 20.0 ISR 0.571
Steps 20191/100000 | ep_return(10) -37.96 | last WEL 23.0 ISR 0.429
Steps 21731/100000 | ep_return(10) -38.91 | last WEL 14.0 ISR 0.714
Steps 23301/100000 | ep_return(10) -30.08 | last WEL 17.0 ISR 0.571
Steps 24949/100000 | ep_return(10) -33.85 | last WEL 23.0 ISR 0.429
Steps 26562/100000 | ep_return(10) -35.86 | last WEL 23.0 ISR 0.429
Steps 28098/100000 | ep_return(10) -34.80 | last WEL 14.0 ISR 0.714
Steps 29635/100000 | ep_return(10) -33.89 | last WEL 4.0 ISR 0.857
Steps 31217/100000 | ep_return(10) -29.82 | last WEL 8.0 ISR 0.714
Steps 32721/100000 | ep_return(10) -35.16 | last WEL 17.0 ISR 0.571
Steps 34312/100000 | ep_return(10) -40.29 | last WEL 27.0 ISR 0.286
Steps 35831/100000 | ep_return(10) -37.67 | last WEL 8.0 ISR 0.714
Steps 37361/100000 | ep_return(10) -38.33 | last WEL 23.0 ISR 0.429
Steps 38936/100000 | ep_return(10) -26.27 | last WEL 17.0 ISR 0.571
Steps 40465/100000 | ep_return(10) -34.92 | last WEL 4.0 ISR 0.857
Steps 41992/100000 | ep_return(10) -28.23 | last WEL 4.0 ISR 0.857
Steps 43586/100000 | ep_return(10) -28.02 | last WEL 17.0 ISR 0.571
Steps 45090/100000 | ep_return(10) -34.40 | last WEL 23.0 ISR 0.429
Steps 46621/100000 | ep_return(10) -30.52 | last WEL 17.0 ISR 0.571
Steps 48184/100000 | ep_return(10) -25.22 | last WEL 4.0 ISR 0.857
Steps 49765/100000 | ep_return(10) -26.47 | last WEL 9.0 ISR 0.714
Steps 51277/100000 | ep_return(10) -28.04 | last WEL 8.0 ISR 0.714
Steps 52779/100000 | ep_return(10) -25.69 | last WEL 14.0 ISR 0.714
Steps 54296/100000 | ep_return(10) -19.45 | last WEL 8.0 ISR 0.714
Steps 55801/100000 | ep_return(10) -28.45 | last WEL 18.0 ISR 0.571
Steps 57310/100000 | ep_return(10) -19.94 | last WEL 14.0 ISR 0.714
Steps 58835/100000 | ep_return(10) -15.63 | last WEL 14.0 ISR 0.714
Steps 60338/100000 | ep_return(10) -24.56 | last WEL 10.0 ISR 0.857
Steps 61889/100000 | ep_return(10) -29.78 | last WEL 19.0 ISR 0.571
Steps 63393/100000 | ep_return(10) -23.64 | last WEL 14.0 ISR 0.714
Steps 64963/100000 | ep_return(10) -22.01 | last WEL 19.0 ISR 0.571
Steps 66503/100000 | ep_return(10) -22.91 | last WEL 19.0 ISR 0.571
Steps 68006/100000 | ep_return(10) -30.12 | last WEL 14.0 ISR 0.714
Steps 69601/100000 | ep_return(10) -23.98 | last WEL 23.0 ISR 0.429
Steps 71107/100000 | ep_return(10) -24.29 | last WEL 14.0 ISR 0.714
Steps 72695/100000 | ep_return(10) -19.10 | last WEL 4.0 ISR 0.857
Steps 74291/100000 | ep_return(10) -29.67 | last WEL 14.0 ISR 0.714
Steps 75885/100000 | ep_return(10) -28.84 | last WEL 13.0 ISR 0.714
Steps 77515/100000 | ep_return(10) -19.52 | last WEL 4.0 ISR 0.857
Steps 79047/100000 | ep_return(10) -23.68 | last WEL 13.0 ISR 0.714
Steps 80621/100000 | ep_return(10) -24.73 | last WEL 13.0 ISR 0.714
Steps 82136/100000 | ep_return(10) -19.85 | last WEL 18.0 ISR 0.571
Steps 83670/100000 | ep_return(10) -26.21 | last WEL 8.0 ISR 0.714
Steps 85260/100000 | ep_return(10) -29.32 | last WEL 13.0 ISR 0.571
Steps 86907/100000 | ep_return(10) -26.34 | last WEL 0.0 ISR 1.000
Steps 88548/100000 | ep_return(10) -38.12 | last WEL 17.0 ISR 0.571
Steps 90048/100000 | ep_return(10) -34.61 | last WEL 8.0 ISR 0.714
Steps 91644/100000 | ep_return(10) -22.26 | last WEL 7.0 ISR 0.714
Steps 93187/100000 | ep_return(10) -30.83 | last WEL 23.0 ISR 0.429
Steps 94693/100000 | ep_return(10) -34.73 | last WEL 8.0 ISR 0.714
Steps 96267/100000 | ep_return(10) -27.57 | last WEL 14.0 ISR 0.714
Steps 97795/100000 | ep_return(10) -19.10 | last WEL 8.0 ISR 0.714
Steps 99299/100000 | ep_return(10) -27.41 | last WEL 18.0 ISR 0.571
Steps 100869/100000 | ep_return(10) -25.49 | last WEL 23.0 ISR 0.429
[TRAIN] hiercomm_heur/saudi/s1042 done in 39.0 min -> /content/drive/MyDrive/wildfire_phase3_multiseed/checkpoint_hiercomm_heur_saudi_s1042.pt
