
[TRAIN] hiercomm_heur / california / seed 1042 (100000 steps)...
[BC] Collecting tactical demonstrations (30 episodes)...
[BC] Training tactical actor for 60 epochs on 2740 timesteps...
[BC] epoch 0/60 loss 16.726
[BC] epoch 15/60 loss 9.772
[BC] epoch 30/60 loss 6.910
[BC] epoch 45/60 loss 4.758
Steps 1517/100000 | ep_return(10) -38.20 | last WEL 6.0 ISR 0.833
Steps 3114/100000 | ep_return(10) -34.01 | last WEL 12.0 ISR 0.500
Steps 4704/100000 | ep_return(10) -20.65 | last WEL 0.0 ISR 1.000
Steps 6345/100000 | ep_return(10) -29.01 | last WEL 6.0 ISR 0.833
Steps 7880/100000 | ep_return(10) -28.34 | last WEL 16.0 ISR 0.667
Steps 9413/100000 | ep_return(10) -29.53 | last WEL 6.0 ISR 0.833
Steps 10915/100000 | ep_return(10) -20.45 | last WEL 0.0 ISR 1.000
Steps 12476/100000 | ep_return(10) -27.76 | last WEL 9.0 ISR 0.667
Steps 14023/100000 | ep_return(10) -32.23 | last WEL 6.0 ISR 0.833
Steps 15617/100000 | ep_return(10) -31.14 | last WEL 25.0 ISR 0.333
Steps 17188/100000 | ep_return(10) -23.45 | last WEL 6.0 ISR 0.833
Steps 18817/100000 | ep_return(10) -34.01 | last WEL 6.0 ISR 0.833
Steps 20423/100000 | ep_return(10) -33.67 | last WEL 18.0 ISR 0.333
Steps 22033/100000 | ep_return(10) -24.30 | last WEL 3.0 ISR 0.833
Steps 23599/100000 | ep_return(10) -42.01 | last WEL 12.0 ISR 0.500
Steps 25119/100000 | ep_return(10) -29.16 | last WEL 6.0 ISR 0.667
Steps 26733/100000 | ep_return(10) -35.64 | last WEL 12.0 ISR 0.500
Steps 28243/100000 | ep_return(10) -35.79 | last WEL 6.0 ISR 0.833
Steps 29850/100000 | ep_return(10) -32.14 | last WEL 6.0 ISR 0.667
Steps 31389/100000 | ep_return(10) -45.62 | last WEL 22.0 ISR 0.333
Steps 32891/100000 | ep_return(10) -38.30 | last WEL 6.0 ISR 0.833
Steps 34399/100000 | ep_return(10) -26.75 | last WEL 6.0 ISR 0.833
Steps 35924/100000 | ep_return(10) -34.55 | last WEL 12.0 ISR 0.500
Steps 37520/100000 | ep_return(10) -40.53 | last WEL 12.0 ISR 0.500
Steps 39118/100000 | ep_return(10) -26.40 | last WEL 9.0 ISR 0.667
Steps 40676/100000 | ep_return(10) -34.21 | last WEL 9.0 ISR 0.667
Steps 42268/100000 | ep_return(10) -37.93 | last WEL 0.0 ISR 1.000
Steps 43777/100000 | ep_return(10) -43.98 | last WEL 12.0 ISR 0.500
Steps 45402/100000 | ep_return(10) -33.36 | last WEL 16.0 ISR 0.500
Steps 47026/100000 | ep_return(10) -24.60 | last WEL 9.0 ISR 0.667
Steps 48591/100000 | ep_return(10) -27.17 | last WEL 18.0 ISR 0.333
Steps 50170/100000 | ep_return(10) -23.97 | last WEL 0.0 ISR 1.000
Steps 51814/100000 | ep_return(10) -31.45 | last WEL 12.0 ISR 0.500
Steps 53367/100000 | ep_return(10) -36.54 | last WEL 18.0 ISR 0.333
Steps 54886/100000 | ep_return(10) -29.87 | last WEL 16.0 ISR 0.667
Steps 56403/100000 | ep_return(10) -25.86 | last WEL 9.0 ISR 0.667
Steps 57919/100000 | ep_return(10) -32.20 | last WEL 12.0 ISR 0.500
Steps 59478/100000 | ep_return(10) -30.79 | last WEL 15.0 ISR 0.500
Steps 60995/100000 | ep_return(10) -23.82 | last WEL 0.0 ISR 1.000
Steps 62618/100000 | ep_return(10) -28.26 | last WEL 6.0 ISR 0.833
Steps 64118/100000 | ep_return(10) -17.16 | last WEL 6.0 ISR 0.833
Steps 65756/100000 | ep_return(10) -26.65 | last WEL 6.0 ISR 0.833
Steps 67363/100000 | ep_return(10) -28.97 | last WEL 9.0 ISR 0.667
Steps 68951/100000 | ep_return(10) -25.47 | last WEL 6.0 ISR 0.833
Steps 70562/100000 | ep_return(10) -20.46 | last WEL 9.0 ISR 0.667
Steps 72111/100000 | ep_return(10) -18.71 | last WEL 6.0 ISR 0.833
Steps 73648/100000 | ep_return(10) -14.55 | last WEL 0.0 ISR 1.000
Steps 75220/100000 | ep_return(10) -17.49 | last WEL 3.0 ISR 0.833
Steps 76720/100000 | ep_return(10) -30.53 | last WEL 9.0 ISR 0.667
Steps 78346/100000 | ep_return(10) -10.60 | last WEL 6.0 ISR 0.833
Steps 79889/100000 | ep_return(10) -24.67 | last WEL 6.0 ISR 0.833
Steps 81523/100000 | ep_return(10) -23.98 | last WEL 6.0 ISR 0.833
Steps 83124/100000 | ep_return(10) -21.42 | last WEL 6.0 ISR 0.833
Steps 84748/100000 | ep_return(10) -15.84 | last WEL 15.0 ISR 0.500
Steps 86361/100000 | ep_return(10) -17.62 | last WEL 9.0 ISR 0.667
Steps 87995/100000 | ep_return(10) -22.90 | last WEL 6.0 ISR 0.833
Steps 89528/100000 | ep_return(10) -25.30 | last WEL 0.0 ISR 1.000
Steps 91059/100000 | ep_return(10) -17.62 | last WEL 0.0 ISR 1.000
Steps 92595/100000 | ep_return(10) -21.46 | last WEL 22.0 ISR 0.500
Steps 94151/100000 | ep_return(10) -23.23 | last WEL 15.0 ISR 0.500
Steps 95668/100000 | ep_return(10) -17.53 | last WEL 6.0 ISR 0.833
Steps 97255/100000 | ep_return(10) -15.78 | last WEL 0.0 ISR 1.000
Steps 98829/100000 | ep_return(10) -20.54 | last WEL 6.0 ISR 0.833
Steps 100332/100000 | ep_return(10) -19.13 | last WEL 6.0 ISR 0.833
[TRAIN] hiercomm_heur/california/s1042 done in 37.5 min -> /content/drive/MyDrive/wildfire_phase3_multiseed/checkpoint_hiercomm_heur_california_s1042.pt
