[saudi] stress ignition cells: [0, 18, 992, 1023, 528]
[saudi|heldout_ignition] No-Op
[saudi|heldout_ignition] Value-First Heuristic
[saudi|heldout_ignition] Local Reactive
[saudi|heldout_ignition] Learned Hierarchical
[saudi|heldout_ignition] CommNet (matched)
[saudi|cross_region] No-Op
[saudi|cross_region] Learned Hierarchical
[saudi|cross_region] CommNet (matched)
[saudi|wind_plus90] No-Op
[saudi|wind_plus90] Value-First Heuristic
[saudi|wind_plus90] Local Reactive
[saudi|wind_plus90] Learned Hierarchical
[saudi|wind_plus90] CommNet (matched)
[saudi|assets_rot90] No-Op
[saudi|assets_rot90] Value-First Heuristic
[saudi|assets_rot90] Local Reactive
[saudi|assets_rot90] Learned Hierarchical
[saudi|assets_rot90] CommNet (matched)
/home/ali_akarma/venvs/wildfire-marl/lib/python3.12/site-packages/scipy/stats/_axis_nan_policy.py:592: RuntimeWarning: Precision loss occurred in moment calculation due to catastrophic cancellation. This occurs when the data are nearly identical. Results may be unreliable.
  res = hypotest_fun_out(*samples, **kwds)
[saudi] generalization suite complete -> results/phase5_peer
