[california] stress ignition cells: [2, 31, 908, 1023, 528]
[california|heldout_ignition] No-Op
[california|heldout_ignition] Value-First Heuristic
[california|heldout_ignition] Local Reactive
[california|heldout_ignition] Learned Hierarchical
[california|heldout_ignition] CommNet (matched)
[california|cross_region] No-Op
[california|cross_region] Learned Hierarchical
[california|cross_region] CommNet (matched)
[california|wind_plus90] No-Op
[california|wind_plus90] Value-First Heuristic
[california|wind_plus90] Local Reactive
[california|wind_plus90] Learned Hierarchical
[california|wind_plus90] CommNet (matched)
[california|assets_rot90] No-Op
[california|assets_rot90] Value-First Heuristic
[california|assets_rot90] Local Reactive
[california|assets_rot90] Learned Hierarchical
[california|assets_rot90] CommNet (matched)
/home/ali_akarma/venvs/wildfire-marl/lib/python3.12/site-packages/scipy/stats/_axis_nan_policy.py:592: RuntimeWarning: Precision loss occurred in moment calculation due to catastrophic cancellation. This occurs when the data are nearly identical. Results may be unreliable.
  res = hypotest_fun_out(*samples, **kwds)
[california] generalization suite complete -> results/phase5_peer
