
[TRAIN] hiercomm_heur / saudi / seed 4042 (100000 steps)...
[BC] Collecting tactical demonstrations (30 episodes)...
[BC] Training tactical actor for 60 epochs on 3473 timesteps...
[BC] epoch 0/60 loss 21.486
[BC] epoch 15/60 loss 13.707
[BC] epoch 30/60 loss 10.461
[BC] epoch 45/60 loss 8.458
Steps 1500/100000 | ep_return(10) -38.23 | last WEL 9.0 ISR 0.714
Steps 3004/100000 | ep_return(10) -35.33 | last WEL 9.0 ISR 0.714
Steps 4504/100000 | ep_return(10) -40.95 | last WEL 13.0 ISR 0.571
Steps 6099/100000 | ep_return(10) -35.19 | last WEL 0.0 ISR 1.000
Steps 7599/100000 | ep_return(10) -31.06 | last WEL 19.0 ISR 0.571
Steps 9099/100000 | ep_return(10) -32.25 | last WEL 9.0 ISR 0.714
Steps 10599/100000 | ep_return(10) -30.30 | last WEL 14.0 ISR 0.714
Steps 12169/100000 | ep_return(10) -26.78 | last WEL 13.0 ISR 0.571
Steps 13674/100000 | ep_return(10) -31.46 | last WEL 23.0 ISR 0.429
Steps 15253/100000 | ep_return(10) -30.00 | last WEL 4.0 ISR 0.857
Steps 16753/100000 | ep_return(10) -29.69 | last WEL 9.0 ISR 0.714
Steps 18253/100000 | ep_return(10) -27.51 | last WEL 4.0 ISR 0.857
Steps 19819/100000 | ep_return(10) -25.90 | last WEL 13.0 ISR 0.714
Steps 21319/100000 | ep_return(10) -30.26 | last WEL 17.0 ISR 0.571
Steps 22945/100000 | ep_return(10) -21.90 | last WEL 0.0 ISR 1.000
Steps 24445/100000 | ep_return(10) -28.79 | last WEL 7.0 ISR 0.714
Steps 25950/100000 | ep_return(10) -25.43 | last WEL 14.0 ISR 0.714
Steps 27503/100000 | ep_return(10) -23.15 | last WEL 4.0 ISR 0.857
Steps 29111/100000 | ep_return(10) -21.03 | last WEL 3.0 ISR 0.857
Steps 30643/100000 | ep_return(10) -15.82 | last WEL 9.0 ISR 0.714
Steps 32143/100000 | ep_return(10) -29.63 | last WEL 4.0 ISR 0.857
Steps 33783/100000 | ep_return(10) -20.62 | last WEL 14.0 ISR 0.714
Steps 35283/100000 | ep_return(10) -27.00 | last WEL 17.0 ISR 0.571
Steps 36855/100000 | ep_return(10) -26.29 | last WEL 0.0 ISR 1.000
Steps 38356/100000 | ep_return(10) -29.55 | last WEL 13.0 ISR 0.571
Steps 39931/100000 | ep_return(10) -21.78 | last WEL 10.0 ISR 0.857
Steps 41549/100000 | ep_return(10) -24.79 | last WEL 13.0 ISR 0.714
Steps 43077/100000 | ep_return(10) -25.57 | last WEL 13.0 ISR 0.714
Steps 44683/100000 | ep_return(10) -25.20 | last WEL 4.0 ISR 0.857
Steps 46312/100000 | ep_return(10) -16.70 | last WEL 0.0 ISR 1.000
Steps 47812/100000 | ep_return(10) -20.29 | last WEL 11.0 ISR 0.571
Steps 49384/100000 | ep_return(10) -24.79 | last WEL 13.0 ISR 0.714
Steps 51025/100000 | ep_return(10) -17.83 | last WEL 3.0 ISR 0.857
Steps 52535/100000 | ep_return(10) -17.11 | last WEL 14.0 ISR 0.714
Steps 54153/100000 | ep_return(10) -17.36 | last WEL 0.0 ISR 1.000
Steps 55730/100000 | ep_return(10) -24.21 | last WEL 3.0 ISR 0.857
Steps 57230/100000 | ep_return(10) -15.74 | last WEL 4.0 ISR 0.857
Steps 58767/100000 | ep_return(10) -16.93 | last WEL 3.0 ISR 0.857
Steps 60317/100000 | ep_return(10) -17.46 | last WEL 0.0 ISR 1.000
Steps 61910/100000 | ep_return(10) -20.77 | last WEL 4.0 ISR 0.857
Steps 63497/100000 | ep_return(10) -15.43 | last WEL 9.0 ISR 0.714
Steps 65069/100000 | ep_return(10) -23.00 | last WEL 7.0 ISR 0.714
Steps 66630/100000 | ep_return(10) -16.36 | last WEL 0.0 ISR 1.000
Steps 68168/100000 | ep_return(10) -21.06 | last WEL 0.0 ISR 1.000
Steps 69689/100000 | ep_return(10) -19.85 | last WEL 10.0 ISR 0.857
Steps 71326/100000 | ep_return(10) -18.15 | last WEL 4.0 ISR 0.857
Steps 72904/100000 | ep_return(10) -20.12 | last WEL 23.0 ISR 0.429
Steps 74537/100000 | ep_return(10) -16.47 | last WEL 9.0 ISR 0.714
Steps 76042/100000 | ep_return(10) -15.43 | last WEL 9.0 ISR 0.714
Steps 77690/100000 | ep_return(10) -23.34 | last WEL 13.0 ISR 0.714
Steps 79269/100000 | ep_return(10) -15.39 | last WEL 19.0 ISR 0.571
Steps 80806/100000 | ep_return(10) -14.98 | last WEL 19.0 ISR 0.571
Steps 82342/100000 | ep_return(10) -25.64 | last WEL 13.0 ISR 0.571
Steps 83906/100000 | ep_return(10) -14.21 | last WEL 0.0 ISR 1.000
Steps 85444/100000 | ep_return(10) -16.97 | last WEL 0.0 ISR 1.000
Steps 86994/100000 | ep_return(10) -16.47 | last WEL 10.0 ISR 0.857
Steps 88515/100000 | ep_return(10) -22.74 | last WEL 4.0 ISR 0.857
Steps 90015/100000 | ep_return(10) -23.28 | last WEL 9.0 ISR 0.714
Steps 91520/100000 | ep_return(10) -21.02 | last WEL 9.0 ISR 0.714
Steps 93106/100000 | ep_return(10) -23.20 | last WEL 23.0 ISR 0.429
Steps 94654/100000 | ep_return(10) -13.48 | last WEL 0.0 ISR 1.000
Steps 96264/100000 | ep_return(10) -20.14 | last WEL 8.0 ISR 0.714
Steps 97764/100000 | ep_return(10) -25.89 | last WEL 4.0 ISR 0.857
Steps 99319/100000 | ep_return(10) -14.73 | last WEL 9.0 ISR 0.714
Steps 100911/100000 | ep_return(10) -24.75 | last WEL 7.0 ISR 0.714
[TRAIN] hiercomm_heur/saudi/s4042 done in 38.4 min -> /content/drive/MyDrive/wildfire_phase3_multiseed/checkpoint_hiercomm_heur_saudi_s4042.pt
