
[TRAIN] hiercomm_heur / california / seed 4042 (100000 steps)...
[BC] Collecting tactical demonstrations (30 episodes)...
[BC] Training tactical actor for 60 epochs on 2740 timesteps...
[BC] epoch 0/60 loss 17.008
[BC] epoch 15/60 loss 10.521
[BC] epoch 30/60 loss 8.125
[BC] epoch 45/60 loss 6.332
Steps 1507/100000 | ep_return(10) -26.13 | last WEL 0.0 ISR 1.000
Steps 3122/100000 | ep_return(10) -29.20 | last WEL 13.0 ISR 0.667
Steps 4672/100000 | ep_return(10) -29.58 | last WEL 0.0 ISR 1.000
Steps 6315/100000 | ep_return(10) -20.32 | last WEL 16.0 ISR 0.500
Steps 7849/100000 | ep_return(10) -23.86 | last WEL 19.0 ISR 0.500
Steps 9485/100000 | ep_return(10) -33.98 | last WEL 22.0 ISR 0.333
Steps 11020/100000 | ep_return(10) -23.87 | last WEL 0.0 ISR 1.000
Steps 12583/100000 | ep_return(10) -37.25 | last WEL 6.0 ISR 0.833
Steps 14175/100000 | ep_return(10) -19.86 | last WEL 16.0 ISR 0.667
Steps 15676/100000 | ep_return(10) -22.64 | last WEL 6.0 ISR 0.833
Steps 17265/100000 | ep_return(10) -15.96 | last WEL 16.0 ISR 0.500
Steps 18787/100000 | ep_return(10) -21.08 | last WEL 25.0 ISR 0.333
Steps 20312/100000 | ep_return(10) -24.15 | last WEL 6.0 ISR 0.833
Steps 21906/100000 | ep_return(10) -35.83 | last WEL 19.0 ISR 0.500
Steps 23461/100000 | ep_return(10) -29.56 | last WEL 22.0 ISR 0.333
Steps 25017/100000 | ep_return(10) -23.99 | last WEL 6.0 ISR 0.833
Steps 26522/100000 | ep_return(10) -20.94 | last WEL 6.0 ISR 0.833
Steps 28049/100000 | ep_return(10) -15.63 | last WEL 0.0 ISR 1.000
Steps 29637/100000 | ep_return(10) -19.90 | last WEL 16.0 ISR 0.667
Steps 31204/100000 | ep_return(10) -29.87 | last WEL 9.0 ISR 0.667
Steps 32791/100000 | ep_return(10) -18.55 | last WEL 9.0 ISR 0.667
Steps 34301/100000 | ep_return(10) -24.60 | last WEL 6.0 ISR 0.833
Steps 35805/100000 | ep_return(10) -14.22 | last WEL 6.0 ISR 0.833
Steps 37384/100000 | ep_return(10) -13.23 | last WEL 9.0 ISR 0.667
Steps 38972/100000 | ep_return(10) -18.32 | last WEL 6.0 ISR 0.833
Steps 40499/100000 | ep_return(10) -16.33 | last WEL 6.0 ISR 0.833
Steps 42070/100000 | ep_return(10) -20.78 | last WEL 6.0 ISR 0.833
Steps 43579/100000 | ep_return(10) -23.88 | last WEL 22.0 ISR 0.500
Steps 45200/100000 | ep_return(10) -19.92 | last WEL 6.0 ISR 0.833
Steps 46767/100000 | ep_return(10) -12.46 | last WEL 0.0 ISR 1.000
Steps 48298/100000 | ep_return(10) -25.74 | last WEL 9.0 ISR 0.667
Steps 49906/100000 | ep_return(10) -21.17 | last WEL 16.0 ISR 0.500
Steps 51426/100000 | ep_return(10) -24.24 | last WEL 6.0 ISR 0.833
Steps 52927/100000 | ep_return(10) -23.66 | last WEL 6.0 ISR 0.833
Steps 54573/100000 | ep_return(10) -24.08 | last WEL 12.0 ISR 0.667
Steps 56115/100000 | ep_return(10) -26.10 | last WEL 0.0 ISR 1.000
Steps 57714/100000 | ep_return(10) -17.92 | last WEL 12.0 ISR 0.667
Steps 59242/100000 | ep_return(10) -23.26 | last WEL 22.0 ISR 0.333
Steps 60771/100000 | ep_return(10) -24.11 | last WEL 12.0 ISR 0.667
Steps 62282/100000 | ep_return(10) -21.03 | last WEL 12.0 ISR 0.500
Steps 63874/100000 | ep_return(10) -14.45 | last WEL 6.0 ISR 0.833
Steps 65518/100000 | ep_return(10) -21.80 | last WEL 3.0 ISR 0.833
Steps 67052/100000 | ep_return(10) -23.77 | last WEL 6.0 ISR 0.833
Steps 68594/100000 | ep_return(10) -18.45 | last WEL 15.0 ISR 0.500
Steps 70122/100000 | ep_return(10) -19.94 | last WEL 6.0 ISR 0.833
Steps 71692/100000 | ep_return(10) -24.91 | last WEL 19.0 ISR 0.500
Steps 73230/100000 | ep_return(10) -21.11 | last WEL 9.0 ISR 0.667
Steps 74742/100000 | ep_return(10) -9.19 | last WEL 12.0 ISR 0.667
Steps 76279/100000 | ep_return(10) -21.69 | last WEL 6.0 ISR 0.833
Steps 77876/100000 | ep_return(10) -21.09 | last WEL 25.0 ISR 0.333
Steps 79480/100000 | ep_return(10) -23.98 | last WEL 6.0 ISR 0.833
Steps 81008/100000 | ep_return(10) -14.74 | last WEL 6.0 ISR 0.833
Steps 82628/100000 | ep_return(10) -15.37 | last WEL 6.0 ISR 0.833
Steps 84139/100000 | ep_return(10) -17.34 | last WEL 6.0 ISR 0.833
Steps 85692/100000 | ep_return(10) -10.05 | last WEL 6.0 ISR 0.833
Steps 87207/100000 | ep_return(10) -27.60 | last WEL 6.0 ISR 0.833
Steps 88722/100000 | ep_return(10) -23.13 | last WEL 0.0 ISR 1.000
Steps 90256/100000 | ep_return(10) -12.67 | last WEL 6.0 ISR 0.833
Steps 91781/100000 | ep_return(10) -19.08 | last WEL 6.0 ISR 0.833
Steps 93419/100000 | ep_return(10) -31.46 | last WEL 15.0 ISR 0.500
Steps 95013/100000 | ep_return(10) -8.30 | last WEL 6.0 ISR 0.833
Steps 96639/100000 | ep_return(10) -18.87 | last WEL 18.0 ISR 0.333
Steps 98146/100000 | ep_return(10) -20.16 | last WEL 6.0 ISR 0.833
Steps 99689/100000 | ep_return(10) -20.92 | last WEL 6.0 ISR 0.833
Steps 101311/100000 | ep_return(10) -14.13 | last WEL 18.0 ISR 0.333
[TRAIN] hiercomm_heur/california/s4042 done in 34.5 min -> /content/drive/MyDrive/wildfire_phase3_multiseed/checkpoint_hiercomm_heur_california_s4042.pt
