
[TRAIN] hiercomm_heur / california / seed 3042 (100000 steps)...
[BC] Collecting tactical demonstrations (30 episodes)...
[BC] Training tactical actor for 60 epochs on 2740 timesteps...
[BC] epoch 0/60 loss 17.109
[BC] epoch 15/60 loss 9.984
[BC] epoch 30/60 loss 7.115
[BC] epoch 45/60 loss 5.246
Steps 1603/100000 | ep_return(10) -29.85 | last WEL 22.0 ISR 0.333
Steps 3103/100000 | ep_return(10) -37.61 | last WEL 6.0 ISR 0.833
Steps 4666/100000 | ep_return(10) -39.28 | last WEL 9.0 ISR 0.667
Steps 6202/100000 | ep_return(10) -32.93 | last WEL 6.0 ISR 0.833
Steps 7714/100000 | ep_return(10) -24.33 | last WEL 13.0 ISR 0.667
Steps 9222/100000 | ep_return(10) -22.97 | last WEL 0.0 ISR 1.000
Steps 10827/100000 | ep_return(10) -32.92 | last WEL 22.0 ISR 0.500
Steps 12380/100000 | ep_return(10) -21.71 | last WEL 12.0 ISR 0.667
Steps 13925/100000 | ep_return(10) -27.88 | last WEL 6.0 ISR 0.833
Steps 15511/100000 | ep_return(10) -26.68 | last WEL 6.0 ISR 0.667
Steps 17098/100000 | ep_return(10) -28.92 | last WEL 6.0 ISR 0.833
Steps 18616/100000 | ep_return(10) -26.29 | last WEL 0.0 ISR 1.000
Steps 20188/100000 | ep_return(10) -30.84 | last WEL 19.0 ISR 0.500
Steps 21745/100000 | ep_return(10) -39.00 | last WEL 22.0 ISR 0.500
Steps 23255/100000 | ep_return(10) -33.04 | last WEL 3.0 ISR 0.833
Steps 24869/100000 | ep_return(10) -40.14 | last WEL 19.0 ISR 0.500
Steps 26392/100000 | ep_return(10) -25.61 | last WEL 0.0 ISR 1.000
Steps 27924/100000 | ep_return(10) -22.76 | last WEL 0.0 ISR 1.000
Steps 29535/100000 | ep_return(10) -32.94 | last WEL 25.0 ISR 0.333
Steps 31123/100000 | ep_return(10) -27.87 | last WEL 0.0 ISR 1.000
Steps 32764/100000 | ep_return(10) -25.87 | last WEL 15.0 ISR 0.500
Steps 34354/100000 | ep_return(10) -23.27 | last WEL 6.0 ISR 0.833
Steps 35966/100000 | ep_return(10) -30.66 | last WEL 19.0 ISR 0.500
Steps 37478/100000 | ep_return(10) -35.07 | last WEL 6.0 ISR 0.833
Steps 39026/100000 | ep_return(10) -31.93 | last WEL 10.0 ISR 0.833
Steps 40555/100000 | ep_return(10) -29.69 | last WEL 22.0 ISR 0.333
Steps 42060/100000 | ep_return(10) -20.42 | last WEL 15.0 ISR 0.500
Steps 43706/100000 | ep_return(10) -19.70 | last WEL 3.0 ISR 0.833
Steps 45304/100000 | ep_return(10) -24.51 | last WEL 3.0 ISR 0.833
Steps 46812/100000 | ep_return(10) -26.04 | last WEL 0.0 ISR 1.000
Steps 48458/100000 | ep_return(10) -20.54 | last WEL 9.0 ISR 0.667
Steps 50013/100000 | ep_return(10) -16.76 | last WEL 6.0 ISR 0.833
Steps 51643/100000 | ep_return(10) -18.52 | last WEL 10.0 ISR 0.833
Steps 53173/100000 | ep_return(10) -23.38 | last WEL 12.0 ISR 0.667
Steps 54757/100000 | ep_return(10) -11.27 | last WEL 0.0 ISR 1.000
Steps 56274/100000 | ep_return(10) -13.79 | last WEL 0.0 ISR 1.000
Steps 57813/100000 | ep_return(10) -22.29 | last WEL 6.0 ISR 0.833
Steps 59452/100000 | ep_return(10) -26.24 | last WEL 6.0 ISR 0.833
Steps 61100/100000 | ep_return(10) -34.73 | last WEL 18.0 ISR 0.333
Steps 62648/100000 | ep_return(10) -18.37 | last WEL 0.0 ISR 1.000
Steps 64230/100000 | ep_return(10) -28.41 | last WEL 6.0 ISR 0.833
Steps 65739/100000 | ep_return(10) -26.30 | last WEL 9.0 ISR 0.667
Steps 67362/100000 | ep_return(10) -26.66 | last WEL 10.0 ISR 0.833
Steps 68975/100000 | ep_return(10) -37.79 | last WEL 12.0 ISR 0.667
Steps 70540/100000 | ep_return(10) -34.88 | last WEL 9.0 ISR 0.667
Steps 72094/100000 | ep_return(10) -32.85 | last WEL 12.0 ISR 0.500
Steps 73607/100000 | ep_return(10) -35.80 | last WEL 6.0 ISR 0.833
Steps 75161/100000 | ep_return(10) -22.24 | last WEL 12.0 ISR 0.500
Steps 76686/100000 | ep_return(10) -41.45 | last WEL 18.0 ISR 0.333
Steps 78309/100000 | ep_return(10) -32.78 | last WEL 22.0 ISR 0.333
Steps 79838/100000 | ep_return(10) -21.39 | last WEL 12.0 ISR 0.667
Steps 81451/100000 | ep_return(10) -26.58 | last WEL 9.0 ISR 0.667
Steps 83030/100000 | ep_return(10) -23.99 | last WEL 0.0 ISR 1.000
Steps 84644/100000 | ep_return(10) -27.86 | last WEL 19.0 ISR 0.500
Steps 86211/100000 | ep_return(10) -17.08 | last WEL 6.0 ISR 0.833
Steps 87737/100000 | ep_return(10) -15.88 | last WEL 0.0 ISR 1.000
Steps 89331/100000 | ep_return(10) -21.37 | last WEL 9.0 ISR 0.667
Steps 90955/100000 | ep_return(10) -18.14 | last WEL 6.0 ISR 0.833
Steps 92459/100000 | ep_return(10) -20.44 | last WEL 6.0 ISR 0.833
Steps 94023/100000 | ep_return(10) -18.09 | last WEL 6.0 ISR 0.833
Steps 95605/100000 | ep_return(10) -18.52 | last WEL 6.0 ISR 0.833
Steps 97117/100000 | ep_return(10) -16.25 | last WEL 16.0 ISR 0.667
Steps 98645/100000 | ep_return(10) -18.37 | last WEL 6.0 ISR 0.833
Steps 100211/100000 | ep_return(10) -31.12 | last WEL 22.0 ISR 0.333
[TRAIN] hiercomm_heur/california/s3042 done in 36.3 min -> /content/drive/MyDrive/wildfire_phase3_multiseed/checkpoint_hiercomm_heur_california_s3042.pt
