[TRAIN] ablation wo_shaping/california/s1042 (100000 steps)...
[BC] Collecting tactical demonstrations (30 episodes)...
[BC] Training tactical actor for 60 epochs on 2740 timesteps...
[BC] epoch 0/60 loss 16.726
[BC] epoch 15/60 loss 9.772
[BC] epoch 30/60 loss 6.910
[BC] epoch 45/60 loss 4.758
Steps 1517/100000 | ep_return(10) -18.62 | last WEL 6.0 ISR 0.833
Steps 3085/100000 | ep_return(10) -15.73 | last WEL 19.0 ISR 0.500
Steps 4585/100000 | ep_return(10) -11.84 | last WEL 0.0 ISR 1.000
Steps 6173/100000 | ep_return(10) -13.75 | last WEL 21.0 ISR 0.333
Steps 7696/100000 | ep_return(10) -7.14 | last WEL 16.0 ISR 0.667
Steps 9244/100000 | ep_return(10) -12.98 | last WEL 13.0 ISR 0.667
Steps 10749/100000 | ep_return(10) -10.40 | last WEL 0.0 ISR 1.000
Steps 12254/100000 | ep_return(10) -12.95 | last WEL 13.0 ISR 0.667
Steps 13882/100000 | ep_return(10) -11.18 | last WEL 19.0 ISR 0.500
Steps 15492/100000 | ep_return(10) -9.99 | last WEL 9.0 ISR 0.667
Steps 17080/100000 | ep_return(10) -11.45 | last WEL 18.0 ISR 0.333
Steps 18726/100000 | ep_return(10) -10.68 | last WEL 25.0 ISR 0.333
Steps 20270/100000 | ep_return(10) -6.10 | last WEL 0.0 ISR 1.000
Steps 21785/100000 | ep_return(10) -11.52 | last WEL 6.0 ISR 0.833
Steps 23325/100000 | ep_return(10) -12.28 | last WEL 10.0 ISR 0.833
Steps 24879/100000 | ep_return(10) -11.62 | last WEL 3.0 ISR 0.833
Steps 26442/100000 | ep_return(10) -15.03 | last WEL 22.0 ISR 0.333
Steps 27986/100000 | ep_return(10) -15.34 | last WEL 0.0 ISR 1.000
Steps 29531/100000 | ep_return(10) -16.80 | last WEL 0.0 ISR 1.000
Steps 31162/100000 | ep_return(10) -10.50 | last WEL 9.0 ISR 0.667
Steps 32703/100000 | ep_return(10) -10.53 | last WEL 0.0 ISR 1.000
Steps 34240/100000 | ep_return(10) -3.17 | last WEL 0.0 ISR 1.000
Steps 35880/100000 | ep_return(10) -10.51 | last WEL 13.0 ISR 0.667
Steps 37409/100000 | ep_return(10) -10.16 | last WEL 6.0 ISR 0.833
Steps 38982/100000 | ep_return(10) -7.84 | last WEL 12.0 ISR 0.667
Steps 40603/100000 | ep_return(10) -13.16 | last WEL 9.0 ISR 0.667
Steps 42194/100000 | ep_return(10) -11.76 | last WEL 13.0 ISR 0.667
Steps 43699/100000 | ep_return(10) -8.87 | last WEL 6.0 ISR 0.833
Steps 45270/100000 | ep_return(10) -7.23 | last WEL 18.0 ISR 0.333
Steps 46813/100000 | ep_return(10) -12.38 | last WEL 9.0 ISR 0.667
Steps 48450/100000 | ep_return(10) -12.21 | last WEL 15.0 ISR 0.500
Steps 50017/100000 | ep_return(10) -8.85 | last WEL 0.0 ISR 1.000
Steps 51623/100000 | ep_return(10) -12.22 | last WEL 12.0 ISR 0.667
Steps 53235/100000 | ep_return(10) -7.52 | last WEL 0.0 ISR 1.000
Steps 54815/100000 | ep_return(10) -14.42 | last WEL 9.0 ISR 0.667
Steps 56399/100000 | ep_return(10) -8.55 | last WEL 9.0 ISR 0.667
Steps 57918/100000 | ep_return(10) -8.25 | last WEL 6.0 ISR 0.833
Steps 59528/100000 | ep_return(10) -8.85 | last WEL 12.0 ISR 0.667
Steps 61028/100000 | ep_return(10) -11.59 | last WEL 0.0 ISR 1.000
Steps 62587/100000 | ep_return(10) -8.41 | last WEL 6.0 ISR 0.833
Steps 64144/100000 | ep_return(10) -9.88 | last WEL 6.0 ISR 0.833
Steps 65750/100000 | ep_return(10) -11.35 | last WEL 12.0 ISR 0.667
Steps 67279/100000 | ep_return(10) -7.59 | last WEL 0.0 ISR 1.000
Steps 68896/100000 | ep_return(10) -8.12 | last WEL 9.0 ISR 0.667
Steps 70419/100000 | ep_return(10) -3.73 | last WEL 6.0 ISR 0.833
Steps 71980/100000 | ep_return(10) -11.34 | last WEL 6.0 ISR 0.833
Steps 73506/100000 | ep_return(10) -5.72 | last WEL 6.0 ISR 0.833
Steps 75066/100000 | ep_return(10) -8.20 | last WEL 6.0 ISR 0.833
Steps 76693/100000 | ep_return(10) -3.54 | last WEL 0.0 ISR 1.000
Steps 78193/100000 | ep_return(10) -14.70 | last WEL 9.0 ISR 0.667
Steps 79693/100000 | ep_return(10) -8.27 | last WEL 12.0 ISR 0.667
Steps 81314/100000 | ep_return(10) -5.01 | last WEL 6.0 ISR 0.833
Steps 82814/100000 | ep_return(10) -14.77 | last WEL 9.0 ISR 0.667
Steps 84380/100000 | ep_return(10) -9.47 | last WEL 6.0 ISR 0.833
Steps 85880/100000 | ep_return(10) -11.54 | last WEL 6.0 ISR 0.833
Steps 87479/100000 | ep_return(10) -9.78 | last WEL 15.0 ISR 0.500
Steps 88979/100000 | ep_return(10) -12.81 | last WEL 15.0 ISR 0.500
Steps 90531/100000 | ep_return(10) -11.65 | last WEL 0.0 ISR 1.000
Steps 92062/100000 | ep_return(10) -13.98 | last WEL 22.0 ISR 0.500
Steps 93647/100000 | ep_return(10) -7.80 | last WEL 12.0 ISR 0.667
Steps 95273/100000 | ep_return(10) -9.71 | last WEL 12.0 ISR 0.500
Steps 96773/100000 | ep_return(10) -11.57 | last WEL 9.0 ISR 0.667
Steps 98343/100000 | ep_return(10) -12.84 | last WEL 0.0 ISR 1.000
Steps 99928/100000 | ep_return(10) -10.20 | last WEL 3.0 ISR 0.833
Steps 101568/100000 | ep_return(10) -6.43 | last WEL 10.0 ISR 0.833
[TRAIN] wo_shaping/california/s1042 done in 38.9 min -> /content/drive/MyDrive/wildfire_phase4/checkpoint_ablation_wo_shaping_california_s1042.pt
