[TRAIN] ablation wo_comms/california/s42 (100000 steps)...
[BC] Collecting tactical demonstrations (30 episodes)...
[BC] Training tactical actor for 60 epochs on 2740 timesteps...
[BC] epoch 0/60 loss 16.613
[BC] epoch 15/60 loss 9.489
[BC] epoch 30/60 loss 7.647
[BC] epoch 45/60 loss 6.621
Steps 1553/100000 | ep_return(10) -36.14 | last WEL 19.0 ISR 0.500
Steps 3182/100000 | ep_return(10) -31.61 | last WEL 22.0 ISR 0.333
Steps 4816/100000 | ep_return(10) -31.23 | last WEL 0.0 ISR 1.000
Steps 6349/100000 | ep_return(10) -36.66 | last WEL 3.0 ISR 0.833
Steps 7878/100000 | ep_return(10) -31.57 | last WEL 18.0 ISR 0.333
Steps 9519/100000 | ep_return(10) -20.83 | last WEL 22.0 ISR 0.333
Steps 11149/100000 | ep_return(10) -20.69 | last WEL 19.0 ISR 0.500
Steps 12750/100000 | ep_return(10) -24.36 | last WEL 18.0 ISR 0.333
Steps 14301/100000 | ep_return(10) -37.12 | last WEL 22.0 ISR 0.333
Steps 15868/100000 | ep_return(10) -23.86 | last WEL 6.0 ISR 0.833
Steps 17469/100000 | ep_return(10) -15.28 | last WEL 0.0 ISR 1.000
Steps 19002/100000 | ep_return(10) -17.86 | last WEL 6.0 ISR 0.833
Steps 20537/100000 | ep_return(10) -19.86 | last WEL 0.0 ISR 1.000
Steps 22045/100000 | ep_return(10) -26.84 | last WEL 0.0 ISR 1.000
Steps 23545/100000 | ep_return(10) -30.84 | last WEL 0.0 ISR 1.000
Steps 25181/100000 | ep_return(10) -26.91 | last WEL 18.0 ISR 0.333
Steps 26785/100000 | ep_return(10) -19.68 | last WEL 6.0 ISR 0.833
Steps 28350/100000 | ep_return(10) -25.95 | last WEL 22.0 ISR 0.333
Steps 29856/100000 | ep_return(10) -16.26 | last WEL 0.0 ISR 1.000
Steps 31381/100000 | ep_return(10) -21.77 | last WEL 0.0 ISR 1.000
Steps 32902/100000 | ep_return(10) -24.98 | last WEL 12.0 ISR 0.667
Steps 34421/100000 | ep_return(10) -23.66 | last WEL 6.0 ISR 0.833
Steps 35981/100000 | ep_return(10) -20.20 | last WEL 6.0 ISR 0.833
Steps 37613/100000 | ep_return(10) -23.71 | last WEL 15.0 ISR 0.500
Steps 39223/100000 | ep_return(10) -19.14 | last WEL 6.0 ISR 0.833
Steps 40798/100000 | ep_return(10) -11.08 | last WEL 3.0 ISR 0.833
Steps 42334/100000 | ep_return(10) -12.99 | last WEL 6.0 ISR 0.833
Steps 43854/100000 | ep_return(10) -23.48 | last WEL 6.0 ISR 0.833
Steps 45373/100000 | ep_return(10) -22.48 | last WEL 0.0 ISR 1.000
Steps 46996/100000 | ep_return(10) -24.72 | last WEL 6.0 ISR 0.667
Steps 48544/100000 | ep_return(10) -17.41 | last WEL 6.0 ISR 0.833
Steps 50191/100000 | ep_return(10) -22.06 | last WEL 12.0 ISR 0.500
Steps 51757/100000 | ep_return(10) -20.89 | last WEL 12.0 ISR 0.500
Steps 53267/100000 | ep_return(10) -28.89 | last WEL 6.0 ISR 0.833
Steps 54774/100000 | ep_return(10) -23.36 | last WEL 0.0 ISR 1.000
Steps 56322/100000 | ep_return(10) -17.44 | last WEL 16.0 ISR 0.667
Steps 57877/100000 | ep_return(10) -13.88 | last WEL 6.0 ISR 0.833
Steps 59473/100000 | ep_return(10) -10.93 | last WEL 0.0 ISR 1.000
Steps 60997/100000 | ep_return(10) -14.14 | last WEL 0.0 ISR 1.000
Steps 62512/100000 | ep_return(10) -14.54 | last WEL 0.0 ISR 1.000
Steps 64015/100000 | ep_return(10) -30.04 | last WEL 6.0 ISR 0.833
Steps 65587/100000 | ep_return(10) -29.18 | last WEL 18.0 ISR 0.500
Steps 67141/100000 | ep_return(10) -10.98 | last WEL 6.0 ISR 0.667
Steps 68761/100000 | ep_return(10) -13.24 | last WEL 10.0 ISR 0.833
Steps 70291/100000 | ep_return(10) -23.42 | last WEL 6.0 ISR 0.833
Steps 71912/100000 | ep_return(10) -16.35 | last WEL 0.0 ISR 1.000
Steps 73436/100000 | ep_return(10) -21.51 | last WEL 6.0 ISR 0.833
Steps 75006/100000 | ep_return(10) -20.86 | last WEL 0.0 ISR 1.000
Steps 76557/100000 | ep_return(10) -15.98 | last WEL 0.0 ISR 1.000
Steps 78070/100000 | ep_return(10) -19.39 | last WEL 6.0 ISR 0.667
Steps 79572/100000 | ep_return(10) -22.55 | last WEL 0.0 ISR 1.000
Steps 81203/100000 | ep_return(10) -16.15 | last WEL 16.0 ISR 0.667
Steps 82786/100000 | ep_return(10) -25.91 | last WEL 12.0 ISR 0.500
Steps 84401/100000 | ep_return(10) -17.87 | last WEL 3.0 ISR 0.833
Steps 85946/100000 | ep_return(10) -17.27 | last WEL 6.0 ISR 0.833
Steps 87529/100000 | ep_return(10) -21.02 | last WEL 0.0 ISR 1.000
Steps 89096/100000 | ep_return(10) -23.13 | last WEL 6.0 ISR 0.833
Steps 90640/100000 | ep_return(10) -10.78 | last WEL 0.0 ISR 1.000
Steps 92270/100000 | ep_return(10) -26.96 | last WEL 6.0 ISR 0.833
Steps 93894/100000 | ep_return(10) -19.06 | last WEL 6.0 ISR 0.833
Steps 95400/100000 | ep_return(10) -18.72 | last WEL 9.0 ISR 0.667
Steps 96932/100000 | ep_return(10) -28.17 | last WEL 0.0 ISR 1.000
Steps 98467/100000 | ep_return(10) -14.38 | last WEL 0.0 ISR 1.000
Steps 99986/100000 | ep_return(10) -11.16 | last WEL 6.0 ISR 0.833
Steps 101621/100000 | ep_return(10) -19.04 | last WEL 6.0 ISR 0.833
[TRAIN] wo_comms/california/s42 done in 36.8 min -> /content/drive/MyDrive/wildfire_phase4/checkpoint_ablation_wo_comms_california_s42.pt
