[TRAIN] ablation wo_shaping/california/s2042 (100000 steps)...
[BC] Collecting tactical demonstrations (30 episodes)...
[BC] Training tactical actor for 60 epochs on 2740 timesteps...
[BC] epoch 0/60 loss 17.067
[BC] epoch 15/60 loss 10.188
[BC] epoch 30/60 loss 7.558
[BC] epoch 45/60 loss 5.590
Steps 1551/100000 | ep_return(10) -22.33 | last WEL 9.0 ISR 0.667
Steps 3106/100000 | ep_return(10) -15.42 | last WEL 3.0 ISR 0.833
Steps 4753/100000 | ep_return(10) -16.46 | last WEL 16.0 ISR 0.500
Steps 6283/100000 | ep_return(10) -14.42 | last WEL 6.0 ISR 0.833
Steps 7895/100000 | ep_return(10) -16.94 | last WEL 12.0 ISR 0.500
Steps 9480/100000 | ep_return(10) -19.41 | last WEL 19.0 ISR 0.500
Steps 11114/100000 | ep_return(10) -15.54 | last WEL 3.0 ISR 0.833
Steps 12734/100000 | ep_return(10) -13.72 | last WEL 6.0 ISR 0.833
Steps 14300/100000 | ep_return(10) -24.74 | last WEL 25.0 ISR 0.333
Steps 15834/100000 | ep_return(10) -10.79 | last WEL 6.0 ISR 0.833
Steps 17455/100000 | ep_return(10) -22.51 | last WEL 25.0 ISR 0.333
Steps 19026/100000 | ep_return(10) -9.07 | last WEL 6.0 ISR 0.833
Steps 20633/100000 | ep_return(10) -11.64 | last WEL 12.0 ISR 0.667
Steps 22147/100000 | ep_return(10) -10.72 | last WEL 15.0 ISR 0.500
Steps 23658/100000 | ep_return(10) -12.60 | last WEL 6.0 ISR 0.833
Steps 25267/100000 | ep_return(10) -10.80 | last WEL 22.0 ISR 0.500
Steps 26769/100000 | ep_return(10) -14.95 | last WEL 16.0 ISR 0.667
Steps 28346/100000 | ep_return(10) -15.57 | last WEL 19.0 ISR 0.500
Steps 29932/100000 | ep_return(10) -11.73 | last WEL 0.0 ISR 1.000
Steps 31451/100000 | ep_return(10) -15.65 | last WEL 22.0 ISR 0.500
Steps 32988/100000 | ep_return(10) -4.15 | last WEL 0.0 ISR 1.000
Steps 34628/100000 | ep_return(10) -14.39 | last WEL 6.0 ISR 0.833
Steps 36128/100000 | ep_return(10) -15.89 | last WEL 10.0 ISR 0.833
Steps 37686/100000 | ep_return(10) -15.58 | last WEL 16.0 ISR 0.667
Steps 39289/100000 | ep_return(10) -14.50 | last WEL 13.0 ISR 0.667
Steps 40807/100000 | ep_return(10) -13.77 | last WEL 6.0 ISR 0.833
Steps 42386/100000 | ep_return(10) -9.68 | last WEL 0.0 ISR 1.000
Steps 43897/100000 | ep_return(10) -16.00 | last WEL 6.0 ISR 0.833
Steps 45456/100000 | ep_return(10) -11.99 | last WEL 6.0 ISR 0.833
Steps 47054/100000 | ep_return(10) -11.71 | last WEL 19.0 ISR 0.500
Steps 48574/100000 | ep_return(10) -8.31 | last WEL 0.0 ISR 1.000
Steps 50100/100000 | ep_return(10) -11.20 | last WEL 6.0 ISR 0.833
Steps 51651/100000 | ep_return(10) -7.59 | last WEL 13.0 ISR 0.667
Steps 53197/100000 | ep_return(10) -8.11 | last WEL 6.0 ISR 0.833
Steps 54701/100000 | ep_return(10) -13.03 | last WEL 12.0 ISR 0.667
Steps 56346/100000 | ep_return(10) -6.25 | last WEL 9.0 ISR 0.667
Steps 57940/100000 | ep_return(10) -10.96 | last WEL 0.0 ISR 1.000
Steps 59507/100000 | ep_return(10) -18.78 | last WEL 19.0 ISR 0.500
Steps 61094/100000 | ep_return(10) -12.88 | last WEL 22.0 ISR 0.500
Steps 62622/100000 | ep_return(10) -14.61 | last WEL 6.0 ISR 0.833
Steps 64220/100000 | ep_return(10) -15.40 | last WEL 12.0 ISR 0.500
Steps 65818/100000 | ep_return(10) -19.50 | last WEL 12.0 ISR 0.667
Steps 67325/100000 | ep_return(10) -12.47 | last WEL 6.0 ISR 0.833
Steps 68907/100000 | ep_return(10) -16.03 | last WEL 22.0 ISR 0.333
Steps 70421/100000 | ep_return(10) -10.54 | last WEL 9.0 ISR 0.667
Steps 72021/100000 | ep_return(10) -11.91 | last WEL 16.0 ISR 0.667
Steps 73550/100000 | ep_return(10) -12.08 | last WEL 9.0 ISR 0.667
Steps 75084/100000 | ep_return(10) -18.75 | last WEL 19.0 ISR 0.500
Steps 76727/100000 | ep_return(10) -8.27 | last WEL 0.0 ISR 1.000
Steps 78250/100000 | ep_return(10) -12.48 | last WEL 6.0 ISR 0.833
Steps 79781/100000 | ep_return(10) -18.48 | last WEL 16.0 ISR 0.667
Steps 81412/100000 | ep_return(10) -11.53 | last WEL 12.0 ISR 0.667
Steps 83011/100000 | ep_return(10) -15.60 | last WEL 13.0 ISR 0.667
Steps 84529/100000 | ep_return(10) -8.30 | last WEL 0.0 ISR 1.000
Steps 86048/100000 | ep_return(10) -11.88 | last WEL 3.0 ISR 0.833
Steps 87629/100000 | ep_return(10) -13.00 | last WEL 3.0 ISR 0.833
Steps 89168/100000 | ep_return(10) -8.20 | last WEL 0.0 ISR 1.000
Steps 90758/100000 | ep_return(10) -10.60 | last WEL 6.0 ISR 0.833
Steps 92279/100000 | ep_return(10) -8.43 | last WEL 12.0 ISR 0.667
Steps 93866/100000 | ep_return(10) -11.33 | last WEL 12.0 ISR 0.667
Steps 95383/100000 | ep_return(10) -15.77 | last WEL 6.0 ISR 0.833
Steps 96922/100000 | ep_return(10) -17.21 | last WEL 16.0 ISR 0.667
Steps 98564/100000 | ep_return(10) -12.81 | last WEL 3.0 ISR 0.833
Steps 100173/100000 | ep_return(10) -10.14 | last WEL 16.0 ISR 0.667
[TRAIN] wo_shaping/california/s2042 done in 38.2 min -> /content/drive/MyDrive/wildfire_phase4/checkpoint_ablation_wo_shaping_california_s2042.pt
