[TRAIN] ablation wo_shaping/saudi/s3042 (100000 steps)...
[BC] Collecting tactical demonstrations (30 episodes)...
[BC] Training tactical actor for 60 epochs on 3473 timesteps...
[BC] epoch 0/60 loss 21.717
[BC] epoch 15/60 loss 12.376
[BC] epoch 30/60 loss 8.832
[BC] epoch 45/60 loss 6.228
Steps 1571/100000 | ep_return(10) -13.88 | last WEL 0.0 ISR 1.000
Steps 3090/100000 | ep_return(10) -19.00 | last WEL 13.0 ISR 0.571
Steps 4671/100000 | ep_return(10) -25.67 | last WEL 10.0 ISR 0.857
Steps 6273/100000 | ep_return(10) -21.53 | last WEL 23.0 ISR 0.429
Steps 7908/100000 | ep_return(10) -31.66 | last WEL 13.0 ISR 0.571
Steps 9474/100000 | ep_return(10) -34.17 | last WEL 27.0 ISR 0.286
Steps 11095/100000 | ep_return(10) -30.24 | last WEL 23.0 ISR 0.429
Steps 12707/100000 | ep_return(10) -28.77 | last WEL 27.0 ISR 0.286
Steps 14251/100000 | ep_return(10) -33.79 | last WEL 19.0 ISR 0.571
Steps 15797/100000 | ep_return(10) -31.77 | last WEL 23.0 ISR 0.429
Steps 17369/100000 | ep_return(10) -30.20 | last WEL 14.0 ISR 0.714
Steps 18869/100000 | ep_return(10) -29.99 | last WEL 23.0 ISR 0.429
Steps 20509/100000 | ep_return(10) -22.73 | last WEL 19.0 ISR 0.571
Steps 22052/100000 | ep_return(10) -25.04 | last WEL 23.0 ISR 0.429
Steps 23552/100000 | ep_return(10) -26.57 | last WEL 17.0 ISR 0.571
Steps 25101/100000 | ep_return(10) -25.69 | last WEL 19.0 ISR 0.571
Steps 26665/100000 | ep_return(10) -23.57 | last WEL 4.0 ISR 0.857
Steps 28263/100000 | ep_return(10) -26.11 | last WEL 23.0 ISR 0.429
Steps 29854/100000 | ep_return(10) -28.67 | last WEL 17.0 ISR 0.429
Steps 31439/100000 | ep_return(10) -19.20 | last WEL 9.0 ISR 0.714
Steps 32939/100000 | ep_return(10) -20.16 | last WEL 19.0 ISR 0.571
Steps 34576/100000 | ep_return(10) -26.66 | last WEL 23.0 ISR 0.429
Steps 36209/100000 | ep_return(10) -17.92 | last WEL 17.0 ISR 0.429
Steps 37815/100000 | ep_return(10) -17.86 | last WEL 17.0 ISR 0.571
Steps 39424/100000 | ep_return(10) -16.63 | last WEL 0.0 ISR 1.000
Steps 41042/100000 | ep_return(10) -15.75 | last WEL 9.0 ISR 0.714
Steps 42681/100000 | ep_return(10) -16.04 | last WEL 9.0 ISR 0.714
Steps 44287/100000 | ep_return(10) -6.90 | last WEL 0.0 ISR 1.000
Steps 45871/100000 | ep_return(10) -12.12 | last WEL 13.0 ISR 0.714
Steps 47459/100000 | ep_return(10) -18.41 | last WEL 9.0 ISR 0.714
Steps 48959/100000 | ep_return(10) -13.28 | last WEL 0.0 ISR 1.000
Steps 50576/100000 | ep_return(10) -9.82 | last WEL 0.0 ISR 1.000
Steps 52076/100000 | ep_return(10) -13.48 | last WEL 14.0 ISR 0.714
Steps 53576/100000 | ep_return(10) -14.77 | last WEL 9.0 ISR 0.714
Steps 55135/100000 | ep_return(10) -21.67 | last WEL 19.0 ISR 0.571
Steps 56678/100000 | ep_return(10) -15.45 | last WEL 9.0 ISR 0.714
Steps 58259/100000 | ep_return(10) -14.92 | last WEL 9.0 ISR 0.714
Steps 59828/100000 | ep_return(10) -13.68 | last WEL 3.0 ISR 0.857
Steps 61401/100000 | ep_return(10) -11.30 | last WEL 0.0 ISR 1.000
Steps 62970/100000 | ep_return(10) -9.44 | last WEL 9.0 ISR 0.714
Steps 64470/100000 | ep_return(10) -13.00 | last WEL 10.0 ISR 0.857
Steps 65970/100000 | ep_return(10) -9.25 | last WEL 3.0 ISR 0.857
Steps 67528/100000 | ep_return(10) -12.12 | last WEL 14.0 ISR 0.714
Steps 69119/100000 | ep_return(10) -14.57 | last WEL 13.0 ISR 0.571
Steps 70619/100000 | ep_return(10) -16.35 | last WEL 9.0 ISR 0.714
Steps 72122/100000 | ep_return(10) -17.80 | last WEL 9.0 ISR 0.714
Steps 73765/100000 | ep_return(10) -12.70 | last WEL 13.0 ISR 0.714
Steps 75351/100000 | ep_return(10) -14.27 | last WEL 19.0 ISR 0.571
Steps 76853/100000 | ep_return(10) -6.90 | last WEL 4.0 ISR 0.857
Steps 78357/100000 | ep_return(10) -9.95 | last WEL 8.0 ISR 0.714
Steps 79919/100000 | ep_return(10) -7.61 | last WEL 14.0 ISR 0.714
Steps 81419/100000 | ep_return(10) -8.06 | last WEL 4.0 ISR 0.857
Steps 83030/100000 | ep_return(10) -9.74 | last WEL 8.0 ISR 0.714
Steps 84530/100000 | ep_return(10) -8.51 | last WEL 9.0 ISR 0.714
Steps 86030/100000 | ep_return(10) -6.31 | last WEL 0.0 ISR 1.000
Steps 87530/100000 | ep_return(10) -11.24 | last WEL 9.0 ISR 0.714
Steps 89133/100000 | ep_return(10) -7.86 | last WEL 9.0 ISR 0.714
Steps 90633/100000 | ep_return(10) -9.93 | last WEL 10.0 ISR 0.714
Steps 92133/100000 | ep_return(10) -15.83 | last WEL 4.0 ISR 0.857
Steps 93677/100000 | ep_return(10) -15.16 | last WEL 4.0 ISR 0.857
Steps 95178/100000 | ep_return(10) -8.26 | last WEL 4.0 ISR 0.857
Steps 96678/100000 | ep_return(10) -20.96 | last WEL 9.0 ISR 0.714
Steps 98178/100000 | ep_return(10) -10.50 | last WEL 4.0 ISR 0.857
Steps 99795/100000 | ep_return(10) -11.21 | last WEL 0.0 ISR 1.000
Steps 101295/100000 | ep_return(10) -8.06 | last WEL 19.0 ISR 0.571
[TRAIN] wo_shaping/saudi/s3042 done in 40.0 min -> /content/drive/MyDrive/wildfire_phase4/checkpoint_ablation_wo_shaping_saudi_s3042.pt
