[TRAIN] ablation wo_comms/california/s1042 (100000 steps)...
[BC] Collecting tactical demonstrations (30 episodes)...
[BC] Training tactical actor for 60 epochs on 2740 timesteps...
[BC] epoch 0/60 loss 16.849
[BC] epoch 15/60 loss 9.577
[BC] epoch 30/60 loss 7.580
[BC] epoch 45/60 loss 6.083
Steps 1638/100000 | ep_return(10) -24.13 | last WEL 12.0 ISR 0.667
Steps 3145/100000 | ep_return(10) -29.89 | last WEL 6.0 ISR 0.833
Steps 4697/100000 | ep_return(10) -21.39 | last WEL 6.0 ISR 0.833
Steps 6219/100000 | ep_return(10) -28.12 | last WEL 0.0 ISR 1.000
Steps 7761/100000 | ep_return(10) -28.69 | last WEL 16.0 ISR 0.500
Steps 9312/100000 | ep_return(10) -28.33 | last WEL 6.0 ISR 0.833
Steps 10854/100000 | ep_return(10) -24.05 | last WEL 0.0 ISR 1.000
Steps 12406/100000 | ep_return(10) -39.91 | last WEL 22.0 ISR 0.333
Steps 13969/100000 | ep_return(10) -37.28 | last WEL 3.0 ISR 0.833
Steps 15547/100000 | ep_return(10) -19.04 | last WEL 6.0 ISR 0.833
Steps 17096/100000 | ep_return(10) -40.69 | last WEL 22.0 ISR 0.333
Steps 18608/100000 | ep_return(10) -15.26 | last WEL 0.0 ISR 1.000
Steps 20188/100000 | ep_return(10) -29.95 | last WEL 6.0 ISR 0.667
Steps 21773/100000 | ep_return(10) -25.07 | last WEL 18.0 ISR 0.333
Steps 23371/100000 | ep_return(10) -16.66 | last WEL 6.0 ISR 0.833
Steps 24900/100000 | ep_return(10) -22.27 | last WEL 6.0 ISR 0.833
Steps 26431/100000 | ep_return(10) -19.41 | last WEL 6.0 ISR 0.833
Steps 27964/100000 | ep_return(10) -26.69 | last WEL 16.0 ISR 0.667
Steps 29512/100000 | ep_return(10) -19.01 | last WEL 0.0 ISR 1.000
Steps 31086/100000 | ep_return(10) -31.17 | last WEL 3.0 ISR 0.833
Steps 32596/100000 | ep_return(10) -20.65 | last WEL 12.0 ISR 0.500
Steps 34157/100000 | ep_return(10) -8.01 | last WEL 0.0 ISR 1.000
Steps 35736/100000 | ep_return(10) -29.08 | last WEL 22.0 ISR 0.333
Steps 37319/100000 | ep_return(10) -27.01 | last WEL 0.0 ISR 1.000
Steps 38927/100000 | ep_return(10) -33.20 | last WEL 22.0 ISR 0.333
Steps 40445/100000 | ep_return(10) -22.77 | last WEL 12.0 ISR 0.500
Steps 42059/100000 | ep_return(10) -28.26 | last WEL 12.0 ISR 0.500
Steps 43694/100000 | ep_return(10) -39.52 | last WEL 0.0 ISR 1.000
Steps 45224/100000 | ep_return(10) -26.28 | last WEL 28.0 ISR 0.167
Steps 46856/100000 | ep_return(10) -22.23 | last WEL 15.0 ISR 0.500
Steps 48378/100000 | ep_return(10) -24.62 | last WEL 0.0 ISR 1.000
Steps 49884/100000 | ep_return(10) -27.85 | last WEL 0.0 ISR 1.000
Steps 51403/100000 | ep_return(10) -24.23 | last WEL 0.0 ISR 1.000
Steps 53033/100000 | ep_return(10) -40.71 | last WEL 19.0 ISR 0.500
Steps 54539/100000 | ep_return(10) -27.36 | last WEL 22.0 ISR 0.333
Steps 56109/100000 | ep_return(10) -15.51 | last WEL 16.0 ISR 0.667
Steps 57740/100000 | ep_return(10) -20.04 | last WEL 16.0 ISR 0.500
Steps 59272/100000 | ep_return(10) -23.57 | last WEL 0.0 ISR 1.000
Steps 60905/100000 | ep_return(10) -24.99 | last WEL 28.0 ISR 0.167
Steps 62422/100000 | ep_return(10) -24.89 | last WEL 0.0 ISR 1.000
Steps 64053/100000 | ep_return(10) -18.33 | last WEL 22.0 ISR 0.333
Steps 65654/100000 | ep_return(10) -18.13 | last WEL 6.0 ISR 0.833
Steps 67222/100000 | ep_return(10) -29.94 | last WEL 19.0 ISR 0.500
Steps 68735/100000 | ep_return(10) -19.62 | last WEL 15.0 ISR 0.500
Steps 70246/100000 | ep_return(10) -16.90 | last WEL 0.0 ISR 1.000
Steps 71764/100000 | ep_return(10) -13.05 | last WEL 13.0 ISR 0.667
Steps 73321/100000 | ep_return(10) -12.41 | last WEL 0.0 ISR 1.000
Steps 74826/100000 | ep_return(10) -20.47 | last WEL 0.0 ISR 1.000
Steps 76445/100000 | ep_return(10) -20.25 | last WEL 22.0 ISR 0.333
Steps 78086/100000 | ep_return(10) -14.31 | last WEL 6.0 ISR 0.833
Steps 79717/100000 | ep_return(10) -25.44 | last WEL 22.0 ISR 0.333
Steps 81299/100000 | ep_return(10) -26.36 | last WEL 12.0 ISR 0.667
Steps 82883/100000 | ep_return(10) -9.20 | last WEL 10.0 ISR 0.833
Steps 84398/100000 | ep_return(10) -20.23 | last WEL 0.0 ISR 1.000
Steps 85907/100000 | ep_return(10) -11.82 | last WEL 6.0 ISR 0.833
Steps 87474/100000 | ep_return(10) -16.20 | last WEL 15.0 ISR 0.500
Steps 89095/100000 | ep_return(10) -12.06 | last WEL 6.0 ISR 0.833
Steps 90640/100000 | ep_return(10) -13.77 | last WEL 0.0 ISR 1.000
Steps 92256/100000 | ep_return(10) -15.35 | last WEL 9.0 ISR 0.667
Steps 93884/100000 | ep_return(10) -9.03 | last WEL 6.0 ISR 0.833
Steps 95482/100000 | ep_return(10) -16.65 | last WEL 10.0 ISR 0.833
Steps 97114/100000 | ep_return(10) -12.59 | last WEL 9.0 ISR 0.667
Steps 98635/100000 | ep_return(10) -17.45 | last WEL 6.0 ISR 0.833
Steps 100205/100000 | ep_return(10) -25.34 | last WEL 6.0 ISR 0.833
[TRAIN] wo_comms/california/s1042 done in 36.7 min -> /content/drive/MyDrive/wildfire_phase4/checkpoint_ablation_wo_comms_california_s1042.pt
