[TRAIN] ablation wo_shaping/saudi/s42 (100000 steps)...
[BC] Collecting tactical demonstrations (30 episodes)...
[BC] Training tactical actor for 60 epochs on 3473 timesteps...
[BC] epoch 0/60 loss 21.458
[BC] epoch 15/60 loss 13.315
[BC] epoch 30/60 loss 10.193
[BC] epoch 45/60 loss 7.707
Steps 1637/100000 | ep_return(10) -17.62 | last WEL 3.0 ISR 0.857
Steps 3137/100000 | ep_return(10) -19.46 | last WEL 13.0 ISR 0.571
Steps 4714/100000 | ep_return(10) -24.21 | last WEL 17.0 ISR 0.571
Steps 6216/100000 | ep_return(10) -26.26 | last WEL 4.0 ISR 0.857
Steps 7716/100000 | ep_return(10) -20.17 | last WEL 23.0 ISR 0.429
Steps 9256/100000 | ep_return(10) -14.53 | last WEL 0.0 ISR 1.000
Steps 10823/100000 | ep_return(10) -16.44 | last WEL 9.0 ISR 0.714
Steps 12323/100000 | ep_return(10) -22.72 | last WEL 13.0 ISR 0.571
Steps 13871/100000 | ep_return(10) -15.15 | last WEL 4.0 ISR 0.857
Steps 15454/100000 | ep_return(10) -16.82 | last WEL 9.0 ISR 0.714
Steps 17078/100000 | ep_return(10) -18.18 | last WEL 10.0 ISR 0.857
Steps 18580/100000 | ep_return(10) -10.25 | last WEL 4.0 ISR 0.857
Steps 20183/100000 | ep_return(10) -16.92 | last WEL 4.0 ISR 0.857
Steps 21723/100000 | ep_return(10) -16.79 | last WEL 0.0 ISR 1.000
Steps 23271/100000 | ep_return(10) -19.28 | last WEL 23.0 ISR 0.429
Steps 24895/100000 | ep_return(10) -11.81 | last WEL 13.0 ISR 0.571
Steps 26437/100000 | ep_return(10) -13.29 | last WEL 13.0 ISR 0.571
Steps 27949/100000 | ep_return(10) -17.50 | last WEL 19.0 ISR 0.571
Steps 29551/100000 | ep_return(10) -13.48 | last WEL 0.0 ISR 1.000
Steps 31184/100000 | ep_return(10) -8.60 | last WEL 0.0 ISR 1.000
Steps 32690/100000 | ep_return(10) -10.70 | last WEL 9.0 ISR 0.714
Steps 34244/100000 | ep_return(10) -15.01 | last WEL 0.0 ISR 1.000
Steps 35829/100000 | ep_return(10) -10.21 | last WEL 0.0 ISR 1.000
Steps 37397/100000 | ep_return(10) -10.20 | last WEL 4.0 ISR 0.857
Steps 38980/100000 | ep_return(10) -4.05 | last WEL 0.0 ISR 1.000
Steps 40480/100000 | ep_return(10) -20.47 | last WEL 18.0 ISR 0.571
Steps 41981/100000 | ep_return(10) -12.09 | last WEL 17.0 ISR 0.571
Steps 43486/100000 | ep_return(10) -14.19 | last WEL 10.0 ISR 0.857
Steps 45073/100000 | ep_return(10) -24.78 | last WEL 23.0 ISR 0.429
Steps 46587/100000 | ep_return(10) -19.17 | last WEL 4.0 ISR 0.857
Steps 48179/100000 | ep_return(10) -17.80 | last WEL 19.0 ISR 0.571
Steps 49689/100000 | ep_return(10) -25.79 | last WEL 14.0 ISR 0.714
Steps 51192/100000 | ep_return(10) -21.83 | last WEL 4.0 ISR 0.857
Steps 52738/100000 | ep_return(10) -22.03 | last WEL 27.0 ISR 0.286
Steps 54243/100000 | ep_return(10) -23.51 | last WEL 10.0 ISR 0.857
Steps 55840/100000 | ep_return(10) -23.13 | last WEL 18.0 ISR 0.571
Steps 57397/100000 | ep_return(10) -14.95 | last WEL 4.0 ISR 0.857
Steps 58899/100000 | ep_return(10) -23.79 | last WEL 19.0 ISR 0.571
Steps 60485/100000 | ep_return(10) -22.20 | last WEL 17.0 ISR 0.429
Steps 62103/100000 | ep_return(10) -15.13 | last WEL 3.0 ISR 0.857
Steps 63699/100000 | ep_return(10) -14.94 | last WEL 13.0 ISR 0.571
Steps 65217/100000 | ep_return(10) -15.84 | last WEL 4.0 ISR 0.857
Steps 66865/100000 | ep_return(10) -11.87 | last WEL 8.0 ISR 0.714
Steps 68393/100000 | ep_return(10) -17.02 | last WEL 19.0 ISR 0.571
Steps 69960/100000 | ep_return(10) -9.65 | last WEL 4.0 ISR 0.857
Steps 71587/100000 | ep_return(10) -5.62 | last WEL 4.0 ISR 0.857
Steps 73196/100000 | ep_return(10) -12.29 | last WEL 4.0 ISR 0.857
Steps 74836/100000 | ep_return(10) -9.05 | last WEL 19.0 ISR 0.571
Steps 76438/100000 | ep_return(10) -11.01 | last WEL 0.0 ISR 1.000
Steps 78057/100000 | ep_return(10) -11.89 | last WEL 9.0 ISR 0.714
Steps 79677/100000 | ep_return(10) -7.96 | last WEL 0.0 ISR 1.000
Steps 81177/100000 | ep_return(10) -7.18 | last WEL 4.0 ISR 0.857
Steps 82677/100000 | ep_return(10) -10.74 | last WEL 4.0 ISR 0.857
Steps 84293/100000 | ep_return(10) -10.62 | last WEL 14.0 ISR 0.714
Steps 85795/100000 | ep_return(10) -7.07 | last WEL 0.0 ISR 1.000
Steps 87303/100000 | ep_return(10) -5.59 | last WEL 4.0 ISR 0.857
Steps 88882/100000 | ep_return(10) -11.10 | last WEL 9.0 ISR 0.714
Steps 90530/100000 | ep_return(10) -8.17 | last WEL 9.0 ISR 0.714
Steps 92118/100000 | ep_return(10) -9.61 | last WEL 4.0 ISR 0.857
Steps 93684/100000 | ep_return(10) -7.84 | last WEL 9.0 ISR 0.714
Steps 95229/100000 | ep_return(10) -9.73 | last WEL 14.0 ISR 0.714
Steps 96729/100000 | ep_return(10) -13.77 | last WEL 14.0 ISR 0.714
Steps 98230/100000 | ep_return(10) -12.29 | last WEL 4.0 ISR 0.857
Steps 99747/100000 | ep_return(10) -7.57 | last WEL 4.0 ISR 0.857
Steps 101284/100000 | ep_return(10) -6.97 | last WEL 4.0 ISR 0.857
[TRAIN] wo_shaping/saudi/s42 done in 40.3 min -> /content/drive/MyDrive/wildfire_phase4/checkpoint_ablation_wo_shaping_saudi_s42.pt
