[TRAIN] ablation wo_comms/saudi/s42 (100000 steps)...
[BC] Collecting tactical demonstrations (30 episodes)...
[BC] Training tactical actor for 60 epochs on 3473 timesteps...
[BC] epoch 0/60 loss 21.513
[BC] epoch 15/60 loss 12.371
[BC] epoch 30/60 loss 9.997
[BC] epoch 45/60 loss 8.160
Steps 1605/100000 | ep_return(10) -29.74 | last WEL 9.0 ISR 0.714
Steps 3109/100000 | ep_return(10) -41.15 | last WEL 17.0 ISR 0.429
Steps 4614/100000 | ep_return(10) -32.60 | last WEL 17.0 ISR 0.429
Steps 6114/100000 | ep_return(10) -38.41 | last WEL 9.0 ISR 0.714
Steps 7614/100000 | ep_return(10) -38.49 | last WEL 19.0 ISR 0.571
Steps 9229/100000 | ep_return(10) -35.65 | last WEL 9.0 ISR 0.714
Steps 10843/100000 | ep_return(10) -32.78 | last WEL 0.0 ISR 1.000
Steps 12343/100000 | ep_return(10) -35.46 | last WEL 23.0 ISR 0.429
Steps 13843/100000 | ep_return(10) -42.61 | last WEL 8.0 ISR 0.714
Steps 15346/100000 | ep_return(10) -33.06 | last WEL 9.0 ISR 0.714
Steps 16846/100000 | ep_return(10) -38.73 | last WEL 8.0 ISR 0.714
Steps 18346/100000 | ep_return(10) -24.67 | last WEL 9.0 ISR 0.714
Steps 19853/100000 | ep_return(10) -25.52 | last WEL 9.0 ISR 0.714
Steps 21492/100000 | ep_return(10) -31.33 | last WEL 9.0 ISR 0.714
Steps 23013/100000 | ep_return(10) -15.17 | last WEL 4.0 ISR 0.857
Steps 24513/100000 | ep_return(10) -28.92 | last WEL 13.0 ISR 0.571
Steps 26119/100000 | ep_return(10) -23.84 | last WEL 17.0 ISR 0.429
Steps 27643/100000 | ep_return(10) -21.39 | last WEL 4.0 ISR 0.857
Steps 29278/100000 | ep_return(10) -30.14 | last WEL 0.0 ISR 1.000
Steps 30886/100000 | ep_return(10) -23.70 | last WEL 13.0 ISR 0.571
Steps 32421/100000 | ep_return(10) -24.14 | last WEL 4.0 ISR 0.857
Steps 33922/100000 | ep_return(10) -33.98 | last WEL 4.0 ISR 0.857
Steps 35550/100000 | ep_return(10) -26.61 | last WEL 9.0 ISR 0.714
Steps 37162/100000 | ep_return(10) -19.65 | last WEL 8.0 ISR 0.714
Steps 38746/100000 | ep_return(10) -24.94 | last WEL 0.0 ISR 1.000
Steps 40329/100000 | ep_return(10) -29.17 | last WEL 14.0 ISR 0.714
Steps 41968/100000 | ep_return(10) -20.00 | last WEL 4.0 ISR 0.857
Steps 43559/100000 | ep_return(10) -35.84 | last WEL 27.0 ISR 0.286
Steps 45145/100000 | ep_return(10) -16.49 | last WEL 19.0 ISR 0.571
Steps 46736/100000 | ep_return(10) -28.23 | last WEL 0.0 ISR 1.000
Steps 48248/100000 | ep_return(10) -23.79 | last WEL 13.0 ISR 0.571
Steps 49889/100000 | ep_return(10) -11.80 | last WEL 0.0 ISR 1.000
Steps 51460/100000 | ep_return(10) -20.52 | last WEL 9.0 ISR 0.714
Steps 52960/100000 | ep_return(10) -23.73 | last WEL 9.0 ISR 0.714
Steps 54482/100000 | ep_return(10) -18.33 | last WEL 13.0 ISR 0.571
Steps 56025/100000 | ep_return(10) -23.13 | last WEL 4.0 ISR 0.857
Steps 57559/100000 | ep_return(10) -7.41 | last WEL 10.0 ISR 0.857
Steps 59081/100000 | ep_return(10) -12.56 | last WEL 18.0 ISR 0.571
Steps 60722/100000 | ep_return(10) -14.58 | last WEL 14.0 ISR 0.714
Steps 62262/100000 | ep_return(10) -14.37 | last WEL 9.0 ISR 0.714
Steps 63773/100000 | ep_return(10) -17.05 | last WEL 13.0 ISR 0.571
Steps 65396/100000 | ep_return(10) -16.74 | last WEL 4.0 ISR 0.857
Steps 66939/100000 | ep_return(10) -18.02 | last WEL 9.0 ISR 0.714
Steps 68525/100000 | ep_return(10) -13.91 | last WEL 9.0 ISR 0.714
Steps 70109/100000 | ep_return(10) -13.86 | last WEL 13.0 ISR 0.571
Steps 71723/100000 | ep_return(10) -14.35 | last WEL 13.0 ISR 0.571
Steps 73320/100000 | ep_return(10) -18.25 | last WEL 9.0 ISR 0.714
Steps 74883/100000 | ep_return(10) -14.94 | last WEL 9.0 ISR 0.714
Steps 76461/100000 | ep_return(10) -14.53 | last WEL 4.0 ISR 0.857
Steps 77979/100000 | ep_return(10) -21.83 | last WEL 13.0 ISR 0.571
Steps 79505/100000 | ep_return(10) -8.98 | last WEL 4.0 ISR 0.857
Steps 81113/100000 | ep_return(10) -17.62 | last WEL 0.0 ISR 1.000
Steps 82621/100000 | ep_return(10) -10.06 | last WEL 0.0 ISR 1.000
Steps 84157/100000 | ep_return(10) -13.34 | last WEL 0.0 ISR 1.000
Steps 85718/100000 | ep_return(10) -14.38 | last WEL 9.0 ISR 0.714
Steps 87311/100000 | ep_return(10) -12.30 | last WEL 0.0 ISR 1.000
Steps 88947/100000 | ep_return(10) -14.38 | last WEL 0.0 ISR 1.000
Steps 90500/100000 | ep_return(10) -21.19 | last WEL 14.0 ISR 0.714
Steps 92088/100000 | ep_return(10) -19.19 | last WEL 4.0 ISR 0.857
Steps 93646/100000 | ep_return(10) -13.28 | last WEL 9.0 ISR 0.714
Steps 95151/100000 | ep_return(10) -11.96 | last WEL 0.0 ISR 1.000
Steps 96677/100000 | ep_return(10) -18.09 | last WEL 14.0 ISR 0.714
Steps 98181/100000 | ep_return(10) -16.21 | last WEL 14.0 ISR 0.714
Steps 99685/100000 | ep_return(10) -9.39 | last WEL 0.0 ISR 1.000
Steps 101255/100000 | ep_return(10) -14.25 | last WEL 9.0 ISR 0.714
[TRAIN] wo_comms/saudi/s42 done in 38.0 min -> /content/drive/MyDrive/wildfire_phase4/checkpoint_ablation_wo_comms_saudi_s42.pt
