[TRAIN] ablation wo_shaping/california/s42 (100000 steps)...
[BC] Collecting tactical demonstrations (30 episodes)...
[BC] Training tactical actor for 60 epochs on 2740 timesteps...
[BC] epoch 0/60 loss 16.855
[BC] epoch 15/60 loss 10.798
[BC] epoch 30/60 loss 8.413
[BC] epoch 45/60 loss 6.521
Steps 1586/100000 | ep_return(10) -20.57 | last WEL 16.0 ISR 0.500
Steps 3225/100000 | ep_return(10) -13.23 | last WEL 13.0 ISR 0.667
Steps 4809/100000 | ep_return(10) -23.07 | last WEL 28.0 ISR 0.167
Steps 6432/100000 | ep_return(10) -17.41 | last WEL 13.0 ISR 0.667
Steps 7966/100000 | ep_return(10) -16.36 | last WEL 0.0 ISR 1.000
Steps 9472/100000 | ep_return(10) -19.67 | last WEL 0.0 ISR 1.000
Steps 11052/100000 | ep_return(10) -17.27 | last WEL 6.0 ISR 0.833
Steps 12614/100000 | ep_return(10) -13.32 | last WEL 6.0 ISR 0.833
Steps 14137/100000 | ep_return(10) -16.19 | last WEL 16.0 ISR 0.667
Steps 15745/100000 | ep_return(10) -17.03 | last WEL 6.0 ISR 0.833
Steps 17351/100000 | ep_return(10) -19.01 | last WEL 13.0 ISR 0.667
Steps 18875/100000 | ep_return(10) -22.36 | last WEL 15.0 ISR 0.500
Steps 20422/100000 | ep_return(10) -18.59 | last WEL 0.0 ISR 1.000
Steps 22060/100000 | ep_return(10) -23.34 | last WEL 9.0 ISR 0.667
Steps 23669/100000 | ep_return(10) -19.30 | last WEL 13.0 ISR 0.667
Steps 25233/100000 | ep_return(10) -29.82 | last WEL 25.0 ISR 0.333
Steps 26738/100000 | ep_return(10) -28.80 | last WEL 0.0 ISR 1.000
Steps 28260/100000 | ep_return(10) -18.37 | last WEL 22.0 ISR 0.333
Steps 29876/100000 | ep_return(10) -17.54 | last WEL 9.0 ISR 0.667
Steps 31376/100000 | ep_return(10) -25.67 | last WEL 13.0 ISR 0.667
Steps 32885/100000 | ep_return(10) -23.15 | last WEL 25.0 ISR 0.333
Steps 34528/100000 | ep_return(10) -21.17 | last WEL 6.0 ISR 0.833
Steps 36093/100000 | ep_return(10) -16.48 | last WEL 10.0 ISR 0.833
Steps 37593/100000 | ep_return(10) -15.60 | last WEL 22.0 ISR 0.333
Steps 39103/100000 | ep_return(10) -26.27 | last WEL 28.0 ISR 0.167
Steps 40679/100000 | ep_return(10) -26.63 | last WEL 12.0 ISR 0.500
Steps 42219/100000 | ep_return(10) -19.44 | last WEL 22.0 ISR 0.333
Steps 43834/100000 | ep_return(10) -18.81 | last WEL 22.0 ISR 0.333
Steps 45431/100000 | ep_return(10) -19.87 | last WEL 6.0 ISR 0.667
Steps 47066/100000 | ep_return(10) -12.07 | last WEL 3.0 ISR 0.833
Steps 48604/100000 | ep_return(10) -17.87 | last WEL 0.0 ISR 1.000
Steps 50224/100000 | ep_return(10) -15.67 | last WEL 19.0 ISR 0.500
Steps 51808/100000 | ep_return(10) -8.93 | last WEL 0.0 ISR 1.000
Steps 53425/100000 | ep_return(10) -15.68 | last WEL 6.0 ISR 0.833
Steps 54984/100000 | ep_return(10) -10.94 | last WEL 6.0 ISR 0.667
Steps 56566/100000 | ep_return(10) -23.50 | last WEL 22.0 ISR 0.333
Steps 58107/100000 | ep_return(10) -14.55 | last WEL 6.0 ISR 0.833
Steps 59687/100000 | ep_return(10) -15.78 | last WEL 22.0 ISR 0.500
Steps 61303/100000 | ep_return(10) -10.17 | last WEL 0.0 ISR 1.000
Steps 62925/100000 | ep_return(10) -13.01 | last WEL 19.0 ISR 0.500
Steps 64515/100000 | ep_return(10) -10.92 | last WEL 19.0 ISR 0.500
Steps 66028/100000 | ep_return(10) -9.74 | last WEL 0.0 ISR 1.000
Steps 67553/100000 | ep_return(10) -15.67 | last WEL 0.0 ISR 1.000
Steps 69184/100000 | ep_return(10) -12.37 | last WEL 6.0 ISR 0.833
Steps 70821/100000 | ep_return(10) -15.05 | last WEL 19.0 ISR 0.500
Steps 72458/100000 | ep_return(10) -17.79 | last WEL 15.0 ISR 0.500
Steps 74066/100000 | ep_return(10) -23.37 | last WEL 13.0 ISR 0.667
Steps 75577/100000 | ep_return(10) -14.34 | last WEL 0.0 ISR 1.000
Steps 77085/100000 | ep_return(10) -15.25 | last WEL 10.0 ISR 0.833
Steps 78662/100000 | ep_return(10) -10.50 | last WEL 19.0 ISR 0.500
Steps 80311/100000 | ep_return(10) -9.68 | last WEL 6.0 ISR 0.833
Steps 81892/100000 | ep_return(10) -11.03 | last WEL 9.0 ISR 0.667
Steps 83520/100000 | ep_return(10) -12.05 | last WEL 6.0 ISR 0.833
Steps 85148/100000 | ep_return(10) -13.26 | last WEL 9.0 ISR 0.667
Steps 86784/100000 | ep_return(10) -13.74 | last WEL 6.0 ISR 0.833
Steps 88383/100000 | ep_return(10) -10.77 | last WEL 6.0 ISR 0.833
Steps 89928/100000 | ep_return(10) -14.22 | last WEL 6.0 ISR 0.833
Steps 91548/100000 | ep_return(10) -12.27 | last WEL 6.0 ISR 0.833
Steps 93106/100000 | ep_return(10) -14.71 | last WEL 19.0 ISR 0.500
Steps 94664/100000 | ep_return(10) -14.54 | last WEL 16.0 ISR 0.667
Steps 96240/100000 | ep_return(10) -17.75 | last WEL 16.0 ISR 0.667
Steps 97785/100000 | ep_return(10) -18.84 | last WEL 10.0 ISR 0.833
Steps 99295/100000 | ep_return(10) -15.25 | last WEL 16.0 ISR 0.667
Steps 100944/100000 | ep_return(10) -14.63 | last WEL 6.0 ISR 0.833
[TRAIN] wo_shaping/california/s42 done in 40.0 min -> /content/drive/MyDrive/wildfire_phase4/checkpoint_ablation_wo_shaping_california_s42.pt
