[TRAIN] ablation wo_shaping/saudi/s2042 (100000 steps)...
[BC] Collecting tactical demonstrations (30 episodes)...
[BC] Training tactical actor for 60 epochs on 3473 timesteps...
[BC] epoch 0/60 loss 21.534
[BC] epoch 15/60 loss 12.639
[BC] epoch 30/60 loss 9.211
[BC] epoch 45/60 loss 6.513
Steps 1500/100000 | ep_return(10) -16.26 | last WEL 13.0 ISR 0.571
Steps 3122/100000 | ep_return(10) -14.16 | last WEL 14.0 ISR 0.714
Steps 4622/100000 | ep_return(10) -14.27 | last WEL 0.0 ISR 1.000
Steps 6122/100000 | ep_return(10) -16.45 | last WEL 0.0 ISR 1.000
Steps 7710/100000 | ep_return(10) -21.34 | last WEL 17.0 ISR 0.429
Steps 9351/100000 | ep_return(10) -13.99 | last WEL 17.0 ISR 0.571
Steps 10851/100000 | ep_return(10) -19.57 | last WEL 9.0 ISR 0.714
Steps 12436/100000 | ep_return(10) -14.07 | last WEL 4.0 ISR 0.857
Steps 14052/100000 | ep_return(10) -21.46 | last WEL 19.0 ISR 0.571
Steps 15623/100000 | ep_return(10) -14.41 | last WEL 3.0 ISR 0.857
Steps 17227/100000 | ep_return(10) -19.13 | last WEL 13.0 ISR 0.571
Steps 18777/100000 | ep_return(10) -15.66 | last WEL 23.0 ISR 0.429
Steps 20297/100000 | ep_return(10) -13.87 | last WEL 4.0 ISR 0.857
Steps 21927/100000 | ep_return(10) -15.75 | last WEL 0.0 ISR 1.000
Steps 23427/100000 | ep_return(10) -17.33 | last WEL 17.0 ISR 0.429
Steps 25062/100000 | ep_return(10) -7.35 | last WEL 4.0 ISR 0.857
Steps 26562/100000 | ep_return(10) -8.97 | last WEL 4.0 ISR 0.857
Steps 28062/100000 | ep_return(10) -11.56 | last WEL 7.0 ISR 0.714
Steps 29562/100000 | ep_return(10) -11.45 | last WEL 13.0 ISR 0.571
Steps 31062/100000 | ep_return(10) -18.81 | last WEL 13.0 ISR 0.571
Steps 32562/100000 | ep_return(10) -9.65 | last WEL 11.0 ISR 0.571
Steps 34062/100000 | ep_return(10) -14.65 | last WEL 8.0 ISR 0.714
Steps 35562/100000 | ep_return(10) -9.41 | last WEL 4.0 ISR 0.857
Steps 37178/100000 | ep_return(10) -11.52 | last WEL 8.0 ISR 0.714
Steps 38680/100000 | ep_return(10) -12.62 | last WEL 3.0 ISR 0.857
Steps 40309/100000 | ep_return(10) -7.58 | last WEL 14.0 ISR 0.714
Steps 41809/100000 | ep_return(10) -13.36 | last WEL 23.0 ISR 0.429
Steps 43309/100000 | ep_return(10) -9.93 | last WEL 4.0 ISR 0.857
Steps 44809/100000 | ep_return(10) -11.41 | last WEL 13.0 ISR 0.571
Steps 46309/100000 | ep_return(10) -11.28 | last WEL 8.0 ISR 0.714
Steps 47809/100000 | ep_return(10) -8.34 | last WEL 4.0 ISR 0.857
Steps 49309/100000 | ep_return(10) -11.47 | last WEL 10.0 ISR 0.857
Steps 50809/100000 | ep_return(10) -11.01 | last WEL 4.0 ISR 0.857
Steps 52309/100000 | ep_return(10) -9.24 | last WEL 4.0 ISR 0.857
Steps 53809/100000 | ep_return(10) -12.26 | last WEL 7.0 ISR 0.714
Steps 55309/100000 | ep_return(10) -14.23 | last WEL 4.0 ISR 0.857
Steps 56809/100000 | ep_return(10) -9.70 | last WEL 4.0 ISR 0.857
Steps 58309/100000 | ep_return(10) -8.05 | last WEL 4.0 ISR 0.857
Steps 59809/100000 | ep_return(10) -11.96 | last WEL 0.0 ISR 1.000
Steps 61309/100000 | ep_return(10) -8.24 | last WEL 0.0 ISR 1.000
Steps 62809/100000 | ep_return(10) -8.94 | last WEL 10.0 ISR 0.714
Steps 64309/100000 | ep_return(10) -17.97 | last WEL 14.0 ISR 0.714
Steps 65809/100000 | ep_return(10) -13.27 | last WEL 4.0 ISR 0.857
Steps 67309/100000 | ep_return(10) -15.55 | last WEL 4.0 ISR 0.857
Steps 68809/100000 | ep_return(10) -11.70 | last WEL 4.0 ISR 0.857
Steps 70440/100000 | ep_return(10) -15.73 | last WEL 8.0 ISR 0.714
Steps 71940/100000 | ep_return(10) -13.16 | last WEL 20.0 ISR 0.571
Steps 73440/100000 | ep_return(10) -16.85 | last WEL 10.0 ISR 0.714
Steps 74940/100000 | ep_return(10) -14.84 | last WEL 4.0 ISR 0.857
Steps 76440/100000 | ep_return(10) -11.61 | last WEL 4.0 ISR 0.857
Steps 77940/100000 | ep_return(10) -10.14 | last WEL 4.0 ISR 0.857
Steps 79443/100000 | ep_return(10) -14.01 | last WEL 17.0 ISR 0.429
Steps 80943/100000 | ep_return(10) -14.83 | last WEL 4.0 ISR 0.857
Steps 82443/100000 | ep_return(10) -8.39 | last WEL 4.0 ISR 0.857
Steps 83943/100000 | ep_return(10) -8.94 | last WEL 4.0 ISR 0.857
Steps 85443/100000 | ep_return(10) -17.56 | last WEL 9.0 ISR 0.714
Steps 86943/100000 | ep_return(10) -10.60 | last WEL 8.0 ISR 0.714
Steps 88443/100000 | ep_return(10) -9.93 | last WEL 9.0 ISR 0.714
Steps 89948/100000 | ep_return(10) -8.38 | last WEL 4.0 ISR 0.857
Steps 91448/100000 | ep_return(10) -10.23 | last WEL 4.0 ISR 0.857
Steps 92955/100000 | ep_return(10) -4.72 | last WEL 0.0 ISR 1.000
Steps 94455/100000 | ep_return(10) -17.47 | last WEL 4.0 ISR 0.857
Steps 95955/100000 | ep_return(10) -12.48 | last WEL 4.0 ISR 0.857
Steps 97455/100000 | ep_return(10) -7.09 | last WEL 0.0 ISR 1.000
Steps 98994/100000 | ep_return(10) -9.42 | last WEL 14.0 ISR 0.714
Steps 100541/100000 | ep_return(10) -5.51 | last WEL 4.0 ISR 0.857
[TRAIN] wo_shaping/saudi/s2042 done in 43.6 min -> /content/drive/MyDrive/wildfire_phase4/checkpoint_ablation_wo_shaping_saudi_s2042.pt
