[TRAIN] ablation wo_shaping/saudi/s4042 (100000 steps)...
[BC] Collecting tactical demonstrations (30 episodes)...
[BC] Training tactical actor for 60 epochs on 3473 timesteps...
[BC] epoch 0/60 loss 21.486
[BC] epoch 15/60 loss 13.707
[BC] epoch 30/60 loss 10.461
[BC] epoch 45/60 loss 8.458
Steps 1500/100000 | ep_return(10) -24.54 | last WEL 9.0 ISR 0.714
Steps 3004/100000 | ep_return(10) -25.42 | last WEL 19.0 ISR 0.571
Steps 4576/100000 | ep_return(10) -27.77 | last WEL 23.0 ISR 0.429
Steps 6076/100000 | ep_return(10) -23.70 | last WEL 8.0 ISR 0.714
Steps 7576/100000 | ep_return(10) -26.53 | last WEL 23.0 ISR 0.429
Steps 9081/100000 | ep_return(10) -22.82 | last WEL 23.0 ISR 0.429
Steps 10581/100000 | ep_return(10) -28.71 | last WEL 23.0 ISR 0.429
Steps 12081/100000 | ep_return(10) -20.95 | last WEL 17.0 ISR 0.571
Steps 13722/100000 | ep_return(10) -20.86 | last WEL 23.0 ISR 0.429
Steps 15317/100000 | ep_return(10) -26.42 | last WEL 23.0 ISR 0.429
Steps 16932/100000 | ep_return(10) -22.36 | last WEL 19.0 ISR 0.571
Steps 18432/100000 | ep_return(10) -16.44 | last WEL 14.0 ISR 0.714
Steps 19933/100000 | ep_return(10) -25.47 | last WEL 23.0 ISR 0.429
Steps 21433/100000 | ep_return(10) -16.46 | last WEL 10.0 ISR 0.857
Steps 23017/100000 | ep_return(10) -9.98 | last WEL 4.0 ISR 0.857
Steps 24517/100000 | ep_return(10) -14.10 | last WEL 13.0 ISR 0.571
Steps 26017/100000 | ep_return(10) -16.14 | last WEL 7.0 ISR 0.714
Steps 27517/100000 | ep_return(10) -16.55 | last WEL 10.0 ISR 0.857
Steps 29081/100000 | ep_return(10) -11.60 | last WEL 4.0 ISR 0.857
Steps 30587/100000 | ep_return(10) -10.20 | last WEL 4.0 ISR 0.857
Steps 32087/100000 | ep_return(10) -10.40 | last WEL 3.0 ISR 0.857
Steps 33587/100000 | ep_return(10) -15.45 | last WEL 14.0 ISR 0.714
Steps 35091/100000 | ep_return(10) -11.52 | last WEL 9.0 ISR 0.714
Steps 36591/100000 | ep_return(10) -16.04 | last WEL 18.0 ISR 0.571
Steps 38092/100000 | ep_return(10) -15.36 | last WEL 9.0 ISR 0.714
Steps 39592/100000 | ep_return(10) -16.23 | last WEL 4.0 ISR 0.857
Steps 41092/100000 | ep_return(10) -12.80 | last WEL 0.0 ISR 1.000
Steps 42592/100000 | ep_return(10) -24.32 | last WEL 21.0 ISR 0.429
Steps 44092/100000 | ep_return(10) -13.57 | last WEL 18.0 ISR 0.571
Steps 45592/100000 | ep_return(10) -11.11 | last WEL 21.0 ISR 0.429
Steps 47097/100000 | ep_return(10) -13.76 | last WEL 4.0 ISR 0.857
Steps 48667/100000 | ep_return(10) -14.09 | last WEL 18.0 ISR 0.571
Steps 50167/100000 | ep_return(10) -22.23 | last WEL 10.0 ISR 0.857
Steps 51667/100000 | ep_return(10) -12.02 | last WEL 8.0 ISR 0.714
Steps 53210/100000 | ep_return(10) -10.82 | last WEL 4.0 ISR 0.857
Steps 54710/100000 | ep_return(10) -11.70 | last WEL 20.0 ISR 0.571
Steps 56223/100000 | ep_return(10) -10.36 | last WEL 10.0 ISR 0.857
Steps 57723/100000 | ep_return(10) -15.28 | last WEL 14.0 ISR 0.714
Steps 59356/100000 | ep_return(10) -14.06 | last WEL 4.0 ISR 0.857
Steps 60996/100000 | ep_return(10) -17.62 | last WEL 10.0 ISR 0.857
Steps 62501/100000 | ep_return(10) -15.92 | last WEL 9.0 ISR 0.714
Steps 64001/100000 | ep_return(10) -11.29 | last WEL 4.0 ISR 0.857
Steps 65501/100000 | ep_return(10) -13.26 | last WEL 9.0 ISR 0.714
Steps 67013/100000 | ep_return(10) -14.59 | last WEL 19.0 ISR 0.571
Steps 68514/100000 | ep_return(10) -13.40 | last WEL 4.0 ISR 0.857
Steps 70014/100000 | ep_return(10) -20.39 | last WEL 4.0 ISR 0.857
Steps 71620/100000 | ep_return(10) -11.53 | last WEL 10.0 ISR 0.857
Steps 73121/100000 | ep_return(10) -16.42 | last WEL 19.0 ISR 0.571
Steps 74722/100000 | ep_return(10) -18.93 | last WEL 14.0 ISR 0.714
Steps 76223/100000 | ep_return(10) -10.71 | last WEL 8.0 ISR 0.714
Steps 77723/100000 | ep_return(10) -10.61 | last WEL 8.0 ISR 0.714
Steps 79223/100000 | ep_return(10) -15.28 | last WEL 14.0 ISR 0.714
Steps 80824/100000 | ep_return(10) -10.35 | last WEL 13.0 ISR 0.571
Steps 82324/100000 | ep_return(10) -13.39 | last WEL 4.0 ISR 0.857
Steps 83843/100000 | ep_return(10) -10.93 | last WEL 13.0 ISR 0.571
Steps 85343/100000 | ep_return(10) -9.55 | last WEL 6.0 ISR 0.857
Steps 86843/100000 | ep_return(10) -13.26 | last WEL 19.0 ISR 0.571
Steps 88414/100000 | ep_return(10) -9.66 | last WEL 9.0 ISR 0.714
Steps 89967/100000 | ep_return(10) -9.84 | last WEL 4.0 ISR 0.857
Steps 91467/100000 | ep_return(10) -10.93 | last WEL 4.0 ISR 0.857
Steps 92967/100000 | ep_return(10) -13.71 | last WEL 8.0 ISR 0.714
Steps 94467/100000 | ep_return(10) -19.03 | last WEL 10.0 ISR 0.857
Steps 95967/100000 | ep_return(10) -15.93 | last WEL 4.0 ISR 0.857
Steps 97597/100000 | ep_return(10) -10.65 | last WEL 4.0 ISR 0.857
Steps 99097/100000 | ep_return(10) -13.19 | last WEL 17.0 ISR 0.429
Steps 100597/100000 | ep_return(10) -9.50 | last WEL 4.0 ISR 0.857
[TRAIN] wo_shaping/saudi/s4042 done in 41.2 min -> /content/drive/MyDrive/wildfire_phase4/checkpoint_ablation_wo_shaping_saudi_s4042.pt
