[TRAIN] ablation wo_comms/california/s3042 (100000 steps)...
[BC] Collecting tactical demonstrations (30 episodes)...
[BC] Training tactical actor for 60 epochs on 2740 timesteps...
[BC] epoch 0/60 loss 17.014
[BC] epoch 15/60 loss 9.981
[BC] epoch 30/60 loss 8.131
[BC] epoch 45/60 loss 6.607
Steps 1624/100000 | ep_return(10) -26.32 | last WEL 3.0 ISR 0.833
Steps 3124/100000 | ep_return(10) -24.62 | last WEL 0.0 ISR 1.000
Steps 4700/100000 | ep_return(10) -21.33 | last WEL 22.0 ISR 0.333
Steps 6200/100000 | ep_return(10) -16.03 | last WEL 6.0 ISR 0.833
Steps 7703/100000 | ep_return(10) -39.03 | last WEL 22.0 ISR 0.333
Steps 9243/100000 | ep_return(10) -28.97 | last WEL 0.0 ISR 1.000
Steps 10800/100000 | ep_return(10) -28.85 | last WEL 22.0 ISR 0.333
Steps 12395/100000 | ep_return(10) -23.31 | last WEL 6.0 ISR 0.833
Steps 13969/100000 | ep_return(10) -9.43 | last WEL 16.0 ISR 0.500
Steps 15531/100000 | ep_return(10) -29.99 | last WEL 13.0 ISR 0.667
Steps 17072/100000 | ep_return(10) -25.44 | last WEL 9.0 ISR 0.667
Steps 18585/100000 | ep_return(10) -30.60 | last WEL 0.0 ISR 1.000
Steps 20230/100000 | ep_return(10) -20.97 | last WEL 13.0 ISR 0.667
Steps 21871/100000 | ep_return(10) -44.11 | last WEL 9.0 ISR 0.667
Steps 23414/100000 | ep_return(10) -35.40 | last WEL 12.0 ISR 0.500
Steps 25014/100000 | ep_return(10) -37.13 | last WEL 9.0 ISR 0.667
Steps 26525/100000 | ep_return(10) -26.87 | last WEL 6.0 ISR 0.667
Steps 28028/100000 | ep_return(10) -45.09 | last WEL 22.0 ISR 0.333
Steps 29558/100000 | ep_return(10) -40.00 | last WEL 19.0 ISR 0.500
Steps 31111/100000 | ep_return(10) -12.23 | last WEL 12.0 ISR 0.500
Steps 32632/100000 | ep_return(10) -27.66 | last WEL 6.0 ISR 0.833
Steps 34280/100000 | ep_return(10) -35.21 | last WEL 3.0 ISR 0.833
Steps 35827/100000 | ep_return(10) -18.66 | last WEL 6.0 ISR 0.833
Steps 37415/100000 | ep_return(10) -38.65 | last WEL 24.0 ISR 0.167
Steps 38936/100000 | ep_return(10) -14.46 | last WEL 0.0 ISR 1.000
Steps 40436/100000 | ep_return(10) -19.05 | last WEL 0.0 ISR 1.000
Steps 41939/100000 | ep_return(10) -14.63 | last WEL 16.0 ISR 0.667
Steps 43498/100000 | ep_return(10) -9.37 | last WEL 6.0 ISR 0.833
Steps 45013/100000 | ep_return(10) -13.18 | last WEL 0.0 ISR 1.000
Steps 46610/100000 | ep_return(10) -24.52 | last WEL 6.0 ISR 0.833
Steps 48254/100000 | ep_return(10) -10.63 | last WEL 6.0 ISR 0.833
Steps 49762/100000 | ep_return(10) -15.79 | last WEL 0.0 ISR 1.000
Steps 51333/100000 | ep_return(10) -12.22 | last WEL 6.0 ISR 0.833
Steps 52860/100000 | ep_return(10) -13.16 | last WEL 6.0 ISR 0.833
Steps 54406/100000 | ep_return(10) -17.97 | last WEL 9.0 ISR 0.667
Steps 55932/100000 | ep_return(10) -8.53 | last WEL 9.0 ISR 0.667
Steps 57447/100000 | ep_return(10) -22.16 | last WEL 22.0 ISR 0.333
Steps 59087/100000 | ep_return(10) -29.58 | last WEL 3.0 ISR 0.833
Steps 60590/100000 | ep_return(10) -29.33 | last WEL 6.0 ISR 0.833
Steps 62101/100000 | ep_return(10) -18.83 | last WEL 6.0 ISR 0.833
Steps 63614/100000 | ep_return(10) -21.77 | last WEL 0.0 ISR 1.000
Steps 65209/100000 | ep_return(10) -23.56 | last WEL 12.0 ISR 0.667
Steps 66743/100000 | ep_return(10) -5.37 | last WEL 6.0 ISR 0.833
Steps 68368/100000 | ep_return(10) -22.38 | last WEL 12.0 ISR 0.500
Steps 69892/100000 | ep_return(10) -17.48 | last WEL 9.0 ISR 0.667
Steps 71450/100000 | ep_return(10) -16.58 | last WEL 6.0 ISR 0.833
Steps 72974/100000 | ep_return(10) -12.50 | last WEL 6.0 ISR 0.833
Steps 74546/100000 | ep_return(10) -11.18 | last WEL 0.0 ISR 1.000
Steps 76125/100000 | ep_return(10) -15.27 | last WEL 3.0 ISR 0.833
Steps 77733/100000 | ep_return(10) -12.95 | last WEL 12.0 ISR 0.667
Steps 79276/100000 | ep_return(10) -17.20 | last WEL 6.0 ISR 0.833
Steps 80873/100000 | ep_return(10) -20.83 | last WEL 6.0 ISR 0.833
Steps 82481/100000 | ep_return(10) -14.65 | last WEL 12.0 ISR 0.667
Steps 84128/100000 | ep_return(10) -12.17 | last WEL 3.0 ISR 0.833
Steps 85662/100000 | ep_return(10) -13.55 | last WEL 6.0 ISR 0.833
Steps 87219/100000 | ep_return(10) -13.25 | last WEL 6.0 ISR 0.833
Steps 88729/100000 | ep_return(10) -22.97 | last WEL 22.0 ISR 0.333
Steps 90325/100000 | ep_return(10) -18.48 | last WEL 6.0 ISR 0.833
Steps 91896/100000 | ep_return(10) -22.71 | last WEL 19.0 ISR 0.500
Steps 93412/100000 | ep_return(10) -17.09 | last WEL 6.0 ISR 0.833
Steps 94967/100000 | ep_return(10) -23.65 | last WEL 6.0 ISR 0.833
Steps 96522/100000 | ep_return(10) -31.11 | last WEL 9.0 ISR 0.667
Steps 98027/100000 | ep_return(10) -17.85 | last WEL 6.0 ISR 0.833
Steps 99568/100000 | ep_return(10) -15.76 | last WEL 9.0 ISR 0.667
Steps 101108/100000 | ep_return(10) -25.21 | last WEL 6.0 ISR 0.833
[TRAIN] wo_comms/california/s3042 done in 36.9 min -> /content/drive/MyDrive/wildfire_phase4/checkpoint_ablation_wo_comms_california_s3042.pt
