/home/ali_akarma/venvs/wildfire-marl/lib/python3.12/site-packages/torch/cuda/__init__.py:187: UserWarning: CUDA initialization: The NVIDIA driver on your system is too old (found version 12090). Please update your GPU driver by downloading and installing a new version from the URL: http://www.nvidia.com/Download/index.aspx Alternatively, go to: https://pytorch.org to install a PyTorch version that has been compiled with your version of the CUDA driver. (Triggered internally at /pytorch/c10/cuda/CUDAFunctions.cpp:119.)
  return torch._C._cuda_getDeviceCount() > 0

[TRAIN] hiercomm / saudi / seed 4042 (100000 steps)...
Generating demonstrations for behavior cloning (40 episodes)...
Collected 600 transitions. Training BC for 100 epochs...
BC Epoch 0/100 | Loss: 12.0683
BC Epoch 20/100 | Loss: 1.5943
BC Epoch 40/100 | Loss: 0.9456
BC Epoch 60/100 | Loss: 0.6053
BC Epoch 80/100 | Loss: 0.4372
[BC] Collecting tactical demonstrations (30 episodes)...
[BC] Training tactical actor for 60 epochs on 3589 timesteps...
[BC] epoch 0/60 loss 22.772
[BC] epoch 15/60 loss 15.908
[BC] epoch 30/60 loss 12.521
[BC] epoch 45/60 loss 9.786
Steps 1582/100000 | ep_return(10) -27.66 | last WEL 4.0 ISR 0.857
Steps 3142/100000 | ep_return(10) -20.86 | last WEL 4.0 ISR 0.857
Steps 4747/100000 | ep_return(10) -34.17 | last WEL 10.0 ISR 0.857
Steps 6370/100000 | ep_return(10) -34.38 | last WEL 23.0 ISR 0.429
Steps 7932/100000 | ep_return(10) -29.73 | last WEL 13.0 ISR 0.571
Steps 9432/100000 | ep_return(10) -30.88 | last WEL 13.0 ISR 0.571
Steps 10934/100000 | ep_return(10) -31.46 | last WEL 4.0 ISR 0.857
Steps 12558/100000 | ep_return(10) -31.05 | last WEL 13.0 ISR 0.571
Steps 14103/100000 | ep_return(10) -35.36 | last WEL 27.0 ISR 0.286
Steps 15608/100000 | ep_return(10) -34.55 | last WEL 21.0 ISR 0.429
Steps 17245/100000 | ep_return(10) -34.36 | last WEL 17.0 ISR 0.429
Steps 18867/100000 | ep_return(10) -32.41 | last WEL 13.0 ISR 0.571
Steps 20411/100000 | ep_return(10) -31.64 | last WEL 13.0 ISR 0.571
Steps 21988/100000 | ep_return(10) -26.31 | last WEL 8.0 ISR 0.714
Steps 23567/100000 | ep_return(10) -26.80 | last WEL 10.0 ISR 0.857
Steps 25155/100000 | ep_return(10) -29.37 | last WEL 7.0 ISR 0.714
Steps 26655/100000 | ep_return(10) -37.32 | last WEL 13.0 ISR 0.571
Steps 28159/100000 | ep_return(10) -24.62 | last WEL 14.0 ISR 0.714
Steps 29803/100000 | ep_return(10) -39.11 | last WEL 27.0 ISR 0.286
Steps 31303/100000 | ep_return(10) -35.80 | last WEL 27.0 ISR 0.286
Steps 32803/100000 | ep_return(10) -40.57 | last WEL 23.0 ISR 0.429
Steps 34305/100000 | ep_return(10) -36.16 | last WEL 23.0 ISR 0.429
Steps 35805/100000 | ep_return(10) -38.30 | last WEL 19.0 ISR 0.571
Steps 37305/100000 | ep_return(10) -35.82 | last WEL 8.0 ISR 0.714
Steps 38871/100000 | ep_return(10) -26.07 | last WEL 4.0 ISR 0.857
Steps 40371/100000 | ep_return(10) -37.52 | last WEL 19.0 ISR 0.571
Steps 41871/100000 | ep_return(10) -31.32 | last WEL 4.0 ISR 0.857
Steps 43482/100000 | ep_return(10) -31.13 | last WEL 9.0 ISR 0.714
Steps 45090/100000 | ep_return(10) -30.25 | last WEL 4.0 ISR 0.857
Steps 46590/100000 | ep_return(10) -39.41 | last WEL 17.0 ISR 0.429
Steps 48090/100000 | ep_return(10) -29.09 | last WEL 4.0 ISR 0.857
Steps 49590/100000 | ep_return(10) -35.24 | last WEL 8.0 ISR 0.714
Steps 51090/100000 | ep_return(10) -29.52 | last WEL 8.0 ISR 0.714
Steps 52593/100000 | ep_return(10) -28.40 | last WEL 13.0 ISR 0.571
Steps 54096/100000 | ep_return(10) -26.99 | last WEL 14.0 ISR 0.714
Steps 55596/100000 | ep_return(10) -32.14 | last WEL 13.0 ISR 0.571
Steps 57096/100000 | ep_return(10) -36.18 | last WEL 9.0 ISR 0.714
Steps 58596/100000 | ep_return(10) -35.41 | last WEL 9.0 ISR 0.714
Steps 60096/100000 | ep_return(10) -32.96 | last WEL 8.0 ISR 0.714
Steps 61596/100000 | ep_return(10) -33.00 | last WEL 13.0 ISR 0.571
Steps 63099/100000 | ep_return(10) -29.00 | last WEL 0.0 ISR 1.000
Steps 64686/100000 | ep_return(10) -21.32 | last WEL 9.0 ISR 0.714
Steps 66188/100000 | ep_return(10) -24.49 | last WEL 0.0 ISR 1.000
Steps 67702/100000 | ep_return(10) -25.96 | last WEL 20.0 ISR 0.571
Steps 69303/100000 | ep_return(10) -21.33 | last WEL 4.0 ISR 0.857
Steps 70803/100000 | ep_return(10) -30.50 | last WEL 13.0 ISR 0.571
Steps 72353/100000 | ep_return(10) -20.28 | last WEL 0.0 ISR 1.000
Steps 73853/100000 | ep_return(10) -29.05 | last WEL 9.0 ISR 0.714
Steps 75353/100000 | ep_return(10) -28.07 | last WEL 4.0 ISR 0.857
Steps 76919/100000 | ep_return(10) -29.64 | last WEL 10.0 ISR 0.857
Steps 78419/100000 | ep_return(10) -33.84 | last WEL 13.0 ISR 0.571
Steps 79919/100000 | ep_return(10) -30.35 | last WEL 4.0 ISR 0.857
Steps 81419/100000 | ep_return(10) -34.62 | last WEL 13.0 ISR 0.571
Steps 83015/100000 | ep_return(10) -26.07 | last WEL 4.0 ISR 0.857
Steps 84518/100000 | ep_return(10) -25.20 | last WEL 17.0 ISR 0.571
Steps 86020/100000 | ep_return(10) -27.93 | last WEL 4.0 ISR 0.857
Steps 87520/100000 | ep_return(10) -27.06 | last WEL 4.0 ISR 0.857
Steps 89020/100000 | ep_return(10) -27.12 | last WEL 4.0 ISR 0.857
Steps 90609/100000 | ep_return(10) -25.70 | last WEL 8.0 ISR 0.714
Steps 92226/100000 | ep_return(10) -29.90 | last WEL 13.0 ISR 0.571
Steps 93772/100000 | ep_return(10) -28.12 | last WEL 4.0 ISR 0.857
Steps 95306/100000 | ep_return(10) -21.77 | last WEL 8.0 ISR 0.714
Steps 96906/100000 | ep_return(10) -24.85 | last WEL 18.0 ISR 0.571
Steps 98408/100000 | ep_return(10) -20.22 | last WEL 4.0 ISR 0.857
Steps 99913/100000 | ep_return(10) -21.87 | last WEL 18.0 ISR 0.571
Steps 101420/100000 | ep_return(10) -21.18 | last WEL 6.0 ISR 0.857
[TRAIN] hiercomm/saudi/s4042 done in 28.5 min -> wildfire_phase3_hiercomm_learned/checkpoint_hiercomm_saudi_s4042.pt
