/home/ali_akarma/venvs/wildfire-marl/lib/python3.12/site-packages/torch/cuda/__init__.py:187: UserWarning: CUDA initialization: The NVIDIA driver on your system is too old (found version 12090). Please update your GPU driver by downloading and installing a new version from the URL: http://www.nvidia.com/Download/index.aspx Alternatively, go to: https://pytorch.org to install a PyTorch version that has been compiled with your version of the CUDA driver. (Triggered internally at /pytorch/c10/cuda/CUDAFunctions.cpp:119.)
  return torch._C._cuda_getDeviceCount() > 0

[TRAIN] hiercomm / california / seed 1042 (100000 steps)...
Generating demonstrations for behavior cloning (40 episodes)...
Collected 549 transitions. Training BC for 100 epochs...
BC Epoch 0/100 | Loss: 11.0555
BC Epoch 20/100 | Loss: 2.8654
BC Epoch 40/100 | Loss: 1.7780
BC Epoch 60/100 | Loss: 1.2826
BC Epoch 80/100 | Loss: 0.9864
[BC] Collecting tactical demonstrations (30 episodes)...
[BC] Training tactical actor for 60 epochs on 2739 timesteps...
[BC] epoch 0/60 loss 16.693
[BC] epoch 15/60 loss 9.871
[BC] epoch 30/60 loss 6.970
[BC] epoch 45/60 loss 4.634
Steps 1540/100000 | ep_return(10) -30.10 | last WEL 6.0 ISR 0.833
Steps 3118/100000 | ep_return(10) -34.45 | last WEL 22.0 ISR 0.500
Steps 4730/100000 | ep_return(10) -14.27 | last WEL 0.0 ISR 1.000
Steps 6243/100000 | ep_return(10) -33.23 | last WEL 6.0 ISR 0.833
Steps 7805/100000 | ep_return(10) -30.85 | last WEL 28.0 ISR 0.167
Steps 9308/100000 | ep_return(10) -27.06 | last WEL 0.0 ISR 1.000
Steps 10933/100000 | ep_return(10) -26.41 | last WEL 6.0 ISR 0.833
Steps 12470/100000 | ep_return(10) -27.91 | last WEL 12.0 ISR 0.500
Steps 14055/100000 | ep_return(10) -23.12 | last WEL 12.0 ISR 0.500
Steps 15575/100000 | ep_return(10) -41.21 | last WEL 18.0 ISR 0.333
Steps 17075/100000 | ep_return(10) -32.78 | last WEL 12.0 ISR 0.667
Steps 18580/100000 | ep_return(10) -44.98 | last WEL 6.0 ISR 0.833
Steps 20203/100000 | ep_return(10) -28.52 | last WEL 6.0 ISR 0.833
Steps 21704/100000 | ep_return(10) -34.34 | last WEL 12.0 ISR 0.500
Steps 23343/100000 | ep_return(10) -39.38 | last WEL 16.0 ISR 0.667
Steps 24879/100000 | ep_return(10) -27.38 | last WEL 9.0 ISR 0.667
Steps 26440/100000 | ep_return(10) -30.14 | last WEL 6.0 ISR 0.833
Steps 27940/100000 | ep_return(10) -40.24 | last WEL 6.0 ISR 0.833
Steps 29457/100000 | ep_return(10) -33.70 | last WEL 12.0 ISR 0.500
Steps 31005/100000 | ep_return(10) -43.56 | last WEL 9.0 ISR 0.667
Steps 32572/100000 | ep_return(10) -35.92 | last WEL 16.0 ISR 0.667
Steps 34121/100000 | ep_return(10) -29.67 | last WEL 12.0 ISR 0.500
Steps 35624/100000 | ep_return(10) -28.79 | last WEL 15.0 ISR 0.500
Steps 37270/100000 | ep_return(10) -30.40 | last WEL 22.0 ISR 0.333
Steps 38889/100000 | ep_return(10) -33.73 | last WEL 12.0 ISR 0.500
Steps 40476/100000 | ep_return(10) -34.91 | last WEL 6.0 ISR 0.833
Steps 42058/100000 | ep_return(10) -39.19 | last WEL 6.0 ISR 0.833
Steps 43652/100000 | ep_return(10) -30.40 | last WEL 9.0 ISR 0.667
Steps 45191/100000 | ep_return(10) -28.40 | last WEL 6.0 ISR 0.833
Steps 46722/100000 | ep_return(10) -24.74 | last WEL 6.0 ISR 0.833
Steps 48308/100000 | ep_return(10) -30.94 | last WEL 6.0 ISR 0.833
Steps 49870/100000 | ep_return(10) -30.18 | last WEL 15.0 ISR 0.500
Steps 51415/100000 | ep_return(10) -37.26 | last WEL 6.0 ISR 0.833
Steps 52977/100000 | ep_return(10) -23.00 | last WEL 6.0 ISR 0.833
Steps 54517/100000 | ep_return(10) -36.74 | last WEL 18.0 ISR 0.333
Steps 56155/100000 | ep_return(10) -30.18 | last WEL 12.0 ISR 0.667
Steps 57716/100000 | ep_return(10) -19.73 | last WEL 12.0 ISR 0.667
Steps 59249/100000 | ep_return(10) -34.02 | last WEL 21.0 ISR 0.333
Steps 60837/100000 | ep_return(10) -27.22 | last WEL 6.0 ISR 0.833
Steps 62351/100000 | ep_return(10) -21.38 | last WEL 0.0 ISR 1.000
Steps 63884/100000 | ep_return(10) -21.62 | last WEL 12.0 ISR 0.667
Steps 65440/100000 | ep_return(10) -28.30 | last WEL 15.0 ISR 0.500
Steps 67012/100000 | ep_return(10) -28.86 | last WEL 6.0 ISR 0.833
Steps 68551/100000 | ep_return(10) -29.74 | last WEL 12.0 ISR 0.667
Steps 70185/100000 | ep_return(10) -31.39 | last WEL 21.0 ISR 0.333
Steps 71708/100000 | ep_return(10) -24.06 | last WEL 9.0 ISR 0.667
Steps 73223/100000 | ep_return(10) -28.57 | last WEL 6.0 ISR 0.833
Steps 74723/100000 | ep_return(10) -33.95 | last WEL 0.0 ISR 1.000
Steps 76293/100000 | ep_return(10) -33.68 | last WEL 15.0 ISR 0.500
Steps 77818/100000 | ep_return(10) -32.48 | last WEL 6.0 ISR 0.833
Steps 79393/100000 | ep_return(10) -27.05 | last WEL 6.0 ISR 0.833
Steps 80994/100000 | ep_return(10) -17.43 | last WEL 9.0 ISR 0.667
Steps 82494/100000 | ep_return(10) -17.38 | last WEL 0.0 ISR 1.000
Steps 84088/100000 | ep_return(10) -16.41 | last WEL 6.0 ISR 0.833
Steps 85611/100000 | ep_return(10) -24.68 | last WEL 12.0 ISR 0.667
Steps 87155/100000 | ep_return(10) -40.68 | last WEL 6.0 ISR 0.833
Steps 88684/100000 | ep_return(10) -28.87 | last WEL 9.0 ISR 0.667
Steps 90238/100000 | ep_return(10) -24.71 | last WEL 6.0 ISR 0.833
Steps 91823/100000 | ep_return(10) -31.74 | last WEL 12.0 ISR 0.500
Steps 93357/100000 | ep_return(10) -21.27 | last WEL 12.0 ISR 0.667
Steps 94904/100000 | ep_return(10) -21.12 | last WEL 6.0 ISR 0.833
Steps 96525/100000 | ep_return(10) -22.45 | last WEL 18.0 ISR 0.333
Steps 98027/100000 | ep_return(10) -18.92 | last WEL 6.0 ISR 0.833
Steps 99660/100000 | ep_return(10) -25.45 | last WEL 15.0 ISR 0.500
Steps 101254/100000 | ep_return(10) -29.02 | last WEL 15.0 ISR 0.500
[TRAIN] hiercomm/california/s1042 done in 25.2 min -> wildfire_phase3_hiercomm_learned/checkpoint_hiercomm_california_s1042.pt
