/home/ali_akarma/venvs/wildfire-marl/lib/python3.12/site-packages/torch/cuda/__init__.py:187: UserWarning: CUDA initialization: The NVIDIA driver on your system is too old (found version 12090). Please update your GPU driver by downloading and installing a new version from the URL: http://www.nvidia.com/Download/index.aspx Alternatively, go to: https://pytorch.org to install a PyTorch version that has been compiled with your version of the CUDA driver. (Triggered internally at /pytorch/c10/cuda/CUDAFunctions.cpp:119.)
  return torch._C._cuda_getDeviceCount() > 0

[TRAIN] hiercomm / california / seed 42 (100000 steps)...
Generating demonstrations for behavior cloning (40 episodes)...
Collected 549 transitions. Training BC for 100 epochs...
BC Epoch 0/100 | Loss: 11.9817
BC Epoch 20/100 | Loss: 2.8903
BC Epoch 40/100 | Loss: 1.7403
BC Epoch 60/100 | Loss: 1.2855
BC Epoch 80/100 | Loss: 1.0259
[BC] Collecting tactical demonstrations (30 episodes)...
[BC] Training tactical actor for 60 epochs on 2739 timesteps...
[BC] epoch 0/60 loss 16.851
[BC] epoch 15/60 loss 10.347
[BC] epoch 30/60 loss 8.183
[BC] epoch 45/60 loss 6.234
Steps 1605/100000 | ep_return(10) -54.28 | last WEL 12.0 ISR 0.500
Steps 3129/100000 | ep_return(10) -26.17 | last WEL 15.0 ISR 0.500
Steps 4658/100000 | ep_return(10) -45.51 | last WEL 15.0 ISR 0.500
Steps 6186/100000 | ep_return(10) -36.13 | last WEL 12.0 ISR 0.667
Steps 7719/100000 | ep_return(10) -34.32 | last WEL 18.0 ISR 0.333
Steps 9255/100000 | ep_return(10) -34.36 | last WEL 6.0 ISR 0.833
Steps 10872/100000 | ep_return(10) -28.04 | last WEL 28.0 ISR 0.167
Steps 12420/100000 | ep_return(10) -23.53 | last WEL 0.0 ISR 1.000
Steps 13957/100000 | ep_return(10) -37.14 | last WEL 9.0 ISR 0.667
Steps 15505/100000 | ep_return(10) -23.62 | last WEL 6.0 ISR 0.833
Steps 17090/100000 | ep_return(10) -21.91 | last WEL 13.0 ISR 0.667
Steps 18739/100000 | ep_return(10) -36.05 | last WEL 19.0 ISR 0.500
Steps 20344/100000 | ep_return(10) -38.48 | last WEL 24.0 ISR 0.167
Steps 21868/100000 | ep_return(10) -18.88 | last WEL 6.0 ISR 0.833
Steps 23490/100000 | ep_return(10) -16.59 | last WEL 12.0 ISR 0.500
Steps 24990/100000 | ep_return(10) -9.16 | last WEL 6.0 ISR 0.833
Steps 26514/100000 | ep_return(10) -29.86 | last WEL 15.0 ISR 0.500
Steps 28095/100000 | ep_return(10) -22.46 | last WEL 19.0 ISR 0.500
Steps 29631/100000 | ep_return(10) -17.31 | last WEL 16.0 ISR 0.667
Steps 31259/100000 | ep_return(10) -20.43 | last WEL 16.0 ISR 0.667
Steps 32798/100000 | ep_return(10) -29.69 | last WEL 15.0 ISR 0.500
Steps 34341/100000 | ep_return(10) -23.74 | last WEL 15.0 ISR 0.500
Steps 35969/100000 | ep_return(10) -31.00 | last WEL 6.0 ISR 0.833
Steps 37528/100000 | ep_return(10) -38.41 | last WEL 19.0 ISR 0.500
Steps 39038/100000 | ep_return(10) -27.05 | last WEL 3.0 ISR 0.833
Steps 40630/100000 | ep_return(10) -38.96 | last WEL 19.0 ISR 0.500
Steps 42168/100000 | ep_return(10) -32.78 | last WEL 3.0 ISR 0.833
Steps 43770/100000 | ep_return(10) -28.98 | last WEL 6.0 ISR 0.833
Steps 45279/100000 | ep_return(10) -28.27 | last WEL 6.0 ISR 0.833
Steps 46850/100000 | ep_return(10) -32.44 | last WEL 6.0 ISR 0.833
Steps 48360/100000 | ep_return(10) -32.23 | last WEL 6.0 ISR 0.833
Steps 50002/100000 | ep_return(10) -28.20 | last WEL 18.0 ISR 0.500
Steps 51638/100000 | ep_return(10) -25.86 | last WEL 12.0 ISR 0.667
Steps 53274/100000 | ep_return(10) -26.69 | last WEL 12.0 ISR 0.667
Steps 54832/100000 | ep_return(10) -26.20 | last WEL 6.0 ISR 0.833
Steps 56400/100000 | ep_return(10) -17.05 | last WEL 6.0 ISR 0.833
Steps 57930/100000 | ep_return(10) -27.16 | last WEL 12.0 ISR 0.667
Steps 59455/100000 | ep_return(10) -30.06 | last WEL 6.0 ISR 0.833
Steps 61102/100000 | ep_return(10) -27.36 | last WEL 15.0 ISR 0.500
Steps 62667/100000 | ep_return(10) -13.23 | last WEL 6.0 ISR 0.833
Steps 64239/100000 | ep_return(10) -13.39 | last WEL 0.0 ISR 1.000
Steps 65855/100000 | ep_return(10) -14.48 | last WEL 0.0 ISR 1.000
Steps 67480/100000 | ep_return(10) -26.77 | last WEL 6.0 ISR 0.833
Steps 69085/100000 | ep_return(10) -22.35 | last WEL 15.0 ISR 0.500
Steps 70682/100000 | ep_return(10) -25.21 | last WEL 6.0 ISR 0.833
Steps 72188/100000 | ep_return(10) -21.68 | last WEL 6.0 ISR 0.833
Steps 73718/100000 | ep_return(10) -24.27 | last WEL 6.0 ISR 0.833
Steps 75278/100000 | ep_return(10) -18.21 | last WEL 0.0 ISR 1.000
Steps 76826/100000 | ep_return(10) -21.89 | last WEL 6.0 ISR 0.833
Steps 78345/100000 | ep_return(10) -17.89 | last WEL 6.0 ISR 0.833
Steps 79965/100000 | ep_return(10) -24.48 | last WEL 19.0 ISR 0.500
Steps 81512/100000 | ep_return(10) -18.12 | last WEL 6.0 ISR 0.833
Steps 83042/100000 | ep_return(10) -20.74 | last WEL 6.0 ISR 0.833
Steps 84585/100000 | ep_return(10) -13.93 | last WEL 0.0 ISR 1.000
Steps 86122/100000 | ep_return(10) -17.13 | last WEL 6.0 ISR 0.833
Steps 87661/100000 | ep_return(10) -14.93 | last WEL 16.0 ISR 0.667
Steps 89229/100000 | ep_return(10) -19.60 | last WEL 12.0 ISR 0.667
Steps 90773/100000 | ep_return(10) -12.91 | last WEL 16.0 ISR 0.667
Steps 92335/100000 | ep_return(10) -16.17 | last WEL 0.0 ISR 1.000
Steps 93900/100000 | ep_return(10) -15.39 | last WEL 6.0 ISR 0.833
Steps 95458/100000 | ep_return(10) -15.12 | last WEL 12.0 ISR 0.667
Steps 96966/100000 | ep_return(10) -18.24 | last WEL 6.0 ISR 0.833
Steps 98539/100000 | ep_return(10) -21.31 | last WEL 6.0 ISR 0.833
Steps 100059/100000 | ep_return(10) -14.86 | last WEL 6.0 ISR 0.833
[TRAIN] hiercomm/california/s42 done in 26.0 min -> wildfire_phase3_hiercomm_learned/checkpoint_hiercomm_california_s42.pt
