/home/ali_akarma/venvs/wildfire-marl/lib/python3.12/site-packages/torch/cuda/__init__.py:187: UserWarning: CUDA initialization: The NVIDIA driver on your system is too old (found version 12090). Please update your GPU driver by downloading and installing a new version from the URL: http://www.nvidia.com/Download/index.aspx Alternatively, go to: https://pytorch.org to install a PyTorch version that has been compiled with your version of the CUDA driver. (Triggered internally at /pytorch/c10/cuda/CUDAFunctions.cpp:119.)
  return torch._C._cuda_getDeviceCount() > 0
Training on device: cpu | Region: SAUDI | Reward: welisr
Starting CommNet training...
Steps: 1024/100000 | Mean Return (10 eps): -40.20
Steps: 2048/100000 | Mean Return (10 eps): -40.60
Steps: 3072/100000 | Mean Return (10 eps): -40.20
Steps: 4096/100000 | Mean Return (10 eps): -40.60
Steps: 5120/100000 | Mean Return (10 eps): -41.29
Steps: 6144/100000 | Mean Return (10 eps): -41.29
Steps: 7168/100000 | Mean Return (10 eps): -41.29
Steps: 8192/100000 | Mean Return (10 eps): -41.29
Steps: 9216/100000 | Mean Return (10 eps): -40.00
Steps: 10240/100000 | Mean Return (10 eps): -40.60
Steps: 11264/100000 | Mean Return (10 eps): -40.01
Steps: 12288/100000 | Mean Return (10 eps): -41.30
Steps: 13312/100000 | Mean Return (10 eps): -40.20
Steps: 14336/100000 | Mean Return (10 eps): -40.60
Steps: 15360/100000 | Mean Return (10 eps): -40.60
Steps: 16384/100000 | Mean Return (10 eps): -41.29
Steps: 17408/100000 | Mean Return (10 eps): -41.29
Steps: 18432/100000 | Mean Return (10 eps): -41.29
Steps: 19456/100000 | Mean Return (10 eps): -39.91
Steps: 20480/100000 | Mean Return (10 eps): -41.29
Steps: 21504/100000 | Mean Return (10 eps): -39.51
Steps: 22528/100000 | Mean Return (10 eps): -40.60
Steps: 23552/100000 | Mean Return (10 eps): -39.80
Steps: 24576/100000 | Mean Return (10 eps): -39.81
Steps: 25600/100000 | Mean Return (10 eps): -41.29
Steps: 26624/100000 | Mean Return (10 eps): -39.31
Steps: 27648/100000 | Mean Return (10 eps): -39.14
Steps: 28672/100000 | Mean Return (10 eps): -39.81
Steps: 29696/100000 | Mean Return (10 eps): -38.33
Steps: 30720/100000 | Mean Return (10 eps): -38.31
Steps: 31744/100000 | Mean Return (10 eps): -41.29
Steps: 32768/100000 | Mean Return (10 eps): -38.44
Steps: 33792/100000 | Mean Return (10 eps): -38.91
Steps: 34816/100000 | Mean Return (10 eps): -37.34
Steps: 35840/100000 | Mean Return (10 eps): -39.31
Steps: 36864/100000 | Mean Return (10 eps): -35.86
Steps: 37888/100000 | Mean Return (10 eps): -39.00
Steps: 38912/100000 | Mean Return (10 eps): -36.54
Steps: 39936/100000 | Mean Return (10 eps): -37.43
Steps: 40960/100000 | Mean Return (10 eps): -38.11
Steps: 41984/100000 | Mean Return (10 eps): -34.38
Steps: 43008/100000 | Mean Return (10 eps): -40.40
Steps: 44032/100000 | Mean Return (10 eps): -40.00
Steps: 45056/100000 | Mean Return (10 eps): -39.80
Steps: 46080/100000 | Mean Return (10 eps): -39.31
Steps: 47104/100000 | Mean Return (10 eps): -38.03
Steps: 48128/100000 | Mean Return (10 eps): -40.60
Steps: 49152/100000 | Mean Return (10 eps): -41.29
Steps: 50176/100000 | Mean Return (10 eps): -38.31
Steps: 51200/100000 | Mean Return (10 eps): -40.40
Steps: 52224/100000 | Mean Return (10 eps): -40.20
Steps: 53248/100000 | Mean Return (10 eps): -40.40
Steps: 54272/100000 | Mean Return (10 eps): -35.95
Steps: 55296/100000 | Mean Return (10 eps): -39.80
Steps: 56320/100000 | Mean Return (10 eps): -38.52
Steps: 57344/100000 | Mean Return (10 eps): -32.97
Steps: 58368/100000 | Mean Return (10 eps): -32.87
Steps: 59392/100000 | Mean Return (10 eps): -31.99
Steps: 60416/100000 | Mean Return (10 eps): -30.21
Steps: 61440/100000 | Mean Return (10 eps): -38.91
Steps: 62464/100000 | Mean Return (10 eps): -35.47
Steps: 63488/100000 | Mean Return (10 eps): -31.11
Steps: 64512/100000 | Mean Return (10 eps): -35.27
Steps: 65536/100000 | Mean Return (10 eps): -36.63
Steps: 66560/100000 | Mean Return (10 eps): -38.11
Steps: 67584/100000 | Mean Return (10 eps): -37.43
Steps: 68608/100000 | Mean Return (10 eps): -33.46
Steps: 69632/100000 | Mean Return (10 eps): -33.98
Steps: 70656/100000 | Mean Return (10 eps): -32.57
Steps: 71680/100000 | Mean Return (10 eps): -37.63
Steps: 72704/100000 | Mean Return (10 eps): -31.98
Steps: 73728/100000 | Mean Return (10 eps): -25.24
Steps: 74752/100000 | Mean Return (10 eps): -32.77
Steps: 75776/100000 | Mean Return (10 eps): -18.71
Steps: 76800/100000 | Mean Return (10 eps): -25.91
Steps: 77824/100000 | Mean Return (10 eps): -28.13
Steps: 78848/100000 | Mean Return (10 eps): -13.95
Steps: 79872/100000 | Mean Return (10 eps): -29.01
Steps: 80896/100000 | Mean Return (10 eps): -16.68
Steps: 81920/100000 | Mean Return (10 eps): -17.43
Steps: 82944/100000 | Mean Return (10 eps): -22.51
Steps: 83968/100000 | Mean Return (10 eps): -17.94
Steps: 84992/100000 | Mean Return (10 eps): -38.05
Steps: 86016/100000 | Mean Return (10 eps): -28.76
Steps: 87040/100000 | Mean Return (10 eps): -17.92
Steps: 88064/100000 | Mean Return (10 eps): -21.60
Steps: 89088/100000 | Mean Return (10 eps): -23.73
Steps: 90112/100000 | Mean Return (10 eps): -13.85
Steps: 91136/100000 | Mean Return (10 eps): -20.40
Steps: 92160/100000 | Mean Return (10 eps): -21.41
Steps: 93184/100000 | Mean Return (10 eps): -15.84
Steps: 94208/100000 | Mean Return (10 eps): -21.87
Steps: 95232/100000 | Mean Return (10 eps): -12.39
Steps: 96256/100000 | Mean Return (10 eps): -16.95
Steps: 97280/100000 | Mean Return (10 eps): -11.44
Steps: 98304/100000 | Mean Return (10 eps): -16.99
Steps: 99328/100000 | Mean Return (10 eps): -18.84
Steps: 100352/100000 | Mean Return (10 eps): -14.48
CommNet policy saved successfully to results/phase2_peer/checkpoint_commnet_saudi.pt
Training curve (915 episodes) saved to results/phase2_peer/train_curve_commnet_saudi.csv
