/home/ali_akarma/venvs/wildfire-marl/lib/python3.12/site-packages/torch/cuda/__init__.py:187: UserWarning: CUDA initialization: The NVIDIA driver on your system is too old (found version 12090). Please update your GPU driver by downloading and installing a new version from the URL: http://www.nvidia.com/Download/index.aspx Alternatively, go to: https://pytorch.org to install a PyTorch version that has been compiled with your version of the CUDA driver. (Triggered internally at /pytorch/c10/cuda/CUDAFunctions.cpp:119.)
  return torch._C._cuda_getDeviceCount() > 0
Training on device: cpu | Region: CALIFORNIA | Reward: welisr
Starting CommNet training...
Steps: 1024/100000 | Mean Return (10 eps): -37.00
Steps: 2048/100000 | Mean Return (10 eps): -36.10
Steps: 3072/100000 | Mean Return (10 eps): -32.83
Steps: 4096/100000 | Mean Return (10 eps): -33.70
Steps: 5120/100000 | Mean Return (10 eps): -32.80
Steps: 6144/100000 | Mean Return (10 eps): -34.67
Steps: 7168/100000 | Mean Return (10 eps): -42.10
Steps: 8192/100000 | Mean Return (10 eps): -38.61
Steps: 9216/100000 | Mean Return (10 eps): -33.80
Steps: 10240/100000 | Mean Return (10 eps): -43.81
Steps: 11264/100000 | Mean Return (10 eps): -33.93
Steps: 12288/100000 | Mean Return (10 eps): -31.50
Steps: 13312/100000 | Mean Return (10 eps): -33.24
Steps: 14336/100000 | Mean Return (10 eps): -33.71
Steps: 15360/100000 | Mean Return (10 eps): -33.20
Steps: 16384/100000 | Mean Return (10 eps): -32.20
Steps: 17408/100000 | Mean Return (10 eps): -42.20
Steps: 18432/100000 | Mean Return (10 eps): -36.50
Steps: 19456/100000 | Mean Return (10 eps): -39.90
Steps: 20480/100000 | Mean Return (10 eps): -50.27
Steps: 21504/100000 | Mean Return (10 eps): -37.73
Steps: 22528/100000 | Mean Return (10 eps): -42.67
Steps: 23552/100000 | Mean Return (10 eps): -37.30
Steps: 24576/100000 | Mean Return (10 eps): -27.73
Steps: 25600/100000 | Mean Return (10 eps): -36.23
Steps: 26624/100000 | Mean Return (10 eps): -33.64
Steps: 27648/100000 | Mean Return (10 eps): -30.40
Steps: 28672/100000 | Mean Return (10 eps): -22.20
Steps: 29696/100000 | Mean Return (10 eps): -39.03
Steps: 30720/100000 | Mean Return (10 eps): -31.50
Steps: 31744/100000 | Mean Return (10 eps): -32.88
Steps: 32768/100000 | Mean Return (10 eps): -25.78
Steps: 33792/100000 | Mean Return (10 eps): -28.27
Steps: 34816/100000 | Mean Return (10 eps): -33.61
Steps: 35840/100000 | Mean Return (10 eps): -32.50
Steps: 36864/100000 | Mean Return (10 eps): -39.73
Steps: 37888/100000 | Mean Return (10 eps): -32.54
Steps: 38912/100000 | Mean Return (10 eps): -36.14
Steps: 39936/100000 | Mean Return (10 eps): -32.51
Steps: 40960/100000 | Mean Return (10 eps): -19.96
Steps: 41984/100000 | Mean Return (10 eps): -30.57
Steps: 43008/100000 | Mean Return (10 eps): -36.08
Steps: 44032/100000 | Mean Return (10 eps): -42.50
Steps: 45056/100000 | Mean Return (10 eps): -40.24
Steps: 46080/100000 | Mean Return (10 eps): -32.71
Steps: 47104/100000 | Mean Return (10 eps): -31.73
Steps: 48128/100000 | Mean Return (10 eps): -43.64
Steps: 49152/100000 | Mean Return (10 eps): -44.60
Steps: 50176/100000 | Mean Return (10 eps): -33.88
Steps: 51200/100000 | Mean Return (10 eps): -35.63
Steps: 52224/100000 | Mean Return (10 eps): -34.61
Steps: 53248/100000 | Mean Return (10 eps): -38.10
Steps: 54272/100000 | Mean Return (10 eps): -29.60
Steps: 55296/100000 | Mean Return (10 eps): -43.73
Steps: 56320/100000 | Mean Return (10 eps): -38.57
Steps: 57344/100000 | Mean Return (10 eps): -26.77
Steps: 58368/100000 | Mean Return (10 eps): -33.73
Steps: 59392/100000 | Mean Return (10 eps): -33.33
Steps: 60416/100000 | Mean Return (10 eps): -33.63
Steps: 61440/100000 | Mean Return (10 eps): -38.07
Steps: 62464/100000 | Mean Return (10 eps): -26.82
Steps: 63488/100000 | Mean Return (10 eps): -33.24
Steps: 64512/100000 | Mean Return (10 eps): -31.33
Steps: 65536/100000 | Mean Return (10 eps): -31.17
Steps: 66560/100000 | Mean Return (10 eps): -45.01
Steps: 67584/100000 | Mean Return (10 eps): -39.21
Steps: 68608/100000 | Mean Return (10 eps): -38.10
Steps: 69632/100000 | Mean Return (10 eps): -34.00
Steps: 70656/100000 | Mean Return (10 eps): -31.44
Steps: 71680/100000 | Mean Return (10 eps): -33.50
Steps: 72704/100000 | Mean Return (10 eps): -36.67
Steps: 73728/100000 | Mean Return (10 eps): -34.03
Steps: 74752/100000 | Mean Return (10 eps): -30.84
Steps: 75776/100000 | Mean Return (10 eps): -19.66
Steps: 76800/100000 | Mean Return (10 eps): -31.35
Steps: 77824/100000 | Mean Return (10 eps): -27.55
Steps: 78848/100000 | Mean Return (10 eps): -28.32
Steps: 79872/100000 | Mean Return (10 eps): -33.84
Steps: 80896/100000 | Mean Return (10 eps): -34.01
Steps: 81920/100000 | Mean Return (10 eps): -30.89
Steps: 82944/100000 | Mean Return (10 eps): -35.35
Steps: 83968/100000 | Mean Return (10 eps): -39.60
Steps: 84992/100000 | Mean Return (10 eps): -27.53
Steps: 86016/100000 | Mean Return (10 eps): -27.35
Steps: 87040/100000 | Mean Return (10 eps): -31.17
Steps: 88064/100000 | Mean Return (10 eps): -35.74
Steps: 89088/100000 | Mean Return (10 eps): -26.61
Steps: 90112/100000 | Mean Return (10 eps): -27.57
Steps: 91136/100000 | Mean Return (10 eps): -31.44
Steps: 92160/100000 | Mean Return (10 eps): -37.15
Steps: 93184/100000 | Mean Return (10 eps): -40.24
Steps: 94208/100000 | Mean Return (10 eps): -25.62
Steps: 95232/100000 | Mean Return (10 eps): -40.27
Steps: 96256/100000 | Mean Return (10 eps): -37.80
Steps: 97280/100000 | Mean Return (10 eps): -39.05
Steps: 98304/100000 | Mean Return (10 eps): -34.08
Steps: 99328/100000 | Mean Return (10 eps): -25.22
Steps: 100352/100000 | Mean Return (10 eps): -33.94
CommNet policy saved successfully to results/phase2_peer/checkpoint_commnet_california.pt
Training curve (760 episodes) saved to results/phase2_peer/train_curve_commnet_california.csv
