/home/ali_akarma/venvs/wildfire-marl/lib/python3.12/site-packages/torch/cuda/__init__.py:187: UserWarning: CUDA initialization: The NVIDIA driver on your system is too old (found version 12090). Please update your GPU driver by downloading and installing a new version from the URL: http://www.nvidia.com/Download/index.aspx Alternatively, go to: https://pytorch.org to install a PyTorch version that has been compiled with your version of the CUDA driver. (Triggered internally at /pytorch/c10/cuda/CUDAFunctions.cpp:119.)
  return torch._C._cuda_getDeviceCount() > 0
Training on device: cpu | Region: SAUDI | Reward: welisr
Starting MAPPO training...
Steps: 1024/100000 | Mean Return (10 eps): -41.29
Steps: 2048/100000 | Mean Return (10 eps): -40.00
Steps: 3072/100000 | Mean Return (10 eps): -39.31
Steps: 4096/100000 | Mean Return (10 eps): -39.13
Steps: 5120/100000 | Mean Return (10 eps): -38.63
Steps: 6144/100000 | Mean Return (10 eps): -39.81
Steps: 7168/100000 | Mean Return (10 eps): -39.81
Steps: 8192/100000 | Mean Return (10 eps): -38.71
Steps: 9216/100000 | Mean Return (10 eps): -41.29
Steps: 10240/100000 | Mean Return (10 eps): -41.29
Steps: 11264/100000 | Mean Return (10 eps): -40.61
Steps: 12288/100000 | Mean Return (10 eps): -39.82
Steps: 13312/100000 | Mean Return (10 eps): -41.32
Steps: 14336/100000 | Mean Return (10 eps): -41.30
Steps: 15360/100000 | Mean Return (10 eps): -40.60
Steps: 16384/100000 | Mean Return (10 eps): -41.29
Steps: 17408/100000 | Mean Return (10 eps): -41.29
Steps: 18432/100000 | Mean Return (10 eps): -41.29
Steps: 19456/100000 | Mean Return (10 eps): -39.31
Steps: 20480/100000 | Mean Return (10 eps): -41.29
Steps: 21504/100000 | Mean Return (10 eps): -38.93
Steps: 22528/100000 | Mean Return (10 eps): -41.29
Steps: 23552/100000 | Mean Return (10 eps): -40.21
Steps: 24576/100000 | Mean Return (10 eps): -41.29
Steps: 25600/100000 | Mean Return (10 eps): -40.00
Steps: 26624/100000 | Mean Return (10 eps): -41.29
Steps: 27648/100000 | Mean Return (10 eps): -41.31
Steps: 28672/100000 | Mean Return (10 eps): -41.29
Steps: 29696/100000 | Mean Return (10 eps): -39.81
Steps: 30720/100000 | Mean Return (10 eps): -41.29
Steps: 31744/100000 | Mean Return (10 eps): -40.60
Steps: 32768/100000 | Mean Return (10 eps): -40.60
Steps: 33792/100000 | Mean Return (10 eps): -40.60
Steps: 34816/100000 | Mean Return (10 eps): -41.30
Steps: 35840/100000 | Mean Return (10 eps): -41.29
Steps: 36864/100000 | Mean Return (10 eps): -41.29
Steps: 37888/100000 | Mean Return (10 eps): -41.30
Steps: 38912/100000 | Mean Return (10 eps): -40.61
Steps: 39936/100000 | Mean Return (10 eps): -41.29
Steps: 40960/100000 | Mean Return (10 eps): -41.29
Steps: 41984/100000 | Mean Return (10 eps): -41.29
Steps: 43008/100000 | Mean Return (10 eps): -40.60
Steps: 44032/100000 | Mean Return (10 eps): -38.53
Steps: 45056/100000 | Mean Return (10 eps): -40.01
Steps: 46080/100000 | Mean Return (10 eps): -41.29
Steps: 47104/100000 | Mean Return (10 eps): -41.29
Steps: 48128/100000 | Mean Return (10 eps): -40.60
Steps: 49152/100000 | Mean Return (10 eps): -39.16
Steps: 50176/100000 | Mean Return (10 eps): -41.29
Steps: 51200/100000 | Mean Return (10 eps): -39.00
Steps: 52224/100000 | Mean Return (10 eps): -41.29
Steps: 53248/100000 | Mean Return (10 eps): -41.29
Steps: 54272/100000 | Mean Return (10 eps): -40.60
Steps: 55296/100000 | Mean Return (10 eps): -41.31
Steps: 56320/100000 | Mean Return (10 eps): -41.29
Steps: 57344/100000 | Mean Return (10 eps): -41.29
Steps: 58368/100000 | Mean Return (10 eps): -41.29
Steps: 59392/100000 | Mean Return (10 eps): -39.81
Steps: 60416/100000 | Mean Return (10 eps): -41.29
Steps: 61440/100000 | Mean Return (10 eps): -41.29
Steps: 62464/100000 | Mean Return (10 eps): -41.30
Steps: 63488/100000 | Mean Return (10 eps): -41.30
Steps: 64512/100000 | Mean Return (10 eps): -39.31
Steps: 65536/100000 | Mean Return (10 eps): -41.29
Steps: 66560/100000 | Mean Return (10 eps): -39.11
Steps: 67584/100000 | Mean Return (10 eps): -41.30
Steps: 68608/100000 | Mean Return (10 eps): -41.29
Steps: 69632/100000 | Mean Return (10 eps): -41.29
Steps: 70656/100000 | Mean Return (10 eps): -41.29
Steps: 71680/100000 | Mean Return (10 eps): -38.23
Steps: 72704/100000 | Mean Return (10 eps): -39.81
Steps: 73728/100000 | Mean Return (10 eps): -39.81
Steps: 74752/100000 | Mean Return (10 eps): -41.30
Steps: 75776/100000 | Mean Return (10 eps): -40.00
Steps: 76800/100000 | Mean Return (10 eps): -40.60
Steps: 77824/100000 | Mean Return (10 eps): -39.31
Steps: 78848/100000 | Mean Return (10 eps): -41.31
Steps: 79872/100000 | Mean Return (10 eps): -41.30
Steps: 80896/100000 | Mean Return (10 eps): -40.11
Steps: 81920/100000 | Mean Return (10 eps): -41.29
Steps: 82944/100000 | Mean Return (10 eps): -39.31
Steps: 83968/100000 | Mean Return (10 eps): -41.29
Steps: 84992/100000 | Mean Return (10 eps): -41.30
Steps: 86016/100000 | Mean Return (10 eps): -40.60
Steps: 87040/100000 | Mean Return (10 eps): -41.29
Steps: 88064/100000 | Mean Return (10 eps): -41.29
Steps: 89088/100000 | Mean Return (10 eps): -41.29
Steps: 90112/100000 | Mean Return (10 eps): -41.29
Steps: 91136/100000 | Mean Return (10 eps): -41.30
Steps: 92160/100000 | Mean Return (10 eps): -40.61
Steps: 93184/100000 | Mean Return (10 eps): -41.30
Steps: 94208/100000 | Mean Return (10 eps): -41.30
Steps: 95232/100000 | Mean Return (10 eps): -41.29
Steps: 96256/100000 | Mean Return (10 eps): -41.29
Steps: 97280/100000 | Mean Return (10 eps): -40.00
Steps: 98304/100000 | Mean Return (10 eps): -41.29
Steps: 99328/100000 | Mean Return (10 eps): -41.29
Steps: 100352/100000 | Mean Return (10 eps): -41.31
MAPPO policy saved successfully to results/phase2_peer/checkpoint_mappo_saudi.pt
Training curve (905 episodes) saved to results/phase2_peer/train_curve_mappo_saudi.csv
