/home/ali_akarma/venvs/wildfire-marl/lib/python3.12/site-packages/torch/cuda/__init__.py:187: UserWarning: CUDA initialization: The NVIDIA driver on your system is too old (found version 12090). Please update your GPU driver by downloading and installing a new version from the URL: http://www.nvidia.com/Download/index.aspx Alternatively, go to: https://pytorch.org to install a PyTorch version that has been compiled with your version of the CUDA driver. (Triggered internally at /pytorch/c10/cuda/CUDAFunctions.cpp:119.)
  return torch._C._cuda_getDeviceCount() > 0
Training on device: cpu | Region: CALIFORNIA | Reward: welisr
Starting MAPPO training...
Steps: 1024/100000 | Mean Return (10 eps): -39.76
Steps: 2048/100000 | Mean Return (10 eps): -44.67
Steps: 3072/100000 | Mean Return (10 eps): -48.00
Steps: 4096/100000 | Mean Return (10 eps): -39.10
Steps: 5120/100000 | Mean Return (10 eps): -41.77
Steps: 6144/100000 | Mean Return (10 eps): -35.03
Steps: 7168/100000 | Mean Return (10 eps): -40.57
Steps: 8192/100000 | Mean Return (10 eps): -34.73
Steps: 9216/100000 | Mean Return (10 eps): -38.67
Steps: 10240/100000 | Mean Return (10 eps): -40.53
Steps: 11264/100000 | Mean Return (10 eps): -47.47
Steps: 12288/100000 | Mean Return (10 eps): -45.20
Steps: 13312/100000 | Mean Return (10 eps): -51.20
Steps: 14336/100000 | Mean Return (10 eps): -51.20
Steps: 15360/100000 | Mean Return (10 eps): -37.00
Steps: 16384/100000 | Mean Return (10 eps): -37.01
Steps: 17408/100000 | Mean Return (10 eps): -37.23
Steps: 18432/100000 | Mean Return (10 eps): -28.87
Steps: 19456/100000 | Mean Return (10 eps): -44.57
Steps: 20480/100000 | Mean Return (10 eps): -36.60
Steps: 21504/100000 | Mean Return (10 eps): -35.67
Steps: 22528/100000 | Mean Return (10 eps): -40.53
Steps: 23552/100000 | Mean Return (10 eps): -42.03
Steps: 24576/100000 | Mean Return (10 eps): -43.24
Steps: 25600/100000 | Mean Return (10 eps): -31.50
Steps: 26624/100000 | Mean Return (10 eps): -42.40
Steps: 27648/100000 | Mean Return (10 eps): -41.47
Steps: 28672/100000 | Mean Return (10 eps): -40.53
Steps: 29696/100000 | Mean Return (10 eps): -41.77
Steps: 30720/100000 | Mean Return (10 eps): -44.68
Steps: 31744/100000 | Mean Return (10 eps): -42.70
Steps: 32768/100000 | Mean Return (10 eps): -43.63
Steps: 33792/100000 | Mean Return (10 eps): -28.60
Steps: 34816/100000 | Mean Return (10 eps): -33.18
Steps: 35840/100000 | Mean Return (10 eps): -44.68
Steps: 36864/100000 | Mean Return (10 eps): -44.68
Steps: 37888/100000 | Mean Return (10 eps): -37.85
Steps: 38912/100000 | Mean Return (10 eps): -42.30
Steps: 39936/100000 | Mean Return (10 eps): -42.08
Steps: 40960/100000 | Mean Return (10 eps): -38.91
Steps: 41984/100000 | Mean Return (10 eps): -43.67
Steps: 43008/100000 | Mean Return (10 eps): -34.97
Steps: 44032/100000 | Mean Return (10 eps): -34.73
Steps: 45056/100000 | Mean Return (10 eps): -33.80
Steps: 46080/100000 | Mean Return (10 eps): -42.00
Steps: 47104/100000 | Mean Return (10 eps): -44.67
Steps: 48128/100000 | Mean Return (10 eps): -47.37
Steps: 49152/100000 | Mean Return (10 eps): -36.91
Steps: 50176/100000 | Mean Return (10 eps): -34.11
Steps: 51200/100000 | Mean Return (10 eps): -42.07
Steps: 52224/100000 | Mean Return (10 eps): -42.70
Steps: 53248/100000 | Mean Return (10 eps): -44.07
Steps: 54272/100000 | Mean Return (10 eps): -37.93
Steps: 55296/100000 | Mean Return (10 eps): -39.28
Steps: 56320/100000 | Mean Return (10 eps): -35.67
Steps: 57344/100000 | Mean Return (10 eps): -30.31
Steps: 58368/100000 | Mean Return (10 eps): -39.90
Steps: 59392/100000 | Mean Return (10 eps): -40.83
Steps: 60416/100000 | Mean Return (10 eps): -34.54
Steps: 61440/100000 | Mean Return (10 eps): -39.90
Steps: 62464/100000 | Mean Return (10 eps): -38.97
Steps: 63488/100000 | Mean Return (10 eps): -37.94
Steps: 64512/100000 | Mean Return (10 eps): -29.14
Steps: 65536/100000 | Mean Return (10 eps): -31.53
Steps: 66560/100000 | Mean Return (10 eps): -41.60
Steps: 67584/100000 | Mean Return (10 eps): -46.13
Steps: 68608/100000 | Mean Return (10 eps): -30.93
Steps: 69632/100000 | Mean Return (10 eps): -31.23
Steps: 70656/100000 | Mean Return (10 eps): -34.77
Steps: 71680/100000 | Mean Return (10 eps): -37.53
Steps: 72704/100000 | Mean Return (10 eps): -38.87
Steps: 73728/100000 | Mean Return (10 eps): -33.60
Steps: 74752/100000 | Mean Return (10 eps): -42.73
Steps: 75776/100000 | Mean Return (10 eps): -33.30
Steps: 76800/100000 | Mean Return (10 eps): -35.18
Steps: 77824/100000 | Mean Return (10 eps): -33.67
Steps: 78848/100000 | Mean Return (10 eps): -41.09
Steps: 79872/100000 | Mean Return (10 eps): -40.49
Steps: 80896/100000 | Mean Return (10 eps): -42.71
Steps: 81920/100000 | Mean Return (10 eps): -30.08
Steps: 82944/100000 | Mean Return (10 eps): -35.47
Steps: 83968/100000 | Mean Return (10 eps): -33.37
Steps: 84992/100000 | Mean Return (10 eps): -30.70
Steps: 86016/100000 | Mean Return (10 eps): -27.44
Steps: 87040/100000 | Mean Return (10 eps): -43.89
Steps: 88064/100000 | Mean Return (10 eps): -33.22
Steps: 89088/100000 | Mean Return (10 eps): -28.05
Steps: 90112/100000 | Mean Return (10 eps): -33.64
Steps: 91136/100000 | Mean Return (10 eps): -43.49
Steps: 92160/100000 | Mean Return (10 eps): -35.44
Steps: 93184/100000 | Mean Return (10 eps): -32.10
Steps: 94208/100000 | Mean Return (10 eps): -33.70
Steps: 95232/100000 | Mean Return (10 eps): -35.60
Steps: 96256/100000 | Mean Return (10 eps): -30.37
Steps: 97280/100000 | Mean Return (10 eps): -41.17
Steps: 98304/100000 | Mean Return (10 eps): -39.20
Steps: 99328/100000 | Mean Return (10 eps): -36.63
Steps: 100352/100000 | Mean Return (10 eps): -36.24
MAPPO policy saved successfully to results/phase2_peer/checkpoint_mappo_california.pt
Training curve (752 episodes) saved to results/phase2_peer/train_curve_mappo_california.csv
